Archive member included to satisfy reference by file (symbol)

/Applications/ArmGNUToolchain/12.2.mpacbti-rel1/arm-none-eabi/bin/../lib/gcc/arm-none-eabi/12.2.1/../../../../arm-none-eabi/lib/thumb/v7e-m+fp/hard/libc_nano.a(libc_a-exit.o)
                              /Applications/ArmGNUToolchain/12.2.mpacbti-rel1/arm-none-eabi/bin/../lib/gcc/arm-none-eabi/12.2.1/../../../../arm-none-eabi/lib/thumb/v7e-m+fp/hard/crt0.o (exit)
/Applications/ArmGNUToolchain/12.2.mpacbti-rel1/arm-none-eabi/bin/../lib/gcc/arm-none-eabi/12.2.1/../../../../arm-none-eabi/lib/thumb/v7e-m+fp/hard/libc_nano.a(libc_a-nano-vfprintf_float.o)
                              (_printf_float)
/Applications/ArmGNUToolchain/12.2.mpacbti-rel1/arm-none-eabi/bin/../lib/gcc/arm-none-eabi/12.2.1/../../../../arm-none-eabi/lib/thumb/v7e-m+fp/hard/libc_nano.a(libc_a-nano-vfprintf_i.o)
                              /Applications/ArmGNUToolchain/12.2.mpacbti-rel1/arm-none-eabi/bin/../lib/gcc/arm-none-eabi/12.2.1/../../../../arm-none-eabi/lib/thumb/v7e-m+fp/hard/libc_nano.a(libc_a-nano-vfprintf_float.o) (_printf_common)
/Applications/ArmGNUToolchain/12.2.mpacbti-rel1/arm-none-eabi/bin/../lib/gcc/arm-none-eabi/12.2.1/../../../../arm-none-eabi/lib/thumb/v7e-m+fp/hard/libc_nano.a(libc_a-findfp.o)
                              /Applications/ArmGNUToolchain/12.2.mpacbti-rel1/arm-none-eabi/bin/../lib/gcc/arm-none-eabi/12.2.1/../../../../arm-none-eabi/lib/thumb/v7e-m+fp/hard/libc_nano.a(libc_a-exit.o) (__stdio_exit_handler)
/Applications/ArmGNUToolchain/12.2.mpacbti-rel1/arm-none-eabi/bin/../lib/gcc/arm-none-eabi/12.2.1/../../../../arm-none-eabi/lib/thumb/v7e-m+fp/hard/libc_nano.a(libc_a-fwalk.o)
                              /Applications/ArmGNUToolchain/12.2.mpacbti-rel1/arm-none-eabi/bin/../lib/gcc/arm-none-eabi/12.2.1/../../../../arm-none-eabi/lib/thumb/v7e-m+fp/hard/libc_nano.a(libc_a-findfp.o) (_fwalk_sglue)
/Applications/ArmGNUToolchain/12.2.mpacbti-rel1/arm-none-eabi/bin/../lib/gcc/arm-none-eabi/12.2.1/../../../../arm-none-eabi/lib/thumb/v7e-m+fp/hard/libc_nano.a(libc_a-printf.o)
                              build/inv_mpu.o (printf)
/Applications/ArmGNUToolchain/12.2.mpacbti-rel1/arm-none-eabi/bin/../lib/gcc/arm-none-eabi/12.2.1/../../../../arm-none-eabi/lib/thumb/v7e-m+fp/hard/libc_nano.a(libc_a-puts.o)
                              build/inv_mpu.o (puts)
/Applications/ArmGNUToolchain/12.2.mpacbti-rel1/arm-none-eabi/bin/../lib/gcc/arm-none-eabi/12.2.1/../../../../arm-none-eabi/lib/thumb/v7e-m+fp/hard/libc_nano.a(libc_a-memcmp.o)
                              build/inv_mpu.o (memcmp)
/Applications/ArmGNUToolchain/12.2.mpacbti-rel1/arm-none-eabi/bin/../lib/gcc/arm-none-eabi/12.2.1/../../../../arm-none-eabi/lib/thumb/v7e-m+fp/hard/libc_nano.a(libc_a-memmove.o)
                              build/start_manager.o (memmove)
/Applications/ArmGNUToolchain/12.2.mpacbti-rel1/arm-none-eabi/bin/../lib/gcc/arm-none-eabi/12.2.1/../../../../arm-none-eabi/lib/thumb/v7e-m+fp/hard/libc_nano.a(libc_a-memset.o)
                              /Applications/ArmGNUToolchain/12.2.mpacbti-rel1/arm-none-eabi/bin/../lib/gcc/arm-none-eabi/12.2.1/../../../../arm-none-eabi/lib/thumb/v7e-m+fp/hard/crt0.o (memset)
/Applications/ArmGNUToolchain/12.2.mpacbti-rel1/arm-none-eabi/bin/../lib/gcc/arm-none-eabi/12.2.1/../../../../arm-none-eabi/lib/thumb/v7e-m+fp/hard/libc_nano.a(libc_a-localeconv.o)
                              /Applications/ArmGNUToolchain/12.2.mpacbti-rel1/arm-none-eabi/bin/../lib/gcc/arm-none-eabi/12.2.1/../../../../arm-none-eabi/lib/thumb/v7e-m+fp/hard/libc_nano.a(libc_a-nano-vfprintf_float.o) (_localeconv_r)
/Applications/ArmGNUToolchain/12.2.mpacbti-rel1/arm-none-eabi/bin/../lib/gcc/arm-none-eabi/12.2.1/../../../../arm-none-eabi/lib/thumb/v7e-m+fp/hard/libc_nano.a(libc_a-impure.o)
                              /Applications/ArmGNUToolchain/12.2.mpacbti-rel1/arm-none-eabi/bin/../lib/gcc/arm-none-eabi/12.2.1/../../../../arm-none-eabi/lib/thumb/v7e-m+fp/hard/libc_nano.a(libc_a-printf.o) (_impure_ptr)
/Applications/ArmGNUToolchain/12.2.mpacbti-rel1/arm-none-eabi/bin/../lib/gcc/arm-none-eabi/12.2.1/../../../../arm-none-eabi/lib/thumb/v7e-m+fp/hard/libc_nano.a(libc_a-init.o)
                              /Applications/ArmGNUToolchain/12.2.mpacbti-rel1/arm-none-eabi/bin/../lib/gcc/arm-none-eabi/12.2.1/../../../../arm-none-eabi/lib/thumb/v7e-m+fp/hard/crt0.o (__libc_init_array)
/Applications/ArmGNUToolchain/12.2.mpacbti-rel1/arm-none-eabi/bin/../lib/gcc/arm-none-eabi/12.2.1/../../../../arm-none-eabi/lib/thumb/v7e-m+fp/hard/libc_nano.a(libc_a-lock.o)
                              /Applications/ArmGNUToolchain/12.2.mpacbti-rel1/arm-none-eabi/bin/../lib/gcc/arm-none-eabi/12.2.1/../../../../arm-none-eabi/lib/thumb/v7e-m+fp/hard/libc_nano.a(libc_a-findfp.o) (__retarget_lock_init_recursive)
/Applications/ArmGNUToolchain/12.2.mpacbti-rel1/arm-none-eabi/bin/../lib/gcc/arm-none-eabi/12.2.1/../../../../arm-none-eabi/lib/thumb/v7e-m+fp/hard/libc_nano.a(libc_a-memchr.o)
[...]
Memory Configuration

Name             Origin             Length             Attributes
RAM              0x20000000         0x00020000         xrw
FLASH            0x08000000         0x00080000         xr
*default*        0x00000000         0xffffffff

Linker script and memory map

LOAD /Applications/ArmGNUToolchain/12.2.mpacbti-rel1/arm-none-eabi/bin/../lib/gcc/arm-none-eabi/12.2.1/thumb/v7e-m+fp/hard/crti.o
LOAD /Applications/ArmGNUToolchain/12.2.mpacbti-rel1/arm-none-eabi/bin/../lib/gcc/arm-none-eabi/12.2.1/thumb/v7e-m+fp/hard/crtbegin.o
LOAD /Applications/ArmGNUToolchain/12.2.mpacbti-rel1/arm-none-eabi/bin/../lib/gcc/arm-none-eabi/12.2.1/../../../../arm-none-eabi/lib/thumb/v7e-m+fp/hard/crt0.o
LOAD build/main.o
LOAD build/gpio.o
LOAD build/usart.o
LOAD build/stm32g4xx_it.o
LOAD build/stm32g4xx_hal_msp.o
LOAD build/stm32g4xx_hal.o
LOAD build/stm32g4xx_hal_rcc.o
LOAD build/stm32g4xx_hal_rcc_ex.o
LOAD build/stm32g4xx_hal_flash.o
LOAD build/stm32g4xx_hal_flash_ex.o
LOAD build/stm32g4xx_hal_flash_ramfunc.o
LOAD build/stm32g4xx_hal_gpio.o
LOAD build/stm32g4xx_hal_exti.o
LOAD build/stm32g4xx_hal_dma.o
LOAD build/stm32g4xx_hal_dma_ex.o
LOAD build/stm32g4xx_hal_pwr.o
LOAD build/stm32g4xx_hal_pwr_ex.o
LOAD build/stm32g4xx_hal_cortex.o
LOAD build/stm32g4xx_hal_tim.o
LOAD build/stm32g4xx_hal_tim_ex.o
LOAD build/stm32g4xx_hal_uart.o
LOAD build/stm32g4xx_hal_uart_ex.o
LOAD build/system_stm32g4xx.o
LOAD build/tim.o
LOAD build/i2c.o
LOAD build/stm32g4xx_hal_i2c.o
LOAD build/stm32g4xx_hal_i2c_ex.o
LOAD build/Cmd_Serial.o
LOAD build/mpu.o
LOAD build/mpu9250.o
LOAD build/ws2812.o
LOAD build/oled.o
LOAD build/fonts.o
LOAD build/inv_mpu.o
LOAD build/inv_mpu_dmp_motion_driver.o
LOAD build/log_stm32.o
LOAD build/eMPL_outputs.o
LOAD build/data_builder.o
LOAD build/hal_outputs.o
LOAD build/message_layer.o
LOAD build/ml_math_func.o
LOAD build/mlmath.o
LOAD build/mpl.o
LOAD build/results_holder.o
LOAD build/start_manager.o
LOAD build/storage_manager.o
LOAD build/dma.o
LOAD build/app_freertos.o
LOAD build/croutine.o
LOAD build/event_groups.o
LOAD build/list.o
LOAD build/queue.o
LOAD build/stream_buffer.o
LOAD build/tasks.o
LOAD build/timers.o
LOAD build/cmsis_os2.o
LOAD build/heap_4.o
LOAD build/port.o
LOAD build/stm32g4xx_hal_timebase_tim.o
LOAD build/startup_stm32g474xx.o
LOAD /Applications/ArmGNUToolchain/12.2.mpacbti-rel1/arm-none-eabi/bin/../lib/gcc/arm-none-eabi/12.2.1/../../../../arm-none-eabi/lib/thumb/v7e-m+fp/hard/libc_nano.a
LOAD /Applications/ArmGNUToolchain/12.2.mpacbti-rel1/arm-none-eabi/bin/../lib/gcc/arm-none-eabi/12.2.1/../../../../arm-none-eabi/lib/thumb/v7e-m+fp/hard/libm.a
LOAD /Applications/ArmGNUToolchain/12.2.mpacbti-rel1/arm-none-eabi/bin/../lib/gcc/arm-none-eabi/12.2.1/../../../../arm-none-eabi/lib/thumb/v7e-m+fp/hard/libnosys.a
LOAD /Users/joknem/Desktop/workspace/zhaoyibei/g474_test/DMP/mpl/libmpllib.a
START GROUP
LOAD /Applications/ArmGNUToolchain/12.2.mpacbti-rel1/arm-none-eabi/bin/../lib/gcc/arm-none-eabi/12.2.1/thumb/v7e-m+fp/hard/libgcc.a
LOAD /Applications/ArmGNUToolchain/12.2.mpacbti-rel1/arm-none-eabi/bin/../lib/gcc/arm-none-eabi/12.2.1/../../../../arm-none-eabi/lib/thumb/v7e-m+fp/hard/libc_nano.a
END GROUP
START GROUP
LOAD /Applications/ArmGNUToolchain/12.2.mpacbti-rel1/arm-none-eabi/bin/../lib/gcc/arm-none-eabi/12.2.1/thumb/v7e-m+fp/hard/libgcc.a
LOAD /Applications/ArmGNUToolchain/12.2.mpacbti-rel1/arm-none-eabi/bin/../lib/gcc/arm-none-eabi/12.2.1/../../../../arm-none-eabi/lib/thumb/v7e-m+fp/hard/libc_nano.a
END GROUP
LOAD /Applications/ArmGNUToolchain/12.2.mpacbti-rel1/arm-none-eabi/bin/../lib/gcc/arm-none-eabi/12.2.1/thumb/v7e-m+fp/hard/crtend.o
LOAD /Applications/ArmGNUToolchain/12.2.mpacbti-rel1/arm-none-eabi/bin/../lib/gcc/arm-none-eabi/12.2.1/thumb/v7e-m+fp/hard/crtn.o
                0x20020000                        _estack = (ORIGIN (RAM) + LENGTH (RAM))
                0x00000200                        _Min_Heap_Size = 0x200
                0x00000400                        _Min_Stack_Size = 0x400

.isr_vector     0x08000000      0x1d8
                0x08000000                        . = ALIGN (0x4)
 *(.isr_vector)
 .isr_vector    0x08000000      0x1d8 build/startup_stm32g474xx.o
                0x08000000                g_pfnVectors
                0x080001d8                        . = ALIGN (0x4)

.text           0x080001e0    0x17478
                0x080001e0                        . = ALIGN (0x4)
 *(.text)
 .text          0x080001e0       0xa0 /Applications/ArmGNUToolchain/12.2.mpacbti-rel1/arm-none-eabi/bin/../lib/gcc/arm-none-eabi/12.2.1/../../../../arm-none-eabi/lib/thumb/v7e-m+fp/hard/libc_nano.a(libc_a-memchr.o)
                0x080001e0                memchr
 .text          0x08000280       0x10 /Applications/ArmGNUToolchain/12.2.mpacbti-rel1/arm-none-eabi/bin/../lib/gcc/arm-none-eabi/12.2.1/../../../../arm-none-eabi/lib/thumb/v7e-m+fp/hard/libc_nano.a(libc_a-strlen.o)
                0x08000280                strlen
 .text          0x08000290     0x20a4 /Users/joknem/Desktop/workspace/zhaoyibei/g474_test/DMP/mpl/libmpllib.a(compass_vec_cal.o)
                0x08000290                inv_vector_compass_cal_sensitivity
                0x080004f4                inv_cheap_rand
                0x08000522                inv_cheap_gaussian
                0x0800058e                inv_combine_compass_data
                0x080006e2                inv_set_terms
                0x080009aa                inv_compute_bias
                0x080010c0                inv_center_sum
                0x080016f0                inv_get_current_calibrated_compass
                0x0800174a                inv_add_compass_block_data
                0x080019f0                inv_check_sim
                0x08001b34                inv_reset_data_collection
                0x08001b68                inv_process_compass_only_cal
                0x080021f6                inv_generate_vector_compass_cal
                0x08002234                inv_start_vector_compass_cal
                0x08002240                inv_stop_vector_compass_cal
                0x08002246                inv_init_vector_compass_cal
                0x0800229c                inv_enable_vector_compass_cal
                0x080022b2                inv_disable_vector_compass_cal
 .text          0x08002334      0xc04 /Users/joknem/Desktop/workspace/zhaoyibei/g474_test/DMP/mpl/libmpllib.a(fast_no_motion.o)
                0x08002336                inv_init_maxmin
                0x0800239a                inv_fast_nomot_parameter
                0x08002514                inv_fast_nomot_parameter_3rd
                0x08002636                inv_fast_nomot_set_gyro_bias
                0x08002732                inv_set_fast_nomot_compass_threshold
                0x0800273c                int_set_fast_nomot_gyro_threshold
                0x08002746                inv_set_fast_nomot_accel_threshold
                0x08002750                inv_get_fast_nomot_compass_param
                0x08002768                inv_get_fast_nomot_accel_param
                0x08002780                inv_fast_nomot_store_data
                0x0800280e                inv_fast_nomot_store_data_compass
                0x0800286e                inv_fast_nomot_reset_data_compass
                0x08002896                inv_fast_nomot_get_time_elaps
                0x080028a2                inv_fast_nomot_parameter_compass
                0x080028da                inv_get_right_shift_by_rounding
                0x0800292c                inv_reset_min_max_gyro_accel_statistics
                0x0800298c                inv_record_max_moment_in_no_motion_gyro
                0x080029bc                inv_record_max_moment_in_no_motion_accel
                0x080029ec                inv_record_min_moment_in_motion_gyro
                0x08002a1c                inv_record_min_moment_in_motion_accel
                0x08002a4c                inv_detect_motion_by_gyro_accel
                0x08002af0                inv_sensor_data_preprocess
                0x08002b7c                inv_generate_fast_nomot
                0x08002da4                inv_set_default_number_of_samples
                0x08002dd4                inv_init_fast_nomot
                0x08002e26                inv_start_fast_nomot
                0x08002e5c                inv_stop_fast_nomot
                0x08002e6e                inv_enable_fast_nomot
                0x08002eae                inv_disable_fast_nomot
                0x08002ebe                inv_get_fnm_gyro_no_motion_param
                0x08002ee8                inv_fnm_debug_print
 .text          0x08002f38      0x6b0 /Users/joknem/Desktop/workspace/zhaoyibei/g474_test/DMP/mpl/libmpllib.a(fusion_9axis.o)
                0x08002ff6                inv_filter_correction_angle
                0x0800317a                inv_perform_9x_fusion
                0x080034a6                inv_process_9x_sensor_fusion_cb
                0x08003524                inv_init_9x_fusion
                0x0800355a                inv_9x_fusion_set_mag_fb
                0x08003564                inv_9x_fusion_enable_jitter_reduction
                0x0800356e                inv_9x_fusion_use_timestamps
                0x08003578                inv_start_9x_sensor_fusion
                0x08003584                inv_stop_9x_sensor_fusion
                0x0800358a                inv_enable_9x_sensor_fusion
                0x080035a6                inv_disable_9x_sensor_fusion
 .text          0x080035e8      0x528 /Users/joknem/Desktop/workspace/zhaoyibei/g474_test/DMP/mpl/libmpllib.a(gyro_tc.o)
                0x080039d2                inv_init_gyro_ts
                0x08003a00                inv_set_gtc_max_temp
                0x08003a0a                inv_set_gtc_min_temp
                0x08003a14                inv_set_gtc_min_diff
                0x08003a1e                inv_get_gyro_ts
                0x08003a3e                inv_set_gyro_ts
                0x08003a42                inv_set_gtc_order
                0x08003a54                inv_print_gtc_data
                0x08003a84                inv_start_gyro_tc
                0x08003a8e                inv_stop_gyro_tc
                0x08003a94                inv_enable_gyro_tc
                0x08003aca                inv_disable_gyro_tc
 .text          0x08003b10      0x60c /Users/joknem/Desktop/workspace/zhaoyibei/g474_test/DMP/mpl/libmpllib.a(mag_disturb.o)
                0x08003b14                inv_set_magnetic_disturbance
                0x08003b2a                inv_init_magnetic_disturbance
                0x08003b6a                inv_start_magnetic_disturbance
                0x08003b78                inv_stop_magnetic_disturbance
                0x08003b80                inv_enable_magnetic_disturbance
                0x08003ba6                inv_disable_magnetic_disturbance
                0x08003bb8                inv_disable_dip_tracking
                0x08003bc4                inv_enable_dip_tracking
                0x08003bd2                inv_track_dip_angle
                0x08003c60                ComputeAngleVelocity
                0x08003cc0                Mag3ofNormalizedLong
                0x08003d10                MagDisturbSetDisturbance
                0x08003d78                MagDisturbCheckSettling
                0x08003db4                inv_magnetic_disturbance_process
                0x08003dee                inv_check_magnetic_disturbance
                0x080040e0                inv_get_magnetic_disturbance_state
 .text          0x0800411c      0xa8c /Users/joknem/Desktop/workspace/zhaoyibei/g474_test/DMP/mpl/libmpllib.a(quaternion_supervisor.o)
                0x0800452a                inv_generate_gyro_quaternion
                0x0800480c                inv_set_quaternion
                0x08004838                inv_generate_accel_gyro_quaternion
                0x08004ac4                inv_stop_quaternion
                0x08004aca                inv_init_quaternion
                0x08004aea                inv_enable_quaternion
                0x08004b04                inv_start_quaternion
                0x08004b2a                inv_disable_quaternion
 .text          0x08004ba8      0xc64 /Users/joknem/Desktop/workspace/zhaoyibei/g474_test/DMP/mpl/libmpllib.a(accel_auto_cal.o)
                0x08004baa                inv_init_accel_maxmin
                0x08004bca                inv_record_good_accel_maxmin
                0x08004bfe                inv_get_current_calibrated_accel
                0x08004f9c                inv_sort_order_4_T
                0x0800502c                inv_init_check_sample_balance
                0x0800504e                inv_init_check_sample_balance_parameter
                0x0800506e                inv_add_accel_block_data
                0x08005108                inv_add_vector_block_data
                0x08005188                inv_check_sample_balance
                0x08005350                inv_auto_calibrate
                0x0800567e                inv_init_in_use_auto_calibration
                0x080056d4                inv_start_in_use_auto_calibration
                0x080056e0                inv_stop_in_use_auto_calibration
                0x080056e6                inv_enable_in_use_auto_calibration
                0x08005726                inv_disable_in_use_auto_calibration
                0x08005736                inv_get_accel_bias_stage
 .text          0x0800580c       0x1c /Applications/ArmGNUToolchain/12.2.mpacbti-rel1/arm-none-eabi/bin/../lib/gcc/arm-none-eabi/12.2.1/thumb/v7e-m+fp/hard/libgcc.a(_ashrdi3.o)
                0x0800580c                __ashrdi3
                0x0800580c                __aeabi_lasr
 .text          0x08005828       0x18 /Applications/ArmGNUToolchain/12.2.mpacbti-rel1/arm-none-eabi/bin/../lib/gcc/arm-none-eabi/12.2.1/thumb/v7e-m+fp/hard/libgcc.a(_ashldi3.o)
                0x08005828                __ashldi3
                0x08005828                __aeabi_llsl
 .text          0x08005840      0x378 /Applications/ArmGNUToolchain/12.2.mpacbti-rel1/arm-none-eabi/bin/../lib/gcc/arm-none-eabi/12.2.1/thumb/v7e-m+fp/hard/libgcc.a(_arm_addsubdf3.o)
                0x08005840                __aeabi_drsub
                0x08005848                __subdf3
                0x08005848                __aeabi_dsub
                0x0800584c                __aeabi_dadd
                0x0800584c                __adddf3
                0x08005ac4                __aeabi_ui2d
                0x08005ac4                __floatunsidf
                0x08005ae4                __floatsidf
                0x08005ae4                __aeabi_i2d
                0x08005b08                __extendsfdf2
                0x08005b08                __aeabi_f2d
                0x08005b4c                __aeabi_ul2d
                0x08005b4c                __floatundidf
                0x08005b5c                __aeabi_l2d
                0x08005b5c                __floatdidf
 .text          0x08005bb8      0x424 /Applications/ArmGNUToolchain/12.2.mpacbti-rel1/arm-none-eabi/bin/../lib/gcc/arm-none-eabi/12.2.1/thumb/v7e-m+fp/hard/libgcc.a(_arm_muldivdf3.o)
                0x08005bb8                __aeabi_dmul
                0x08005bb8                __muldf3
                0x08005e0c                __aeabi_ddiv
                0x08005e0c                __divdf3
 .text          0x08005fdc      0x110 /Applications/ArmGNUToolchain/12.2.mpacbti-rel1/arm-none-eabi/bin/../lib/gcc/arm-none-eabi/12.2.1/thumb/v7e-m+fp/hard/libgcc.a(_arm_cmpdf2.o)
                0x08005fdc                __gedf2
                0x08005fdc                __gtdf2
                0x08005fe4                __ledf2
                0x08005fe4                __ltdf2
                0x08005fec                __cmpdf2
                0x08005fec                __eqdf2
                0x08005fec                __nedf2
                0x08006068                __aeabi_cdrcmple
                0x08006078                __aeabi_cdcmple
                0x08006078                __aeabi_cdcmpeq
                0x08006088                __aeabi_dcmpeq
                0x0800609c                __aeabi_dcmplt
                0x080060b0                __aeabi_dcmple
                0x080060c4                __aeabi_dcmpge
                0x080060d8                __aeabi_dcmpgt
 .text          0x080060ec       0x2c /Applications/ArmGNUToolchain/12.2.mpacbti-rel1/arm-none-eabi/bin/../lib/gcc/arm-none-eabi/12.2.1/thumb/v7e-m+fp/hard/libgcc.a(_arm_unorddf2.o)
                0x080060ec                __aeabi_dcmpun
                0x080060ec                __unorddf2
 .text          0x08006118       0x50 /Applications/ArmGNUToolchain/12.2.mpacbti-rel1/arm-none-eabi/bin/../lib/gcc/arm-none-eabi/12.2.1/thumb/v7e-m+fp/hard/libgcc.a(_arm_fixdfsi.o)
                0x08006118                __fixdfsi
                0x08006118                __aeabi_d2iz
 .text          0x08006168       0xa0 /Applications/ArmGNUToolchain/12.2.mpacbti-rel1/arm-none-eabi/bin/../lib/gcc/arm-none-eabi/12.2.1/thumb/v7e-m+fp/hard/libgcc.a(_arm_truncdfsf2.o)
                0x08006168                __aeabi_d2f
                0x08006168                __truncdfsf2
 .text          0x08006208      0x21c /Applications/ArmGNUToolchain/12.2.mpacbti-rel1/arm-none-eabi/bin/../lib/gcc/arm-none-eabi/12.2.1/thumb/v7e-m+fp/hard/libgcc.a(_arm_addsubsf3.o)
                0x08006208                __aeabi_frsub
                0x08006210                __aeabi_fsub
                0x08006210                __subsf3
                0x08006214                __aeabi_fadd
                0x08006214                __addsf3
                0x08006374                __aeabi_ui2f
                0x08006374                __floatunsisf
                0x0800637c                __floatsisf
                0x0800637c                __aeabi_i2f
                0x08006398                __aeabi_ul2f
                0x08006398                __floatundisf
                0x080063a8                __aeabi_l2f
                0x080063a8                __floatdisf
 .text          0x08006424      0x2a0 /Applications/ArmGNUToolchain/12.2.mpacbti-rel1/arm-none-eabi/bin/../lib/gcc/arm-none-eabi/12.2.1/thumb/v7e-m+fp/hard/libgcc.a(_arm_muldivsf3.o)
                0x08006424                __mulsf3
                0x08006424                __aeabi_fmul
                0x0800658c                __divsf3
                0x0800658c                __aeabi_fdiv
 .text          0x080066c4       0xec /Applications/ArmGNUToolchain/12.2.mpacbti-rel1/arm-none-eabi/bin/../lib/gcc/arm-none-eabi/12.2.1/thumb/v7e-m+fp/hard/libgcc.a(_arm_cmpsf2.o)
                0x080066c4                __gesf2
                0x080066c4                __gtsf2
                0x080066cc                __ltsf2
                0x080066cc                __lesf2
                0x080066d4                __nesf2
                0x080066d4                __eqsf2
                0x080066d4                __cmpsf2
                0x08006734                __aeabi_cfrcmple
                0x0800673c                __aeabi_cfcmpeq
                0x0800673c                __aeabi_cfcmple
                0x0800674c                __aeabi_fcmpeq
                0x08006760                __aeabi_fcmplt
                0x08006774                __aeabi_fcmple
                0x08006788                __aeabi_fcmpge
                0x0800679c                __aeabi_fcmpgt
 .text          0x080067b0       0x4c /Applications/ArmGNUToolchain/12.2.mpacbti-rel1/arm-none-eabi/bin/../lib/gcc/arm-none-eabi/12.2.1/thumb/v7e-m+fp/hard/libgcc.a(_arm_fixsfsi.o)
                0x080067b0                __fixsfsi
                0x080067b0                __aeabi_f2iz
 .text          0x080067fc       0xa0 /Applications/ArmGNUToolchain/12.2.mpacbti-rel1/arm-none-eabi/bin/../lib/gcc/arm-none-eabi/12.2.1/thumb/v7e-m+fp/hard/libgcc.a(_aeabi_ldivmod.o)
                0x080067fc                __aeabi_ldivmod
 .text          0x0800689c       0x30 /Applications/ArmGNUToolchain/12.2.mpacbti-rel1/arm-none-eabi/bin/../lib/gcc/arm-none-eabi/12.2.1/thumb/v7e-m+fp/hard/libgcc.a(_aeabi_uldivmod.o)
                0x0800689c                __aeabi_uldivmod
 .text          0x080068cc        0x4 /Applications/ArmGNUToolchain/12.2.mpacbti-rel1/arm-none-eabi/bin/../lib/gcc/arm-none-eabi/12.2.1/thumb/v7e-m+fp/hard/libgcc.a(_dvmd_tls.o)
                0x080068cc                __aeabi_ldiv0
                0x080068cc                __aeabi_idiv0
 .text          0x080068d0       0x40 /Applications/ArmGNUToolchain/12.2.mpacbti-rel1/arm-none-eabi/bin/../lib/gcc/arm-none-eabi/12.2.1/thumb/v7e-m+fp/hard/libgcc.a(_arm_fixunsdfsi.o)
                0x080068d0                __fixunsdfsi
                0x080068d0                __aeabi_d2uiz
 .text          0x08006910       0x9a /Applications/ArmGNUToolchain/12.2.mpacbti-rel1/arm-none-eabi/bin/../lib/gcc/arm-none-eabi/12.2.1/../../../../arm-none-eabi/lib/thumb/v7e-m+fp/hard/libc_nano.a(libc_a-aeabi_memset-soft.o)
                0x08006910                __aeabi_memset
                0x08006910                __aeabi_memset8
                0x08006910                __aeabi_memset4
 *(.text*)
 *fill*         0x080069aa        0x2 
 .text.deregister_tm_clones
                0x080069ac       0x1c /Applications/ArmGNUToolchain/12.2.mpacbti-rel1/arm-none-eabi/bin/../lib/gcc/arm-none-eabi/12.2.1/thumb/v7e-m+fp/hard/crtbegin.o
 .text.register_tm_clones
                0x080069c8       0x24 /Applications/ArmGNUToolchain/12.2.mpacbti-rel1/arm-none-eabi/bin/../lib/gcc/arm-none-eabi/12.2.1/thumb/v7e-m+fp/hard/crtbegin.o
 .text.__do_global_dtors_aux
                0x080069ec       0x28 /Applications/ArmGNUToolchain/12.2.mpacbti-rel1/arm-none-eabi/bin/../lib/gcc/arm-none-eabi/12.2.1/thumb/v7e-m+fp/hard/crtbegin.o
 .text.frame_dummy
                0x08006a14       0x24 /Applications/ArmGNUToolchain/12.2.mpacbti-rel1/arm-none-eabi/bin/../lib/gcc/arm-none-eabi/12.2.1/thumb/v7e-m+fp/hard/crtbegin.o
 .text.HAL_TIM_PeriodElapsedCallback
                0x08006a38       0x12 build/main.o
                0x08006a38                HAL_TIM_PeriodElapsedCallback
 .text.Error_Handler
                0x08006a4a        0x4 build/main.o
                0x08006a4a                Error_Handler
 .text.SystemClock_Config
                0x08006a4e       0x72 build/main.o
                0x08006a4e                SystemClock_Config
 .text.main     0x08006ac0       0xf4 build/main.o
                0x08006ac0                main
 .text.MX_GPIO_Init
                0x08006bb4       0xd0 build/gpio.o
                0x08006bb4                MX_GPIO_Init
 .text.MX_USART1_UART_Init
                0x08006c84       0x6c build/usart.o
                0x08006c84                MX_USART1_UART_Init
 .text.HAL_UART_MspInit
                0x08006cf0       0x98 build/usart.o
                0x08006cf0                HAL_UART_MspInit
 .text.NMI_Handler
                0x08006d88        0x2 build/stm32g4xx_it.o
                0x08006d88                NMI_Handler
 .text.HardFault_Handler
                0x08006d8a        0x2 build/stm32g4xx_it.o
                0x08006d8a                HardFault_Handler
 .text.MemManage_Handler
                0x08006d8c        0x2 build/stm32g4xx_it.o
                0x08006d8c                MemManage_Handler
 .text.BusFault_Handler
                0x08006d8e        0x2 build/stm32g4xx_it.o
                0x08006d8e                BusFault_Handler
 .text.UsageFault_Handler
                0x08006d90        0x2 build/stm32g4xx_it.o
                0x08006d90                UsageFault_Handler
 .text.DebugMon_Handler
                0x08006d92        0x2 build/stm32g4xx_it.o
                0x08006d92                DebugMon_Handler
 .text.DMA1_Channel1_IRQHandler
                0x08006d94       0x10 build/stm32g4xx_it.o
                0x08006d94                DMA1_Channel1_IRQHandler
 .text.TIM1_TRG_COM_TIM17_IRQHandler
                0x08006da4       0x10 build/stm32g4xx_it.o
                0x08006da4                TIM1_TRG_COM_TIM17_IRQHandler
 .text.TIM2_IRQHandler
                0x08006db4       0x10 build/stm32g4xx_it.o
                0x08006db4                TIM2_IRQHandler
 .text.I2C2_ER_IRQHandler
                0x08006dc4       0x10 build/stm32g4xx_it.o
                0x08006dc4                I2C2_ER_IRQHandler
 .text.USART1_IRQHandler
                0x08006dd4       0x10 build/stm32g4xx_it.o
                0x08006dd4                USART1_IRQHandler
 .text.DMA2_Channel1_IRQHandler
                0x08006de4       0x10 build/stm32g4xx_it.o
                0x08006de4                DMA2_Channel1_IRQHandler
 .text.HAL_MspInit
                0x08006df4       0x44 build/stm32g4xx_hal_msp.o
                0x08006df4                HAL_MspInit
 .text.HAL_Init
                0x08006e38       0x1e build/stm32g4xx_hal.o
                0x08006e38                HAL_Init
 *fill*         0x08006e56        0x2 
 .text.HAL_IncTick
                0x08006e58       0x18 build/stm32g4xx_hal.o
                0x08006e58                HAL_IncTick
 .text.HAL_GetTick
                0x08006e70        0xc build/stm32g4xx_hal.o
                0x08006e70                HAL_GetTick
 .text.HAL_Delay
                0x08006e7c       0x28 build/stm32g4xx_hal.o
                0x08006e7c                HAL_Delay
 .text.RCC_GetSysClockFreqFromPLLSource
                0x08006ea4       0x58 build/stm32g4xx_hal_rcc.o
 .text.HAL_RCC_OscConfig
                0x08006efc      0x4e4 build/stm32g4xx_hal_rcc.o
                0x08006efc                HAL_RCC_OscConfig
 .text.HAL_RCC_GetSysClockFreq
                0x080073e0       0x88 build/stm32g4xx_hal_rcc.o
                0x080073e0                HAL_RCC_GetSysClockFreq
 .text.HAL_RCC_ClockConfig
                0x08007468      0x1f8 build/stm32g4xx_hal_rcc.o
                0x08007468                HAL_RCC_ClockConfig
 .text.HAL_RCC_GetHCLKFreq
                0x08007660        0xc build/stm32g4xx_hal_rcc.o
                0x08007660                HAL_RCC_GetHCLKFreq
 .text.HAL_RCC_GetPCLK1Freq
                0x0800766c       0x24 build/stm32g4xx_hal_rcc.o
                0x0800766c                HAL_RCC_GetPCLK1Freq
 .text.HAL_RCC_GetPCLK2Freq
                0x08007690       0x24 build/stm32g4xx_hal_rcc.o
                0x08007690                HAL_RCC_GetPCLK2Freq
 .text.HAL_RCC_GetClockConfig
                0x080076b4       0x3c build/stm32g4xx_hal_rcc.o
                0x080076b4                HAL_RCC_GetClockConfig
 .text.HAL_RCCEx_PeriphCLKConfig
                0x080076f0      0x378 build/stm32g4xx_hal_rcc_ex.o
                0x080076f0                HAL_RCCEx_PeriphCLKConfig
 .text.HAL_GPIO_Init
                0x08007a68      0x1d4 build/stm32g4xx_hal_gpio.o
                0x08007a68                HAL_GPIO_Init
 .text.HAL_GPIO_WritePin
                0x08007c3c        0xa build/stm32g4xx_hal_gpio.o
                0x08007c3c                HAL_GPIO_WritePin
 .text.HAL_GPIO_TogglePin
                0x08007c46       0x12 build/stm32g4xx_hal_gpio.o
                0x08007c46                HAL_GPIO_TogglePin
 .text.DMA_CalcDMAMUXChannelBaseAndMask
                0x08007c58       0x48 build/stm32g4xx_hal_dma.o
 .text.DMA_CalcDMAMUXRequestGenBaseAndMask
                0x08007ca0       0x28 build/stm32g4xx_hal_dma.o
 .text.HAL_DMA_Init
                0x08007cc8       0xd8 build/stm32g4xx_hal_dma.o
                0x08007cc8                HAL_DMA_Init
 .text.HAL_DMA_Abort
                0x08007da0       0x6c build/stm32g4xx_hal_dma.o
                0x08007da0                HAL_DMA_Abort
 .text.HAL_DMA_Abort_IT
                0x08007e0c       0x7e build/stm32g4xx_hal_dma.o
                0x08007e0c                HAL_DMA_Abort_IT
 .text.HAL_DMA_IRQHandler
                0x08007e8a       0xc4 build/stm32g4xx_hal_dma.o
                0x08007e8a                HAL_DMA_IRQHandler
 .text.HAL_DMA_GetState
                0x08007f4e        0x6 build/stm32g4xx_hal_dma.o
                0x08007f4e                HAL_DMA_GetState
 .text.HAL_PWREx_ControlVoltageScaling
                0x08007f54      0x10c build/stm32g4xx_hal_pwr_ex.o
                0x08007f54                HAL_PWREx_ControlVoltageScaling
 .text.HAL_PWREx_DisableUCPDDeadBattery
                0x08008060       0x10 build/stm32g4xx_hal_pwr_ex.o
                0x08008060                HAL_PWREx_DisableUCPDDeadBattery
 .text.__NVIC_EnableIRQ
                0x08008070       0x1c build/stm32g4xx_hal_cortex.o
 .text.__NVIC_SetPriority
                0x0800808c       0x28 build/stm32g4xx_hal_cortex.o
 .text.NVIC_EncodePriority
                0x080080b4       0x3e build/stm32g4xx_hal_cortex.o
 *fill*         0x080080f2        0x2 
 .text.HAL_NVIC_SetPriorityGrouping
                0x080080f4       0x24 build/stm32g4xx_hal_cortex.o
                0x080080f4                HAL_NVIC_SetPriorityGrouping
 .text.HAL_NVIC_SetPriority
                0x08008118       0x20 build/stm32g4xx_hal_cortex.o
                0x08008118                HAL_NVIC_SetPriority
 .text.HAL_NVIC_EnableIRQ
                0x08008138        0x8 build/stm32g4xx_hal_cortex.o
                0x08008138                HAL_NVIC_EnableIRQ
 .text.TIM_OC1_SetConfig
                0x08008140       0xac build/stm32g4xx_hal_tim.o
 .text.TIM_OC3_SetConfig
                0x080081ec       0x9c build/stm32g4xx_hal_tim.o
 .text.TIM_OC4_SetConfig
                0x08008288       0x9c build/stm32g4xx_hal_tim.o
 .text.TIM_OC5_SetConfig
                0x08008324       0x70 build/stm32g4xx_hal_tim.o
 .text.TIM_OC6_SetConfig
                0x08008394       0x74 build/stm32g4xx_hal_tim.o
 .text.TIM_TI1_ConfigInputStage
                0x08008408       0x26 build/stm32g4xx_hal_tim.o
 .text.TIM_TI2_ConfigInputStage
                0x0800842e       0x28 build/stm32g4xx_hal_tim.o
 .text.TIM_ITRx_SetConfig
                0x08008456       0x14 build/stm32g4xx_hal_tim.o
 *fill*         0x0800846a        0x2 
 .text.HAL_TIM_Base_Start_IT
                0x0800846c       0x94 build/stm32g4xx_hal_tim.o
                0x0800846c                HAL_TIM_Base_Start_IT
 .text.HAL_TIM_PWM_MspInit
                0x08008500        0x2 build/stm32g4xx_hal_tim.o
                0x08008500                HAL_TIM_PWM_MspInit
 .text.HAL_TIM_OC_DelayElapsedCallback
                0x08008502        0x2 build/stm32g4xx_hal_tim.o
                0x08008502                HAL_TIM_OC_DelayElapsedCallback
 .text.HAL_TIM_IC_CaptureCallback
                0x08008504        0x2 build/stm32g4xx_hal_tim.o
                0x08008504                HAL_TIM_IC_CaptureCallback
 .text.HAL_TIM_TriggerCallback
                0x08008506        0x2 build/stm32g4xx_hal_tim.o
                0x08008506                HAL_TIM_TriggerCallback
 .text.HAL_TIM_IRQHandler
                0x08008508      0x1ea build/stm32g4xx_hal_tim.o
                0x08008508                HAL_TIM_IRQHandler
 *fill*         0x080086f2        0x2 
 .text.TIM_Base_SetConfig
                0x080086f4       0xf0 build/stm32g4xx_hal_tim.o
                0x080086f4                TIM_Base_SetConfig
 .text.HAL_TIM_Base_Init
                0x080087e4       0x60 build/stm32g4xx_hal_tim.o
                0x080087e4                HAL_TIM_Base_Init
 .text.HAL_TIM_PWM_Init
                0x08008844       0x60 build/stm32g4xx_hal_tim.o
                0x08008844                HAL_TIM_PWM_Init
 .text.TIM_OC2_SetConfig
                0x080088a4       0x9c build/stm32g4xx_hal_tim.o
                0x080088a4                TIM_OC2_SetConfig
 .text.HAL_TIM_PWM_ConfigChannel
                0x08008940      0x13a build/stm32g4xx_hal_tim.o
                0x08008940                HAL_TIM_PWM_ConfigChannel
 .text.TIM_ETR_SetConfig
                0x08008a7a       0x1a build/stm32g4xx_hal_tim.o
                0x08008a7a                TIM_ETR_SetConfig
 .text.HAL_TIM_ConfigClockSource
                0x08008a94      0x154 build/stm32g4xx_hal_tim.o
                0x08008a94                HAL_TIM_ConfigClockSource
 .text.TIM_CCxChannelCmd
                0x08008be8       0x1e build/stm32g4xx_hal_tim.o
                0x08008be8                TIM_CCxChannelCmd
 *fill*         0x08008c06        0x2 
 .text.HAL_TIM_PWM_Stop_DMA
                0x08008c08      0x138 build/stm32g4xx_hal_tim.o
                0x08008c08                HAL_TIM_PWM_Stop_DMA
 .text.HAL_TIMEx_MasterConfigSynchronization
                0x08008d40       0xac build/stm32g4xx_hal_tim_ex.o
                0x08008d40                HAL_TIMEx_MasterConfigSynchronization
 .text.HAL_TIMEx_ConfigBreakDeadTime
                0x08008dec       0xa8 build/stm32g4xx_hal_tim_ex.o
                0x08008dec                HAL_TIMEx_ConfigBreakDeadTime
 .text.HAL_TIMEx_CommutCallback
                0x08008e94        0x2 build/stm32g4xx_hal_tim_ex.o
                0x08008e94                HAL_TIMEx_CommutCallback
 .text.HAL_TIMEx_BreakCallback
                0x08008e96        0x2 build/stm32g4xx_hal_tim_ex.o
                0x08008e96                HAL_TIMEx_BreakCallback
 .text.HAL_TIMEx_Break2Callback
                0x08008e98        0x2 build/stm32g4xx_hal_tim_ex.o
                0x08008e98                HAL_TIMEx_Break2Callback
 .text.HAL_TIMEx_EncoderIndexCallback
                0x08008e9a        0x2 build/stm32g4xx_hal_tim_ex.o
                0x08008e9a                HAL_TIMEx_EncoderIndexCallback
 .text.HAL_TIMEx_DirectionChangeCallback
                0x08008e9c        0x2 build/stm32g4xx_hal_tim_ex.o
                0x08008e9c                HAL_TIMEx_DirectionChangeCallback
 .text.HAL_TIMEx_IndexErrorCallback
                0x08008e9e        0x2 build/stm32g4xx_hal_tim_ex.o
                0x08008e9e                HAL_TIMEx_IndexErrorCallback
 .text.HAL_TIMEx_TransitionErrorCallback
                0x08008ea0        0x2 build/stm32g4xx_hal_tim_ex.o
                0x08008ea0                HAL_TIMEx_TransitionErrorCallback
 .text.HAL_UART_TxCpltCallback
                0x08008ea2        0x2 build/stm32g4xx_hal_uart.o
                0x08008ea2                HAL_UART_TxCpltCallback
 .text.HAL_UART_TxHalfCpltCallback
                0x08008ea4        0x2 build/stm32g4xx_hal_uart.o
                0x08008ea4                HAL_UART_TxHalfCpltCallback
 .text.HAL_UART_RxCpltCallback
                0x08008ea6        0x2 build/stm32g4xx_hal_uart.o
                0x08008ea6                HAL_UART_RxCpltCallback
 .text.HAL_UART_RxHalfCpltCallback
                0x08008ea8        0x2 build/stm32g4xx_hal_uart.o
                0x08008ea8                HAL_UART_RxHalfCpltCallback
 .text.HAL_UART_ErrorCallback
                0x08008eaa        0x2 build/stm32g4xx_hal_uart.o
                0x08008eaa                HAL_UART_ErrorCallback
 .text.HAL_UART_AbortCpltCallback
                0x08008eac        0x2 build/stm32g4xx_hal_uart.o
                0x08008eac                HAL_UART_AbortCpltCallback
 .text.HAL_UART_AbortTransmitCpltCallback
                0x08008eae        0x2 build/stm32g4xx_hal_uart.o
                0x08008eae                HAL_UART_AbortTransmitCpltCallback
 .text.HAL_UART_AbortReceiveCpltCallback
                0x08008eb0        0x2 build/stm32g4xx_hal_uart.o
                0x08008eb0                HAL_UART_AbortReceiveCpltCallback
 .text.HAL_UARTEx_RxEventCallback
                0x08008eb2        0x2 build/stm32g4xx_hal_uart.o
                0x08008eb2                HAL_UARTEx_RxEventCallback
 .text.UART_EndRxTransfer
                0x08008eb4       0x56 build/stm32g4xx_hal_uart.o
 .text.UART_DMAAbortOnError
                0x08008f0a       0x16 build/stm32g4xx_hal_uart.o
 .text.UART_EndTransmit_IT
                0x08008f20       0x26 build/stm32g4xx_hal_uart.o
 *fill*         0x08008f46        0x2 
 .text.UART_RxISR_8BIT
                0x08008f48       0xe0 build/stm32g4xx_hal_uart.o
 .text.UART_RxISR_16BIT
                0x08009028       0xdc build/stm32g4xx_hal_uart.o
 .text.UART_RxISR_8BIT_FIFOEN
                0x08009104      0x1cc build/stm32g4xx_hal_uart.o
 .text.UART_RxISR_16BIT_FIFOEN
                0x080092d0      0x1cc build/stm32g4xx_hal_uart.o
 .text.HAL_UART_RegisterCallback
                0x0800949c       0xee build/stm32g4xx_hal_uart.o
                0x0800949c                HAL_UART_RegisterCallback
 *fill*         0x0800958a        0x2 
 .text.HAL_UART_IRQHandler
                0x0800958c      0x354 build/stm32g4xx_hal_uart.o
                0x0800958c                HAL_UART_IRQHandler
 .text.UART_InitCallbacksToDefault
                0x080098e0       0x7c build/stm32g4xx_hal_uart.o
                0x080098e0                UART_InitCallbacksToDefault
 .text.UART_SetConfig
                0x0800995c      0x388 build/stm32g4xx_hal_uart.o
                0x0800995c                UART_SetConfig
 .text.UART_AdvFeatureConfig
                0x08009ce4       0xca build/stm32g4xx_hal_uart.o
                0x08009ce4                UART_AdvFeatureConfig
 .text.UART_WaitOnFlagUntilTimeout
                0x08009dae       0x9e build/stm32g4xx_hal_uart.o
                0x08009dae                UART_WaitOnFlagUntilTimeout
 .text.HAL_UART_Transmit
                0x08009e4c       0xd2 build/stm32g4xx_hal_uart.o
                0x08009e4c                HAL_UART_Transmit
 .text.UART_CheckIdleState
                0x08009f1e       0xca build/stm32g4xx_hal_uart.o
                0x08009f1e                UART_CheckIdleState
 .text.HAL_UART_Init
                0x08009fe8       0x84 build/stm32g4xx_hal_uart.o
                0x08009fe8                HAL_UART_Init
 .text.UART_Start_Receive_IT
                0x0800a06c      0x13c build/stm32g4xx_hal_uart.o
                0x0800a06c                UART_Start_Receive_IT
 .text.HAL_UART_Receive_IT
                0x0800a1a8       0x4c build/stm32g4xx_hal_uart.o
                0x0800a1a8                HAL_UART_Receive_IT
 .text.UARTEx_SetNbDataToProcess
                0x0800a1f4       0x4c build/stm32g4xx_hal_uart_ex.o
 .text.HAL_UARTEx_WakeupCallback
                0x0800a240        0x2 build/stm32g4xx_hal_uart_ex.o
                0x0800a240                HAL_UARTEx_WakeupCallback
 .text.HAL_UARTEx_RxFifoFullCallback
                0x0800a242        0x2 build/stm32g4xx_hal_uart_ex.o
                0x0800a242                HAL_UARTEx_RxFifoFullCallback
 .text.HAL_UARTEx_TxFifoEmptyCallback
                0x0800a244        0x2 build/stm32g4xx_hal_uart_ex.o
                0x0800a244                HAL_UARTEx_TxFifoEmptyCallback
 .text.HAL_UARTEx_DisableFifoMode
                0x0800a246       0x3e build/stm32g4xx_hal_uart_ex.o
                0x0800a246                HAL_UARTEx_DisableFifoMode
 .text.HAL_UARTEx_SetTxFifoThreshold
                0x0800a284       0x4a build/stm32g4xx_hal_uart_ex.o
                0x0800a284                HAL_UARTEx_SetTxFifoThreshold
 .text.HAL_UARTEx_SetRxFifoThreshold
                0x0800a2ce       0x4a build/stm32g4xx_hal_uart_ex.o
                0x0800a2ce                HAL_UARTEx_SetRxFifoThreshold
 .text.SystemInit
                0x0800a318       0x14 build/system_stm32g4xx.o
                0x0800a318                SystemInit
 .text.HAL_TIM_Base_MspInit
                0x0800a32c       0x80 build/tim.o
                0x0800a32c                HAL_TIM_Base_MspInit
 .text.HAL_TIM_MspPostInit
                0x0800a3ac       0x50 build/tim.o
                0x0800a3ac                HAL_TIM_MspPostInit
 .text.MX_TIM1_Init
                0x0800a3fc       0xf8 build/tim.o
                0x0800a3fc                MX_TIM1_Init
 .text.MX_I2C1_Init
                0x0800a4f4       0x58 build/i2c.o
                0x0800a4f4                MX_I2C1_Init
 .text.MX_I2C2_Init
                0x0800a54c       0x58 build/i2c.o
                0x0800a54c                MX_I2C2_Init
 .text.HAL_I2C_MspInit
                0x0800a5a4      0x168 build/i2c.o
                0x0800a5a4                HAL_I2C_MspInit
 .text.I2C_Flush_TXDR
                0x0800a70c       0x22 build/stm32g4xx_hal_i2c.o
 .text.I2C_TransferConfig
                0x0800a72e       0x3c build/stm32g4xx_hal_i2c.o
 .text.I2C_Disable_IRQ
                0x0800a76a       0x70 build/stm32g4xx_hal_i2c.o
 .text.I2C_IsErrorOccurred
                0x0800a7da      0x114 build/stm32g4xx_hal_i2c.o
 .text.I2C_WaitOnTXISFlagUntilTimeout
                0x0800a8ee       0x60 build/stm32g4xx_hal_i2c.o
 .text.I2C_WaitOnFlagUntilTimeout
                0x0800a94e       0x7c build/stm32g4xx_hal_i2c.o
 *fill*         0x0800a9ca        0x2 
 .text.I2C_RequestMemoryWrite
                0x0800a9cc       0x7c build/stm32g4xx_hal_i2c.o
 .text.I2C_RequestMemoryRead
                0x0800aa48       0x78 build/stm32g4xx_hal_i2c.o
 .text.I2C_WaitOnSTOPFlagUntilTimeout
                0x0800aac0       0x5e build/stm32g4xx_hal_i2c.o
 .text.HAL_I2C_Init
                0x0800ab1e       0xc8 build/stm32g4xx_hal_i2c.o
                0x0800ab1e                HAL_I2C_Init
 .text.HAL_I2C_Mem_Write
                0x0800abe6      0x1a8 build/stm32g4xx_hal_i2c.o
                0x0800abe6                HAL_I2C_Mem_Write
 *fill*         0x0800ad8e        0x2 
 .text.HAL_I2C_Mem_Read
                0x0800ad90      0x1b0 build/stm32g4xx_hal_i2c.o
                0x0800ad90                HAL_I2C_Mem_Read
 .text.HAL_I2C_SlaveTxCpltCallback
                0x0800af40        0x2 build/stm32g4xx_hal_i2c.o
                0x0800af40                HAL_I2C_SlaveTxCpltCallback
 .text.HAL_I2C_SlaveRxCpltCallback
                0x0800af42        0x2 build/stm32g4xx_hal_i2c.o
                0x0800af42                HAL_I2C_SlaveRxCpltCallback
 .text.I2C_ITSlaveSeqCplt
                0x0800af44       0x82 build/stm32g4xx_hal_i2c.o
 .text.HAL_I2C_AddrCallback
                0x0800afc6        0x2 build/stm32g4xx_hal_i2c.o
                0x0800afc6                HAL_I2C_AddrCallback
 .text.I2C_ITAddrCplt
                0x0800afc8       0xa0 build/stm32g4xx_hal_i2c.o
 .text.HAL_I2C_ListenCpltCallback
                0x0800b068        0x2 build/stm32g4xx_hal_i2c.o
                0x0800b068                HAL_I2C_ListenCpltCallback
 *fill*         0x0800b06a        0x2 
 .text.I2C_ITListenCplt
                0x0800b06c       0x68 build/stm32g4xx_hal_i2c.o
 .text.HAL_I2C_ErrorCallback
                0x0800b0d4        0x2 build/stm32g4xx_hal_i2c.o
                0x0800b0d4                HAL_I2C_ErrorCallback
 .text.HAL_I2C_AbortCpltCallback
                0x0800b0d6        0x2 build/stm32g4xx_hal_i2c.o
                0x0800b0d6                HAL_I2C_AbortCpltCallback
 .text.I2C_TreatErrorCallback
                0x0800b0d8       0x2e build/stm32g4xx_hal_i2c.o
 *fill*         0x0800b106        0x2 
 .text.I2C_ITError
                0x0800b108      0x130 build/stm32g4xx_hal_i2c.o
 .text.I2C_ITSlaveCplt
                0x0800b238      0x1f8 build/stm32g4xx_hal_i2c.o
 .text.I2C_Slave_ISR_IT
                0x0800b430      0x148 build/stm32g4xx_hal_i2c.o
 .text.HAL_I2C_ER_IRQHandler
                0x0800b578       0x6a build/stm32g4xx_hal_i2c.o
                0x0800b578                HAL_I2C_ER_IRQHandler
 .text.I2C_DMAAbort
                0x0800b5e2       0x1a build/stm32g4xx_hal_i2c.o
 .text.HAL_I2CEx_ConfigAnalogFilter
                0x0800b5fc       0x5c build/stm32g4xx_hal_i2c_ex.o
                0x0800b5fc                HAL_I2CEx_ConfigAnalogFilter
 .text.HAL_I2CEx_ConfigDigitalFilter
                0x0800b658       0x58 build/stm32g4xx_hal_i2c_ex.o
                0x0800b658                HAL_I2CEx_ConfigDigitalFilter
 .text.CmdProcessing
                0x0800b6b0       0x5c build/Cmd_Serial.o
                0x0800b6b0                CmdProcessing
 .text.Angle_Get
                0x0800b70c       0x48 build/mpu.o
                0x0800b70c                Angle_Get
 .text.MPU_Write_Len
                0x0800b754       0x28 build/mpu9250.o
                0x0800b754                MPU_Write_Len
 .text.MPU_Read_Len
                0x0800b77c       0x28 build/mpu9250.o
                0x0800b77c                MPU_Read_Len
 .text.HAL_TIM_PWM_PulseFinishedCallback
                0x0800b7a4       0x10 build/ws2812.o
                0x0800b7a4                HAL_TIM_PWM_PulseFinishedCallback
 .text.ssd1306_write
                0x0800b7b4       0x2c build/oled.o
 .text.ssd1306_Fill
                0x0800b7e0       0x18 build/oled.o
                0x0800b7e0                ssd1306_Fill
 .text.ssd1306_UpdateScreen
                0x0800b7f8       0x50 build/oled.o
                0x0800b7f8                ssd1306_UpdateScreen
 .text.ssd1306_init
                0x0800b848       0xf4 build/oled.o
                0x0800b848                ssd1306_init
 .text.ssd1306_DrawPixel
                0x0800b93c       0x5c build/oled.o
                0x0800b93c                ssd1306_DrawPixel
 .text.ssd1306_WriteChar
                0x0800b998       0xa4 build/oled.o
                0x0800b998                ssd1306_WriteChar
 .text.ssd1306_WriteString
                0x0800ba3c       0x36 build/oled.o
                0x0800ba3c                ssd1306_WriteString
 *fill*         0x0800ba72        0x2 
 .text.ssd1306_printf
                0x0800ba74       0x48 build/oled.o
                0x0800ba74                ssd1306_printf
 .text.ssd1306_SetCursor
                0x0800babc        0xc build/oled.o
                0x0800babc                ssd1306_SetCursor
 .text.set_int_enable
                0x0800bac8       0x98 build/inv_mpu.o
 .text.fputc    0x0800bb60       0x20 build/inv_mpu.o
                0x0800bb60                fputc
 .text.mpu_reset_fifo
                0x0800bb80      0x1f8 build/inv_mpu.o
                0x0800bb80                mpu_reset_fifo
 .text.mpu_get_gyro_fsr
                0x0800bd78       0x3c build/inv_mpu.o
                0x0800bd78                mpu_get_gyro_fsr
 .text.mpu_set_gyro_fsr
                0x0800bdb4       0x98 build/inv_mpu.o
                0x0800bdb4                mpu_set_gyro_fsr
 .text.mpu_get_accel_fsr
                0x0800be4c       0x44 build/inv_mpu.o
                0x0800be4c                mpu_get_accel_fsr
 .text.mpu_set_accel_fsr
                0x0800be90       0x94 build/inv_mpu.o
                0x0800be90                mpu_set_accel_fsr
 .text.mpu_set_lpf
                0x0800bf24       0x94 build/inv_mpu.o
                0x0800bf24                mpu_set_lpf
 .text.mpu_get_sample_rate
                0x0800bfb8       0x1c build/inv_mpu.o
                0x0800bfb8                mpu_get_sample_rate
 .text.mpu_set_compass_sample_rate
                0x0800bfd4       0x68 build/inv_mpu.o
                0x0800bfd4                mpu_set_compass_sample_rate
 .text.mpu_configure_fifo
                0x0800c03c       0x64 build/inv_mpu.o
                0x0800c03c                mpu_configure_fifo
 .text.mpu_read_fifo_stream
                0x0800c0a0       0xc0 build/inv_mpu.o
                0x0800c0a0                mpu_read_fifo_stream
 .text.mpu_set_bypass
                0x0800c160      0x168 build/inv_mpu.o
                0x0800c160                mpu_set_bypass
 .text.setup_compass
                0x0800c2c8      0x244 build/inv_mpu.o
 .text.mpu_set_int_latched
                0x0800c50c       0x74 build/inv_mpu.o
                0x0800c50c                mpu_set_int_latched
 .text.mpu_lp_accel_mode
                0x0800c580       0xe8 build/inv_mpu.o
                0x0800c580                mpu_lp_accel_mode
 .text.mpu_set_sample_rate
                0x0800c668       0xac build/inv_mpu.o
                0x0800c668                mpu_set_sample_rate
 .text.mpu_set_sensors
                0x0800c714      0x194 build/inv_mpu.o
                0x0800c714                mpu_set_sensors
 .text.mpu_init
                0x0800c8a8      0x11c build/inv_mpu.o
                0x0800c8a8                mpu_init
 .text.mpu_write_mem
                0x0800c9c4       0x74 build/inv_mpu.o
                0x0800c9c4                mpu_write_mem
 .text.mpu_read_mem
                0x0800ca38       0x74 build/inv_mpu.o
                0x0800ca38                mpu_read_mem
 .text.mpu_load_firmware
                0x0800caac       0xb4 build/inv_mpu.o
                0x0800caac                mpu_load_firmware
 .text.mpu_set_dmp_state
                0x0800cb60       0x94 build/inv_mpu.o
                0x0800cb60                mpu_set_dmp_state
 .text.mpu_get_compass_fsr
                0x0800cbf4       0x10 build/inv_mpu.o
                0x0800cbf4                mpu_get_compass_fsr
 .text.mget_ms  0x0800cc04        0x2 build/inv_mpu.o
                0x0800cc04                mget_ms
 *fill*         0x0800cc06        0x2 
 .text.mpu_dmp_init
                0x0800cc08      0x160 build/inv_mpu.o
                0x0800cc08                mpu_dmp_init
 .text.mpu_dmp_get_data
                0x0800cd68      0x18c build/inv_mpu.o
                0x0800cd68                mpu_dmp_get_data
 .text.decode_gesture
                0x0800cef4       0x3c build/inv_mpu_dmp_motion_driver.o
 .text.dmp_load_motion_driver_firmware
                0x0800cf30       0x18 build/inv_mpu_dmp_motion_driver.o
                0x0800cf30                dmp_load_motion_driver_firmware
 .text.dmp_set_orientation
                0x0800cf48      0x14c build/inv_mpu_dmp_motion_driver.o
                0x0800cf48                dmp_set_orientation
 .text.dmp_set_fifo_rate
                0x0800d094       0x68 build/inv_mpu_dmp_motion_driver.o
                0x0800d094                dmp_set_fifo_rate
 .text.dmp_set_tap_thresh
                0x0800d0fc      0x1d4 build/inv_mpu_dmp_motion_driver.o
                0x0800d0fc                dmp_set_tap_thresh
 .text.dmp_set_tap_axes
                0x0800d2d0       0x4e build/inv_mpu_dmp_motion_driver.o
                0x0800d2d0                dmp_set_tap_axes
 .text.dmp_set_tap_count
                0x0800d31e       0x2c build/inv_mpu_dmp_motion_driver.o
                0x0800d31e                dmp_set_tap_count
 *fill*         0x0800d34a        0x2 
 .text.dmp_set_tap_time
                0x0800d34c       0x30 build/inv_mpu_dmp_motion_driver.o
                0x0800d34c                dmp_set_tap_time
 .text.dmp_set_tap_time_multi
                0x0800d37c       0x30 build/inv_mpu_dmp_motion_driver.o
                0x0800d37c                dmp_set_tap_time_multi
 .text.dmp_set_shake_reject_thresh
                0x0800d3ac       0x44 build/inv_mpu_dmp_motion_driver.o
                0x0800d3ac                dmp_set_shake_reject_thresh
 .text.dmp_set_shake_reject_time
                0x0800d3f0       0x2c build/inv_mpu_dmp_motion_driver.o
                0x0800d3f0                dmp_set_shake_reject_time
 .text.dmp_set_shake_reject_timeout
                0x0800d41c       0x2c build/inv_mpu_dmp_motion_driver.o
                0x0800d41c                dmp_set_shake_reject_timeout
 .text.dmp_enable_gyro_cal
                0x0800d448       0x44 build/inv_mpu_dmp_motion_driver.o
                0x0800d448                dmp_enable_gyro_cal
 .text.dmp_enable_lp_quat
                0x0800d48c       0x3c build/inv_mpu_dmp_motion_driver.o
                0x0800d48c                dmp_enable_lp_quat
 .text.dmp_enable_6x_lp_quat
                0x0800d4c8       0x3c build/inv_mpu_dmp_motion_driver.o
                0x0800d4c8                dmp_enable_6x_lp_quat
 .text.dmp_enable_feature
                0x0800d504      0x218 build/inv_mpu_dmp_motion_driver.o
                0x0800d504                dmp_enable_feature
 .text.dmp_read_fifo
                0x0800d71c      0x1ec build/inv_mpu_dmp_motion_driver.o
                0x0800d71c                dmp_read_fifo
 .text._MLPrintLog
                0x0800d908       0xb6 build/log_stm32.o
                0x0800d908                _MLPrintLog
 *fill*         0x0800d9be        0x2 
 .text.inv_start_eMPL_outputs
                0x0800d9c0       0x14 build/eMPL_outputs.o
 .text.inv_generate_eMPL_outputs
                0x0800d9d4       0xbc build/eMPL_outputs.o
 .text.inv_init_eMPL_outputs
                0x0800da90       0x14 build/eMPL_outputs.o
 .text.inv_enable_eMPL_outputs
                0x0800daa4       0x18 build/eMPL_outputs.o
                0x0800daa4                inv_enable_eMPL_outputs
 .text.inv_db_save_func
                0x0800dabc       0x14 build/data_builder.o
 .text.inv_db_load_func
                0x0800dad0       0x38 build/data_builder.o
 .text.set_sensor_orientation_and_scale
                0x0800db08        0x6 build/data_builder.o
                0x0800db08                set_sensor_orientation_and_scale
 *fill*         0x0800db0e        0x2 
 .text.inv_set_gyro_orientation_and_scale
                0x0800db10       0x14 build/data_builder.o
                0x0800db10                inv_set_gyro_orientation_and_scale
 .text.inv_set_gyro_sample_rate
                0x0800db24       0x30 build/data_builder.o
                0x0800db24                inv_set_gyro_sample_rate
 .text.inv_set_accel_sample_rate
                0x0800db54       0x34 build/data_builder.o
                0x0800db54                inv_set_accel_sample_rate
 .text.inv_set_compass_sample_rate
                0x0800db88       0x38 build/data_builder.o
                0x0800db88                inv_set_compass_sample_rate
 .text.inv_get_compass_on
                0x0800dbc0       0x10 build/data_builder.o
                0x0800dbc0                inv_get_compass_on
 .text.inv_get_gyro_on
                0x0800dbd0       0x10 build/data_builder.o
                0x0800dbd0                inv_get_gyro_on
 .text.inv_get_accel_on
                0x0800dbe0       0x10 build/data_builder.o
                0x0800dbe0                inv_get_accel_on
 .text.inv_get_last_timestamp
                0x0800dbf0       0x5c build/data_builder.o
                0x0800dbf0                inv_get_last_timestamp
 .text.inv_set_accel_orientation_and_scale
                0x0800dc4c       0x14 build/data_builder.o
                0x0800dc4c                inv_set_accel_orientation_and_scale
 .text.inv_set_compass_orientation_and_scale
                0x0800dc60       0x14 build/data_builder.o
                0x0800dc60                inv_set_compass_orientation_and_scale
 .text.inv_apply_calibration
                0x0800dc74       0x6a build/data_builder.o
                0x0800dc74                inv_apply_calibration
 *fill*         0x0800dcde        0x2 
 .text.inv_get_compass_bias
                0x0800dce0       0x1c build/data_builder.o
                0x0800dce0                inv_get_compass_bias
 .text.inv_set_compass_bias
                0x0800dcfc       0x50 build/data_builder.o
                0x0800dcfc                inv_set_compass_bias
 .text.inv_set_compass_disturbance
                0x0800dd4c        0xc build/data_builder.o
                0x0800dd4c                inv_set_compass_disturbance
 .text.inv_set_accel_accuracy
                0x0800dd58       0x20 build/data_builder.o
                0x0800dd58                inv_set_accel_accuracy
 .text.inv_set_accel_bias_mask
                0x0800dd78       0x60 build/data_builder.o
                0x0800dd78                inv_set_accel_bias_mask
 .text.inv_set_gyro_bias
                0x0800ddd8       0x6c build/data_builder.o
                0x0800ddd8                inv_set_gyro_bias
 .text.inv_get_gyro_bias_tc_set
                0x0800de44       0x1c build/data_builder.o
                0x0800de44                inv_get_gyro_bias_tc_set
 .text.inv_get_gyro_bias
                0x0800de60       0x40 build/data_builder.o
                0x0800de60                inv_get_gyro_bias
 .text.inv_register_data_cb
                0x0800dea0       0xc4 build/data_builder.o
                0x0800dea0                inv_register_data_cb
 .text.inv_unregister_data_cb
                0x0800df64       0x60 build/data_builder.o
                0x0800df64                inv_unregister_data_cb
 .text.inv_get_accel_set
                0x0800dfc4       0x38 build/data_builder.o
                0x0800dfc4                inv_get_accel_set
 .text.inv_get_gyro
                0x0800dffc       0x18 build/data_builder.o
                0x0800dffc                inv_get_gyro
 .text.inv_get_gyro_accuracy
                0x0800e014        0xc build/data_builder.o
                0x0800e014                inv_get_gyro_accuracy
 .text.inv_get_mag_accuracy
                0x0800e020       0x1c build/data_builder.o
                0x0800e020                inv_get_mag_accuracy
 .text.inv_get_accel_accuracy
                0x0800e03c        0xc build/data_builder.o
                0x0800e03c                inv_get_accel_accuracy
 .text.inv_disable_compass_soft_iron_matrix
                0x0800e048       0x10 build/data_builder.o
                0x0800e048                inv_disable_compass_soft_iron_matrix
 .text.inv_reset_compass_soft_iron_matrix
                0x0800e058       0x5c build/data_builder.o
                0x0800e058                inv_reset_compass_soft_iron_matrix
 .text.inv_init_data_builder
                0x0800e0b4       0x40 build/data_builder.o
                0x0800e0b4                inv_init_data_builder
 .text.inv_get_sensor_type_gravity
                0x0800e0f4       0x68 build/hal_outputs.o
                0x0800e0f4                inv_get_sensor_type_gravity
 .text.inv_set_message
                0x0800e15c       0x18 build/message_layer.o
                0x0800e15c                inv_set_message
 .text.inv_row_2_scale
                0x0800e174       0x3a build/ml_math_func.o
 .text.inv_get_gyro_sum_of_sqr
                0x0800e1ae       0x1a build/ml_math_func.o
                0x0800e1ae                inv_get_gyro_sum_of_sqr
 .text.inv_q29_mult
                0x0800e1c8       0x1a build/ml_math_func.o
                0x0800e1c8                inv_q29_mult
 .text.inv_q30_mult
                0x0800e1e2       0x1a build/ml_math_func.o
                0x0800e1e2                inv_q30_mult
 .text.inv_q_mult
                0x0800e1fc       0xb2 build/ml_math_func.o
                0x0800e1fc                inv_q_mult
 .text.inv_q_add
                0x0800e2ae       0x28 build/ml_math_func.o
                0x0800e2ae                inv_q_add
 .text.inv_q_invert
                0x0800e2d6       0x18 build/ml_math_func.o
                0x0800e2d6                inv_q_invert
 *fill*         0x0800e2ee        0x2 
 .text.inv_compass_angle
                0x0800e2f0       0xc4 build/ml_math_func.o
                0x0800e2f0                inv_compass_angle
 .text.inv_q_rotate
                0x0800e3b4       0x44 build/ml_math_func.o
                0x0800e3b4                inv_q_rotate
 .text.inv_q_multf
                0x0800e3f8      0x102 build/ml_math_func.o
                0x0800e3f8                inv_q_multf
 .text.inv_q_addf
                0x0800e4fa       0x42 build/ml_math_func.o
                0x0800e4fa                inv_q_addf
 .text.inv_q_normalizef
                0x0800e53c       0xb8 build/ml_math_func.o
                0x0800e53c                inv_q_normalizef
 .text.inv_q_norm4
                0x0800e5f4       0x78 build/ml_math_func.o
                0x0800e5f4                inv_q_norm4
 .text.inv_q_invertf
                0x0800e66c       0x2a build/ml_math_func.o
                0x0800e66c                inv_q_invertf
 .text.inv_quaternion_to_rotation
                0x0800e696       0xda build/ml_math_func.o
                0x0800e696                inv_quaternion_to_rotation
 .text.inv_orientation_matrix_to_scalar
                0x0800e770       0x24 build/ml_math_func.o
                0x0800e770                inv_orientation_matrix_to_scalar
 .text.inv_convert_to_body_with_scale
                0x0800e794       0x72 build/ml_math_func.o
                0x0800e794                inv_convert_to_body_with_scale
 *fill*         0x0800e806        0x2 
 .text.inv_init_mpl
                0x0800e808       0x8c build/mpl.o
                0x0800e808                inv_init_mpl
 .text.inv_start_mpl
                0x0800e894       0x3c build/mpl.o
                0x0800e894                inv_start_mpl
 .text.inv_generate_results
                0x0800e8d0       0x10 build/results_holder.o
                0x0800e8d0                inv_generate_results
 .text.inv_start_results_holder
                0x0800e8e0       0x18 build/results_holder.o
                0x0800e8e0                inv_start_results_holder
 .text.inv_store_gaming_quaternion
                0x0800e8f8       0x2c build/results_holder.o
                0x0800e8f8                inv_store_gaming_quaternion
 .text.inv_set_compass_correction
                0x0800e924       0x2c build/results_holder.o
                0x0800e924                inv_set_compass_correction
 .text.inv_get_compass_correction
                0x0800e950       0x2c build/results_holder.o
                0x0800e950                inv_get_compass_correction
 .text.inv_get_large_mag_field
                0x0800e97c        0xc build/results_holder.o
                0x0800e97c                inv_get_large_mag_field
 .text.inv_get_acc_state
                0x0800e988        0xc build/results_holder.o
                0x0800e988                inv_get_acc_state
 .text.inv_get_motion_state
                0x0800e994       0x10 build/results_holder.o
                0x0800e994                inv_get_motion_state
 .text.inv_set_motion_state
                0x0800e9a4       0x40 build/results_holder.o
                0x0800e9a4                inv_set_motion_state
 .text.inv_get_local_field
                0x0800e9e4       0x18 build/results_holder.o
                0x0800e9e4                inv_get_local_field
 .text.inv_get_gravity
                0x0800e9fc       0x54 build/results_holder.o
                0x0800e9fc                inv_get_gravity
 .text.inv_get_6axis_quaternion
                0x0800ea50       0x24 build/results_holder.o
                0x0800ea50                inv_get_6axis_quaternion
 .text.inv_get_quaternion
                0x0800ea74       0x3c build/results_holder.o
                0x0800ea74                inv_get_quaternion
 .text.inv_get_quaternion_set
                0x0800eab0       0x40 build/results_holder.o
                0x0800eab0                inv_get_quaternion_set
 .text.inv_init_results_holder
                0x0800eaf0       0x30 build/results_holder.o
                0x0800eaf0                inv_init_results_holder
 .text.inv_enable_results_holder
                0x0800eb20       0x18 build/results_holder.o
                0x0800eb20                inv_enable_results_holder
 .text.inv_set_accel_bias_found
                0x0800eb38        0xc build/results_holder.o
                0x0800eb38                inv_set_accel_bias_found
 .text.inv_got_compass_bias
                0x0800eb44        0xc build/results_holder.o
                0x0800eb44                inv_got_compass_bias
 .text.inv_set_compass_bias_found
                0x0800eb50        0xc build/results_holder.o
                0x0800eb50                inv_set_compass_bias_found
 .text.inv_set_compass_state
                0x0800eb5c        0xc build/results_holder.o
                0x0800eb5c                inv_set_compass_state
 .text.inv_get_compass_state
                0x0800eb68        0xc build/results_holder.o
                0x0800eb68                inv_get_compass_state
 .text.inv_set_compass_bias_error
                0x0800eb74       0x14 build/results_holder.o
                0x0800eb74                inv_set_compass_bias_error
 .text.inv_get_linear_accel
                0x0800eb88       0x3e build/results_holder.o
                0x0800eb88                inv_get_linear_accel
 *fill*         0x0800ebc6        0x2 
 .text.inv_get_linear_accel_float
                0x0800ebc8       0x4c build/results_holder.o
                0x0800ebc8                inv_get_linear_accel_float
 .text.inv_init_start_manager
                0x0800ec14       0x14 build/start_manager.o
                0x0800ec14                inv_init_start_manager
 .text.inv_unregister_mpl_start_notification
                0x0800ec28       0x58 build/start_manager.o
                0x0800ec28                inv_unregister_mpl_start_notification
 .text.inv_register_mpl_start_notification
                0x0800ec80       0x20 build/start_manager.o
                0x0800ec80                inv_register_mpl_start_notification
 .text.inv_execute_mpl_start_notification
                0x0800eca0       0x30 build/start_manager.o
                0x0800eca0                inv_execute_mpl_start_notification
 .text.inv_init_storage_manager
                0x0800ecd0       0x1c build/storage_manager.o
                0x0800ecd0                inv_init_storage_manager
 .text.inv_register_load_store
                0x0800ecec       0x68 build/storage_manager.o
                0x0800ecec                inv_register_load_store
 .text.MX_DMA_Init
                0x0800ed54       0x68 build/dma.o
                0x0800ed54                MX_DMA_Init
 .text.StartDefaultTask
                0x0800edbc       0x16 build/app_freertos.o
                0x0800edbc                StartDefaultTask
 *fill*         0x0800edd2        0x2 
 .text.Get_Angle_Task
                0x0800edd4       0x18 build/app_freertos.o
                0x0800edd4                Get_Angle_Task
 .text.Oled_Display_Task
                0x0800edec       0x38 build/app_freertos.o
                0x0800edec                Oled_Display_Task
 .text.MX_FREERTOS_Init
                0x0800ee24       0x54 build/app_freertos.o
                0x0800ee24                MX_FREERTOS_Init
 .text.vListInitialise
                0x0800ee78       0x16 build/list.o
                0x0800ee78                vListInitialise
 .text.vListInitialiseItem
                0x0800ee8e        0x6 build/list.o
                0x0800ee8e                vListInitialiseItem
 .text.vListInsertEnd
                0x0800ee94       0x16 build/list.o
                0x0800ee94                vListInsertEnd
 .text.vListInsert
                0x0800eeaa       0x32 build/list.o
                0x0800eeaa                vListInsert
 .text.uxListRemove
                0x0800eedc       0x26 build/list.o
                0x0800eedc                uxListRemove
 .text.prvIsQueueFull
                0x0800ef02       0x1e build/queue.o
 .text.prvIsQueueEmpty
                0x0800ef20       0x1a build/queue.o
 .text.prvCopyDataToQueue
                0x0800ef3a       0x76 build/queue.o
 .text.prvCopyDataFromQueue
                0x0800efb0       0x24 build/queue.o
 .text.prvUnlockQueue
                0x0800efd4       0x6e build/queue.o
 .text.xQueueGenericReset
                0x0800f042       0x84 build/queue.o
                0x0800f042                xQueueGenericReset
 .text.prvInitialiseNewQueue
                0x0800f0c6       0x22 build/queue.o
 .text.xQueueGenericCreateStatic
                0x0800f0e8       0x94 build/queue.o
                0x0800f0e8                xQueueGenericCreateStatic
 .text.xQueueGenericSend
                0x0800f17c      0x188 build/queue.o
                0x0800f17c                xQueueGenericSend
 .text.xQueueGenericSendFromISR
                0x0800f304       0xce build/queue.o
                0x0800f304                xQueueGenericSendFromISR
 .text.xQueueReceive
                0x0800f3d2      0x15e build/queue.o
                0x0800f3d2                xQueueReceive
 .text.vQueueAddToRegistry
                0x0800f530       0x28 build/queue.o
                0x0800f530                vQueueAddToRegistry
 .text.vQueueWaitForMessageRestricted
                0x0800f558       0x52 build/queue.o
                0x0800f558                vQueueWaitForMessageRestricted
 *fill*         0x0800f5aa        0x2 
 .text.prvResetNextTaskUnblockTime
                0x0800f5ac       0x2c build/tasks.o
 .text.prvInitialiseNewTask
                0x0800f5d8       0xa2 build/tasks.o
 *fill*         0x0800f67a        0x2 
 .text.prvInitialiseTaskLists
                0x0800f67c       0x68 build/tasks.o
 .text.prvAddNewTaskToReadyList
                0x0800f6e4       0xac build/tasks.o
 .text.prvDeleteTCB
                0x0800f790       0x38 build/tasks.o
 .text.prvCheckTasksWaitingTermination
                0x0800f7c8       0x4c build/tasks.o
 .text.prvIdleTask
                0x0800f814       0x28 build/tasks.o
 .text.prvAddCurrentTaskToDelayedList
                0x0800f83c       0x7c build/tasks.o
 .text.xTaskCreateStatic
                0x0800f8b8       0x76 build/tasks.o
                0x0800f8b8                xTaskCreateStatic
 .text.xTaskCreate
                0x0800f92e       0x64 build/tasks.o
                0x0800f92e                xTaskCreate
 *fill*         0x0800f992        0x2 
 .text.vTaskStartScheduler
                0x0800f994       0x98 build/tasks.o
                0x0800f994                vTaskStartScheduler
 .text.vTaskSuspendAll
                0x0800fa2c       0x10 build/tasks.o
                0x0800fa2c                vTaskSuspendAll
 .text.xTaskGetTickCount
                0x0800fa3c        0xc build/tasks.o
                0x0800fa3c                xTaskGetTickCount
 .text.xTaskIncrementTick
                0x0800fa48      0x118 build/tasks.o
                0x0800fa48                xTaskIncrementTick
 .text.xTaskResumeAll
                0x0800fb60       0xf8 build/tasks.o
                0x0800fb60                xTaskResumeAll
 .text.vTaskDelay
                0x0800fc58       0x4c build/tasks.o
                0x0800fc58                vTaskDelay
 .text.vTaskSwitchContext
                0x0800fca4       0x98 build/tasks.o
                0x0800fca4                vTaskSwitchContext
 .text.vTaskPlaceOnEventList
                0x0800fd3c       0x30 build/tasks.o
                0x0800fd3c                vTaskPlaceOnEventList
 .text.vTaskPlaceOnEventListRestricted
                0x0800fd6c       0x38 build/tasks.o
                0x0800fd6c                vTaskPlaceOnEventListRestricted
 .text.xTaskRemoveFromEventList
                0x0800fda4       0x8c build/tasks.o
                0x0800fda4                xTaskRemoveFromEventList
 .text.vTaskInternalSetTimeOutState
                0x0800fe30       0x18 build/tasks.o
                0x0800fe30                vTaskInternalSetTimeOutState
 .text.xTaskCheckForTimeOut
                0x0800fe48       0x84 build/tasks.o
                0x0800fe48                xTaskCheckForTimeOut
 .text.vTaskMissedYield
                0x0800fecc        0xc build/tasks.o
                0x0800fecc                vTaskMissedYield
 .text.xTaskGetSchedulerState
                0x0800fed8       0x20 build/tasks.o
                0x0800fed8                xTaskGetSchedulerState
 .text.xTaskPriorityDisinherit
                0x0800fef8       0x90 build/tasks.o
                0x0800fef8                xTaskPriorityDisinherit
 .text.prvGetNextExpireTime
                0x0800ff88       0x20 build/timers.o
 .text.prvInsertTimerInActiveList
                0x0800ffa8       0x48 build/timers.o
 .text.prvCheckForValidListAndQueue
                0x0800fff0       0x70 build/timers.o
 .text.xTimerCreateTimerTask
                0x08010060       0x64 build/timers.o
                0x08010060                xTimerCreateTimerTask
 .text.xTimerGenericCommand
                0x080100c4       0x6c build/timers.o
                0x080100c4                xTimerGenericCommand
 .text.prvSwitchTimerLists
                0x08010130       0x7c build/timers.o
 .text.prvSampleTimeNow
                0x080101ac       0x2c build/timers.o
 .text.prvProcessExpiredTimer
                0x080101d8       0x6c build/timers.o
 .text.prvProcessTimerOrBlockTask
                0x08010244       0x74 build/timers.o
 .text.prvProcessReceivedCommands
                0x080102b8      0x10c build/timers.o
 .text.prvTimerTask
                0x080103c4       0x16 build/timers.o
 .text.SysTick_Handler
                0x080103da       0x18 build/cmsis_os2.o
                0x080103da                SysTick_Handler
 *fill*         0x080103f2        0x2 
 .text.osKernelInitialize
                0x080103f4       0x24 build/cmsis_os2.o
                0x080103f4                osKernelInitialize
 .text.osKernelStart
                0x08010418       0x38 build/cmsis_os2.o
                0x08010418                osKernelStart
 .text.osThreadNew
                0x08010450       0xbc build/cmsis_os2.o
                0x08010450                osThreadNew
 .text.osDelay  0x0801050c       0x1c build/cmsis_os2.o
                0x0801050c                osDelay
 .text.vApplicationGetIdleTaskMemory
                0x08010528       0x18 build/cmsis_os2.o
                0x08010528                vApplicationGetIdleTaskMemory
 .text.vApplicationGetTimerTaskMemory
                0x08010540       0x18 build/cmsis_os2.o
                0x08010540                vApplicationGetTimerTaskMemory
 .text.prvHeapInit
                0x08010558       0x64 build/heap_4.o
 .text.prvInsertBlockIntoFreeList
                0x080105bc       0x64 build/heap_4.o
 .text.pvPortMalloc
                0x08010620      0x104 build/heap_4.o
                0x08010620                pvPortMalloc
 .text.vPortFree
                0x08010724       0x7c build/heap_4.o
                0x08010724                vPortFree
 .text.prvTaskExitError
                0x080107a0       0x40 build/port.o
 .text.prvPortStartFirstTask
                0x080107e0       0x28 build/port.o
 .text.vPortEnableVFP
                0x08010808       0x14 build/port.o
 .text.pxPortInitialiseStack
                0x0801081c       0x2c build/port.o
                0x0801081c                pxPortInitialiseStack
 *fill*         0x08010848        0x8 
 .text.SVC_Handler
                0x08010850       0x24 build/port.o
                0x08010850                SVC_Handler
 .text.vPortEnterCritical
                0x08010874       0x44 build/port.o
                0x08010874                vPortEnterCritical
 .text.vPortExitCritical
                0x080108b8       0x2c build/port.o
                0x080108b8                vPortExitCritical
 *fill*         0x080108e4        0xc 
 .text.PendSV_Handler
                0x080108f0       0x64 build/port.o
                0x080108f0                PendSV_Handler
 .text.xPortSysTickHandler
                0x08010954       0x2c build/port.o
                0x08010954                xPortSysTickHandler
 .text.vPortSetupTimerInterrupt
                0x08010980       0x28 build/port.o
                0x08010980                vPortSetupTimerInterrupt
 .text.xPortStartScheduler
                0x080109a8      0x118 build/port.o
                0x080109a8                xPortStartScheduler
 .text.vPortValidateInterruptPriority
                0x08010ac0       0x5c build/port.o
                0x08010ac0                vPortValidateInterruptPriority
 .text.HAL_InitTick
                0x08010b1c       0x90 build/stm32g4xx_hal_timebase_tim.o
                0x08010b1c                HAL_InitTick
 .text.Reset_Handler
                0x08010bac       0x50 build/startup_stm32g474xx.o
                0x08010bac                Reset_Handler
 .text.Default_Handler
                0x08010bfc        0x2 build/startup_stm32g474xx.o
                0x08010bfc                TIM1_BRK_TIM15_IRQHandler
                0x08010bfc                EXTI2_IRQHandler
                0x08010bfc                TIM8_TRG_COM_IRQHandler
                0x08010bfc                TIM8_CC_IRQHandler
                0x08010bfc                HRTIM1_Master_IRQHandler
                0x08010bfc                SPI4_IRQHandler
                0x08010bfc                FDCAN3_IT0_IRQHandler
                0x08010bfc                TIM1_CC_IRQHandler
                0x08010bfc                HRTIM1_FLT_IRQHandler
                0x08010bfc                HRTIM1_TIMF_IRQHandler
                0x08010bfc                USB_HP_IRQHandler
                0x08010bfc                CORDIC_IRQHandler
                0x08010bfc                HRTIM1_TIMD_IRQHandler
                0x08010bfc                DMA2_Channel8_IRQHandler
                0x08010bfc                EXTI3_IRQHandler
                0x08010bfc                I2C3_ER_IRQHandler
                0x08010bfc                EXTI0_IRQHandler
                0x08010bfc                I2C2_EV_IRQHandler
                0x08010bfc                FPU_IRQHandler
                0x08010bfc                FDCAN1_IT1_IRQHandler
                0x08010bfc                TIM1_UP_TIM16_IRQHandler
                0x08010bfc                ADC1_2_IRQHandler
                0x08010bfc                HRTIM1_TIME_IRQHandler
                0x08010bfc                SPI1_IRQHandler
                0x08010bfc                TIM6_DAC_IRQHandler
                0x08010bfc                HRTIM1_TIMC_IRQHandler
                0x08010bfc                TIM8_UP_IRQHandler
                0x08010bfc                DMA2_Channel2_IRQHandler
                0x08010bfc                DMA1_Channel4_IRQHandler
                0x08010bfc                TIM20_TRG_COM_IRQHandler
                0x08010bfc                USART3_IRQHandler
                0x08010bfc                DMA1_Channel7_IRQHandler
                0x08010bfc                UART5_IRQHandler
                0x08010bfc                ADC3_IRQHandler
                0x08010bfc                TIM4_IRQHandler
                0x08010bfc                QUADSPI_IRQHandler
                0x08010bfc                I2C1_EV_IRQHandler
                0x08010bfc                DMA1_Channel6_IRQHandler
                0x08010bfc                UART4_IRQHandler
                0x08010bfc                DMA2_Channel4_IRQHandler
                0x08010bfc                TIM3_IRQHandler
                0x08010bfc                RCC_IRQHandler
                0x08010bfc                TIM20_UP_IRQHandler
                0x08010bfc                Default_Handler
                0x08010bfc                DMA2_Channel7_IRQHandler
                0x08010bfc                RTC_TAMP_LSECSS_IRQHandler
                0x08010bfc                FMAC_IRQHandler
                0x08010bfc                EXTI15_10_IRQHandler
                0x08010bfc                DMA1_Channel8_IRQHandler
                0x08010bfc                HRTIM1_TIMA_IRQHandler
                0x08010bfc                TIM7_DAC_IRQHandler
                0x08010bfc                FDCAN3_IT1_IRQHandler
                0x08010bfc                TIM5_IRQHandler
                0x08010bfc                UCPD1_IRQHandler
                0x08010bfc                I2C3_EV_IRQHandler
                0x08010bfc                EXTI9_5_IRQHandler
                0x08010bfc                RTC_WKUP_IRQHandler
                0x08010bfc                PVD_PVM_IRQHandler
                0x08010bfc                SPI2_IRQHandler
                0x08010bfc                ADC5_IRQHandler
                0x08010bfc                DMA2_Channel5_IRQHandler
                0x08010bfc                CRS_IRQHandler
                0x08010bfc                DMA1_Channel5_IRQHandler
                0x08010bfc                USB_LP_IRQHandler
                0x08010bfc                EXTI4_IRQHandler
                0x08010bfc                RNG_IRQHandler
                0x08010bfc                HRTIM1_TIMB_IRQHandler
                0x08010bfc                FDCAN2_IT1_IRQHandler
                0x08010bfc                DMA1_Channel3_IRQHandler
                0x08010bfc                ADC4_IRQHandler
                0x08010bfc                WWDG_IRQHandler
                0x08010bfc                I2C4_EV_IRQHandler
                0x08010bfc                FDCAN2_IT0_IRQHandler
                0x08010bfc                LPUART1_IRQHandler
                0x08010bfc                DMA2_Channel6_IRQHandler
                0x08010bfc                FDCAN1_IT0_IRQHandler
                0x08010bfc                COMP7_IRQHandler
                0x08010bfc                COMP1_2_3_IRQHandler
                0x08010bfc                EXTI1_IRQHandler
                0x08010bfc                USART2_IRQHandler
                0x08010bfc                COMP4_5_6_IRQHandler
                0x08010bfc                TIM20_BRK_IRQHandler
                0x08010bfc                DMA1_Channel2_IRQHandler
                0x08010bfc                TIM8_BRK_IRQHandler
                0x08010bfc                FLASH_IRQHandler
                0x08010bfc                TIM20_CC_IRQHandler
                0x08010bfc                SPI3_IRQHandler
                0x08010bfc                I2C1_ER_IRQHandler
                0x08010bfc                FMC_IRQHandler
                0x08010bfc                LPTIM1_IRQHandler
                0x08010bfc                DMAMUX_OVR_IRQHandler
                0x08010bfc                I2C4_ER_IRQHandler
                0x08010bfc                USBWakeUp_IRQHandler
                0x08010bfc                SAI1_IRQHandler
                0x08010bfc                DMA2_Channel3_IRQHandler
                0x08010bfc                RTC_Alarm_IRQHandler
 .text.__cvt    0x08010bfe       0xd2 /Applications/ArmGNUToolchain/12.2.mpacbti-rel1/arm-none-eabi/bin/../lib/gcc/arm-none-eabi/12.2.1/../../../../arm-none-eabi/lib/thumb/v7e-m+fp/hard/libc_nano.a(libc_a-nano-vfprintf_float.o)
                0x08010bfe                __cvt
 .text.__exponent
                0x08010cd0       0x74 /Applications/ArmGNUToolchain/12.2.mpacbti-rel1/arm-none-eabi/bin/../lib/gcc/arm-none-eabi/12.2.1/../../../../arm-none-eabi/lib/thumb/v7e-m+fp/hard/libc_nano.a(libc_a-nano-vfprintf_float.o)
                0x08010cd0                __exponent
 .text._printf_float
                0x08010d44      0x464 /Applications/ArmGNUToolchain/12.2.mpacbti-rel1/arm-none-eabi/bin/../lib/gcc/arm-none-eabi/12.2.1/../../../../arm-none-eabi/lib/thumb/v7e-m+fp/hard/libc_nano.a(libc_a-nano-vfprintf_float.o)
                0x08010d44                _printf_float
 .text._printf_common
                0x080111a8       0xda /Applications/ArmGNUToolchain/12.2.mpacbti-rel1/arm-none-eabi/bin/../lib/gcc/arm-none-eabi/12.2.1/../../../../arm-none-eabi/lib/thumb/v7e-m+fp/hard/libc_nano.a(libc_a-nano-vfprintf_i.o)
                0x080111a8                _printf_common
 *fill*         0x08011282        0x2 
 .text._printf_i
                0x08011284      0x258 /Applications/ArmGNUToolchain/12.2.mpacbti-rel1/arm-none-eabi/bin/../lib/gcc/arm-none-eabi/12.2.1/../../../../arm-none-eabi/lib/thumb/v7e-m+fp/hard/libc_nano.a(libc_a-nano-vfprintf_i.o)
                0x08011284                _printf_i
 .text.std      0x080114dc       0x6c /Applications/ArmGNUToolchain/12.2.mpacbti-rel1/arm-none-eabi/bin/../lib/gcc/arm-none-eabi/12.2.1/../../../../arm-none-eabi/lib/thumb/v7e-m+fp/hard/libc_nano.a(libc_a-findfp.o)
 .text.stdio_exit_handler
                0x08011548       0x18 /Applications/ArmGNUToolchain/12.2.mpacbti-rel1/arm-none-eabi/bin/../lib/gcc/arm-none-eabi/12.2.1/../../../../arm-none-eabi/lib/thumb/v7e-m+fp/hard/libc_nano.a(libc_a-findfp.o)
 .text.cleanup_stdio
                0x08011560       0x40 /Applications/ArmGNUToolchain/12.2.mpacbti-rel1/arm-none-eabi/bin/../lib/gcc/arm-none-eabi/12.2.1/../../../../arm-none-eabi/lib/thumb/v7e-m+fp/hard/libc_nano.a(libc_a-findfp.o)
 .text.global_stdio_init.part.0
                0x080115a0       0x3c /Applications/ArmGNUToolchain/12.2.mpacbti-rel1/arm-none-eabi/bin/../lib/gcc/arm-none-eabi/12.2.1/../../../../arm-none-eabi/lib/thumb/v7e-m+fp/hard/libc_nano.a(libc_a-findfp.o)
 .text.__sfp_lock_acquire
                0x080115dc        0xc /Applications/ArmGNUToolchain/12.2.mpacbti-rel1/arm-none-eabi/bin/../lib/gcc/arm-none-eabi/12.2.1/../../../../arm-none-eabi/lib/thumb/v7e-m+fp/hard/libc_nano.a(libc_a-findfp.o)
                0x080115dc                __sfp_lock_acquire
 .text.__sfp_lock_release
                0x080115e8        0xc /Applications/ArmGNUToolchain/12.2.mpacbti-rel1/arm-none-eabi/bin/../lib/gcc/arm-none-eabi/12.2.1/../../../../arm-none-eabi/lib/thumb/v7e-m+fp/hard/libc_nano.a(libc_a-findfp.o)
                0x080115e8                __sfp_lock_release
 .text.__sinit  0x080115f4       0x30 /Applications/ArmGNUToolchain/12.2.mpacbti-rel1/arm-none-eabi/bin/../lib/gcc/arm-none-eabi/12.2.1/../../../../arm-none-eabi/lib/thumb/v7e-m+fp/hard/libc_nano.a(libc_a-findfp.o)
                0x080115f4                __sinit
 .text._fwalk_sglue
                0x08011624       0x3c /Applications/ArmGNUToolchain/12.2.mpacbti-rel1/arm-none-eabi/bin/../lib/gcc/arm-none-eabi/12.2.1/../../../../arm-none-eabi/lib/thumb/v7e-m+fp/hard/libc_nano.a(libc_a-fwalk.o)
                0x08011624                _fwalk_sglue
 .text._puts_r  0x08011660       0xaa /Applications/ArmGNUToolchain/12.2.mpacbti-rel1/arm-none-eabi/bin/../lib/gcc/arm-none-eabi/12.2.1/../../../../arm-none-eabi/lib/thumb/v7e-m+fp/hard/libc_nano.a(libc_a-puts.o)
                0x08011660                _puts_r
 *fill*         0x0801170a        0x2 
 .text.puts     0x0801170c       0x10 /Applications/ArmGNUToolchain/12.2.mpacbti-rel1/arm-none-eabi/bin/../lib/gcc/arm-none-eabi/12.2.1/../../../../arm-none-eabi/lib/thumb/v7e-m+fp/hard/libc_nano.a(libc_a-puts.o)
                0x0801170c                puts
 .text.memcmp   0x0801171c       0x20 /Applications/ArmGNUToolchain/12.2.mpacbti-rel1/arm-none-eabi/bin/../lib/gcc/arm-none-eabi/12.2.1/../../../../arm-none-eabi/lib/thumb/v7e-m+fp/hard/libc_nano.a(libc_a-memcmp.o)
                0x0801171c                memcmp
 .text.memmove  0x0801173c       0x34 /Applications/ArmGNUToolchain/12.2.mpacbti-rel1/arm-none-eabi/bin/../lib/gcc/arm-none-eabi/12.2.1/../../../../arm-none-eabi/lib/thumb/v7e-m+fp/hard/libc_nano.a(libc_a-memmove.o)
                0x0801173c                memmove
 .text.memset   0x08011770       0x10 /Applications/ArmGNUToolchain/12.2.mpacbti-rel1/arm-none-eabi/bin/../lib/gcc/arm-none-eabi/12.2.1/../../../../arm-none-eabi/lib/thumb/v7e-m+fp/hard/libc_nano.a(libc_a-memset.o)
                0x08011770                memset
 .text._localeconv_r
                0x08011780        0x8 /Applications/ArmGNUToolchain/12.2.mpacbti-rel1/arm-none-eabi/bin/../lib/gcc/arm-none-eabi/12.2.1/../../../../arm-none-eabi/lib/thumb/v7e-m+fp/hard/libc_nano.a(libc_a-localeconv.o)
                0x08011780                _localeconv_r
 .text.__libc_init_array
                0x08011788       0x48 /Applications/ArmGNUToolchain/12.2.mpacbti-rel1/arm-none-eabi/bin/../lib/gcc/arm-none-eabi/12.2.1/../../../../arm-none-eabi/lib/thumb/v7e-m+fp/hard/libc_nano.a(libc_a-init.o)
                0x08011788                __libc_init_array
 .text.__retarget_lock_init_recursive
                0x080117d0        0x2 /Applications/ArmGNUToolchain/12.2.mpacbti-rel1/arm-none-eabi/bin/../lib/gcc/arm-none-eabi/12.2.1/../../../../arm-none-eabi/lib/thumb/v7e-m+fp/hard/libc_nano.a(libc_a-lock.o)
                0x080117d0                __retarget_lock_init_recursive
 .text.__retarget_lock_acquire_recursive
                0x080117d2        0x2 /Applications/ArmGNUToolchain/12.2.mpacbti-rel1/arm-none-eabi/bin/../lib/gcc/arm-none-eabi/12.2.1/../../../../arm-none-eabi/lib/thumb/v7e-m+fp/hard/libc_nano.a(libc_a-lock.o)
                0x080117d2                __retarget_lock_acquire_recursive
 .text.__retarget_lock_release_recursive
                0x080117d4        0x2 /Applications/ArmGNUToolchain/12.2.mpacbti-rel1/arm-none-eabi/bin/../lib/gcc/arm-none-eabi/12.2.1/../../../../arm-none-eabi/lib/thumb/v7e-m+fp/hard/libc_nano.a(libc_a-lock.o)
                0x080117d4                __retarget_lock_release_recursive
 .text.memcpy   0x080117d6       0x1c /Applications/ArmGNUToolchain/12.2.mpacbti-rel1/arm-none-eabi/bin/../lib/gcc/arm-none-eabi/12.2.1/../../../../arm-none-eabi/lib/thumb/v7e-m+fp/hard/libc_nano.a(libc_a-memcpy-stub.o)
                0x080117d6                memcpy
 .text.__memcpy_chk
                0x080117f2       0x26 /Applications/ArmGNUToolchain/12.2.mpacbti-rel1/arm-none-eabi/bin/../lib/gcc/arm-none-eabi/12.2.1/../../../../arm-none-eabi/lib/thumb/v7e-m+fp/hard/libc_nano.a(libc_a-memcpy_chk.o)
                0x080117f2                __memcpy_chk
 .text.__vsprintf_chk
                0x08011818       0x2a /Applications/ArmGNUToolchain/12.2.mpacbti-rel1/arm-none-eabi/bin/../lib/gcc/arm-none-eabi/12.2.1/../../../../arm-none-eabi/lib/thumb/v7e-m+fp/hard/libc_nano.a(libc_a-vsprintf_chk.o)
                0x08011818                __vsprintf_chk
 .text.quorem   0x08011842      0x110 /Applications/ArmGNUToolchain/12.2.mpacbti-rel1/arm-none-eabi/bin/../lib/gcc/arm-none-eabi/12.2.1/../../../../arm-none-eabi/lib/thumb/v7e-m+fp/hard/libc_nano.a(libc_a-dtoa.o)
 *fill*         0x08011952        0x6 
 .text._dtoa_r  0x08011958      0xc58 /Applications/ArmGNUToolchain/12.2.mpacbti-rel1/arm-none-eabi/bin/../lib/gcc/arm-none-eabi/12.2.1/../../../../arm-none-eabi/lib/thumb/v7e-m+fp/hard/libc_nano.a(libc_a-dtoa.o)
                0x08011958                _dtoa_r
 .text.__sfputc_r
                0x080125b0       0x2e /Applications/ArmGNUToolchain/12.2.mpacbti-rel1/arm-none-eabi/bin/../lib/gcc/arm-none-eabi/12.2.1/../../../../arm-none-eabi/lib/thumb/v7e-m+fp/hard/libc_nano.a(libc_a-nano-vfprintf.o)
 .text.__sfputs_r
                0x080125de       0x24 /Applications/ArmGNUToolchain/12.2.mpacbti-rel1/arm-none-eabi/bin/../lib/gcc/arm-none-eabi/12.2.1/../../../../arm-none-eabi/lib/thumb/v7e-m+fp/hard/libc_nano.a(libc_a-nano-vfprintf.o)
                0x080125de                __sfputs_r
 *fill*         0x08012602        0x2 
 .text._vfprintf_r
                0x08012604      0x230 /Applications/ArmGNUToolchain/12.2.mpacbti-rel1/arm-none-eabi/bin/../lib/gcc/arm-none-eabi/12.2.1/../../../../arm-none-eabi/lib/thumb/v7e-m+fp/hard/libc_nano.a(libc_a-nano-vfprintf.o)
                0x08012604                _vfiprintf_r
                0x08012604                _vfprintf_r
 .text.malloc   0x08012834       0x10 /Applications/ArmGNUToolchain/12.2.mpacbti-rel1/arm-none-eabi/bin/../lib/gcc/arm-none-eabi/12.2.1/../../../../arm-none-eabi/lib/thumb/v7e-m+fp/hard/libc_nano.a(libc_a-malloc.o)
                0x08012834                malloc
 .text.sbrk_aligned
                0x08012844       0x44 /Applications/ArmGNUToolchain/12.2.mpacbti-rel1/arm-none-eabi/bin/../lib/gcc/arm-none-eabi/12.2.1/../../../../arm-none-eabi/lib/thumb/v7e-m+fp/hard/libc_nano.a(libc_a-mallocr.o)
 .text._malloc_r
                0x08012888      0x100 /Applications/ArmGNUToolchain/12.2.mpacbti-rel1/arm-none-eabi/bin/../lib/gcc/arm-none-eabi/12.2.1/../../../../arm-none-eabi/lib/thumb/v7e-m+fp/hard/libc_nano.a(libc_a-mallocr.o)
                0x08012888                _malloc_r
 .text.__sflush_r
                0x08012988      0x108 /Applications/ArmGNUToolchain/12.2.mpacbti-rel1/arm-none-eabi/bin/../lib/gcc/arm-none-eabi/12.2.1/../../../../arm-none-eabi/lib/thumb/v7e-m+fp/hard/libc_nano.a(libc_a-fflush.o)
                0x08012988                __sflush_r
 .text._fflush_r
                0x08012a90       0x50 /Applications/ArmGNUToolchain/12.2.mpacbti-rel1/arm-none-eabi/bin/../lib/gcc/arm-none-eabi/12.2.1/../../../../arm-none-eabi/lib/thumb/v7e-m+fp/hard/libc_nano.a(libc_a-fflush.o)
                0x08012a90                _fflush_r
 .text.__malloc_lock
                0x08012ae0        0xc /Applications/ArmGNUToolchain/12.2.mpacbti-rel1/arm-none-eabi/bin/../lib/gcc/arm-none-eabi/12.2.1/../../../../arm-none-eabi/lib/thumb/v7e-m+fp/hard/libc_nano.a(libc_a-mlock.o)
                0x08012ae0                __malloc_lock
 .text.__malloc_unlock
                0x08012aec        0xc /Applications/ArmGNUToolchain/12.2.mpacbti-rel1/arm-none-eabi/bin/../lib/gcc/arm-none-eabi/12.2.1/../../../../arm-none-eabi/lib/thumb/v7e-m+fp/hard/libc_nano.a(libc_a-mlock.o)
                0x08012aec                __malloc_unlock
 .text._Balloc  0x08012af8       0x80 /Applications/ArmGNUToolchain/12.2.mpacbti-rel1/arm-none-eabi/bin/../lib/gcc/arm-none-eabi/12.2.1/../../../../arm-none-eabi/lib/thumb/v7e-m+fp/hard/libc_nano.a(libc_a-mprec.o)
                0x08012af8                _Balloc
 .text._Bfree   0x08012b78       0x44 /Applications/ArmGNUToolchain/12.2.mpacbti-rel1/arm-none-eabi/bin/../lib/gcc/arm-none-eabi/12.2.1/../../../../arm-none-eabi/lib/thumb/v7e-m+fp/hard/libc_nano.a(libc_a-mprec.o)
                0x08012b78                _Bfree
 .text.__multadd
                0x08012bbc       0x8c /Applications/ArmGNUToolchain/12.2.mpacbti-rel1/arm-none-eabi/bin/../lib/gcc/arm-none-eabi/12.2.1/../../../../arm-none-eabi/lib/thumb/v7e-m+fp/hard/libc_nano.a(libc_a-mprec.o)
                0x08012bbc                __multadd
 .text.__hi0bits
                0x08012c48       0x44 /Applications/ArmGNUToolchain/12.2.mpacbti-rel1/arm-none-eabi/bin/../lib/gcc/arm-none-eabi/12.2.1/../../../../arm-none-eabi/lib/thumb/v7e-m+fp/hard/libc_nano.a(libc_a-mprec.o)
                0x08012c48                __hi0bits
 .text.__lo0bits
                0x08012c8c       0x5a /Applications/ArmGNUToolchain/12.2.mpacbti-rel1/arm-none-eabi/bin/../lib/gcc/arm-none-eabi/12.2.1/../../../../arm-none-eabi/lib/thumb/v7e-m+fp/hard/libc_nano.a(libc_a-mprec.o)
                0x08012c8c                __lo0bits
 *fill*         0x08012ce6        0x2 
 .text.__i2b    0x08012ce8       0x2c /Applications/ArmGNUToolchain/12.2.mpacbti-rel1/arm-none-eabi/bin/../lib/gcc/arm-none-eabi/12.2.1/../../../../arm-none-eabi/lib/thumb/v7e-m+fp/hard/libc_nano.a(libc_a-mprec.o)
                0x08012ce8                __i2b
 .text.__multiply
                0x08012d14      0x154 /Applications/ArmGNUToolchain/12.2.mpacbti-rel1/arm-none-eabi/bin/../lib/gcc/arm-none-eabi/12.2.1/../../../../arm-none-eabi/lib/thumb/v7e-m+fp/hard/libc_nano.a(libc_a-mprec.o)
                0x08012d14                __multiply
 .text.__pow5mult
                0x08012e68       0xb4 /Applications/ArmGNUToolchain/12.2.mpacbti-rel1/arm-none-eabi/bin/../lib/gcc/arm-none-eabi/12.2.1/../../../../arm-none-eabi/lib/thumb/v7e-m+fp/hard/libc_nano.a(libc_a-mprec.o)
                0x08012e68                __pow5mult
 .text.__lshift