Archive member included to satisfy reference by file (symbol)

/Applications/ArmGNUToolchain/12.2.mpacbti-rel1/arm-none-eabi/bin/../lib/gcc/arm-none-eabi/12.2.1/../../../../arm-none-eabi/lib/thumb/v7e-m+fp/hard/libc_nano.a(libc_a-exit.o)
                              /Applications/ArmGNUToolchain/12.2.mpacbti-rel1/arm-none-eabi/bin/../lib/gcc/arm-none-eabi/12.2.1/../../../../arm-none-eabi/lib/thumb/v7e-m+fp/hard/crt0.o (exit)
/Applications/ArmGNUToolchain/12.2.mpacbti-rel1/arm-none-eabi/bin/../lib/gcc/arm-none-eabi/12.2.1/../../../../arm-none-eabi/lib/thumb/v7e-m+fp/hard/libc_nano.a(libc_a-nano-vfprintf_float.o)
                              (_printf_float)
/Applications/ArmGNUToolchain/12.2.mpacbti-rel1/arm-none-eabi/bin/../lib/gcc/arm-none-eabi/12.2.1/../../../../arm-none-eabi/lib/thumb/v7e-m+fp/hard/libc_nano.a(libc_a-nano-vfprintf_i.o)
                              /Applications/ArmGNUToolchain/12.2.mpacbti-rel1/arm-none-eabi/bin/../lib/gcc/arm-none-eabi/12.2.1/../../../../arm-none-eabi/lib/thumb/v7e-m+fp/hard/libc_nano.a(libc_a-nano-vfprintf_float.o) (_printf_common)
/Applications/ArmGNUToolchain/12.2.mpacbti-rel1/arm-none-eabi/bin/../lib/gcc/arm-none-eabi/12.2.1/../../../../arm-none-eabi/lib/thumb/v7e-m+fp/hard/libc_nano.a(libc_a-findfp.o)
                              /Applications/ArmGNUToolchain/12.2.mpacbti-rel1/arm-none-eabi/bin/../lib/gcc/arm-none-eabi/12.2.1/../../../../arm-none-eabi/lib/thumb/v7e-m+fp/hard/libc_nano.a(libc_a-exit.o) (__stdio_exit_handler)
/Applications/ArmGNUToolchain/12.2.mpacbti-rel1/arm-none-eabi/bin/../lib/gcc/arm-none-eabi/12.2.1/../../../../arm-none-eabi/lib/thumb/v7e-m+fp/hard/libc_nano.a(libc_a-fwalk.o)
                              /Applications/ArmGNUToolchain/12.2.mpacbti-rel1/arm-none-eabi/bin/../lib/gcc/arm-none-eabi/12.2.1/../../../../arm-none-eabi/lib/thumb/v7e-m+fp/hard/libc_nano.a(libc_a-findfp.o) (_fwalk_sglue)
/Applications/ArmGNUToolchain/12.2.mpacbti-rel1/arm-none-eabi/bin/../lib/gcc/arm-none-eabi/12.2.1/../../../../arm-none-eabi/lib/thumb/v7e-m+fp/hard/libc_nano.a(libc_a-printf.o)
                              build/inv_mpu.o (printf)
/Applications/ArmGNUToolchain/12.2.mpacbti-rel1/arm-none-eabi/bin/../lib/gcc/arm-none-eabi/12.2.1/../../../../arm-none-eabi/lib/thumb/v7e-m+fp/hard/libc_nano.a(libc_a-puts.o)
                              build/inv_mpu.o (puts)
/Applications/ArmGNUToolchain/12.2.mpacbti-rel1/arm-none-eabi/bin/../lib/gcc/arm-none-eabi/12.2.1/../../../../arm-none-eabi/lib/thumb/v7e-m+fp/hard/libc_nano.a(libc_a-memcmp.o)
                              build/inv_mpu.o (memcmp)
/Applications/ArmGNUToolchain/12.2.mpacbti-rel1/arm-none-eabi/bin/../lib/gcc/arm-none-eabi/12.2.1/../../../../arm-none-eabi/lib/thumb/v7e-m+fp/hard/libc_nano.a(libc_a-memmove.o)
                              build/start_manager.o (memmove)
/Applications/ArmGNUToolchain/12.2.mpacbti-rel1/arm-none-eabi/bin/../lib/gcc/arm-none-eabi/12.2.1/../../../../arm-none-eabi/lib/thumb/v7e-m+fp/hard/libc_nano.a(libc_a-memset.o)
                              /Applications/ArmGNUToolchain/12.2.mpacbti-rel1/arm-none-eabi/bin/../lib/gcc/arm-none-eabi/12.2.1/../../../../arm-none-eabi/lib/thumb/v7e-m+fp/hard/crt0.o (memset)
/Applications/ArmGNUToolchain/12.2.mpacbti-rel1/arm-none-eabi/bin/../lib/gcc/arm-none-eabi/12.2.1/../../../../arm-none-eabi/lib/thumb/v7e-m+fp/hard/libc_nano.a(libc_a-localeconv.o)
                              /Applications/ArmGNUToolchain/12.2.mpacbti-rel1/arm-none-eabi/bin/../lib/gcc/arm-none-eabi/12.2.1/../../../../arm-none-eabi/lib/thumb/v7e-m+fp/hard/libc_nano.a(libc_a-nano-vfprintf_float.o) (_localeconv_r)
/Applications/ArmGNUToolchain/12.2.mpacbti-rel1/arm-none-eabi/bin/../lib/gcc/arm-none-eabi/12.2.1/../../../../arm-none-eabi/lib/thumb/v7e-m+fp/hard/libc_nano.a(libc_a-impure.o)
                              /Applications/ArmGNUToolchain/12.2.mpacbti-rel1/arm-none-eabi/bin/../lib/gcc/arm-none-eabi/12.2.1/../../../../arm-none-eabi/lib/thumb/v7e-m+fp/hard/libc_nano.a(libc_a-printf.o) (_impure_ptr)
/Applications/ArmGNUToolchain/12.2.mpacbti-rel1/arm-none-eabi/bin/../lib/gcc/arm-none-eabi/12.2.1/../../../../arm-none-eabi/lib/thumb/v7e-m+fp/hard/libc_nano.a(libc_a-init.o)
                              /Applications/ArmGNUToolchain/12.2.mpacbti-rel1/arm-none-eabi/bin/../lib/gcc/arm-none-eabi/12.2.1/../../../../arm-none-eabi/lib/thumb/v7e-m+fp/hard/crt0.o (__libc_init_array)
/Applications/ArmGNUToolchain/12.2.mpacbti-rel1/arm-none-eabi/bin/../lib/gcc/arm-none-eabi/12.2.1/../../../../arm-none-eabi/lib/thumb/v7e-m+fp/hard/libc_nano.a(libc_a-lock.o)
                              /Applications/ArmGNUToolchain/12.2.mpacbti-rel1/arm-none-eabi/bin/../lib/gcc/arm-none-eabi/12.2.1/../../../../arm-none-eabi/lib/thumb/v7e-m+fp/hard/libc_nano.a(libc_a-findfp.o) (__retarget_lock_init_recursive)
/Applications/ArmGNUToolchain/12.2.mpacbti-rel1/arm-none-eabi/bin/../lib/gcc/arm-none-eabi/12.2.1/../../../../arm-none-eabi/lib/thumb/v7e-m+fp/hard/libc_nano.a(libc_a-memchr.o)
[...]
Memory Configuration

Name             Origin             Length             Attributes
RAM              0x20000000         0x00020000         xrw
FLASH            0x08000000         0x00080000         xr
*default*        0x00000000         0xffffffff

Linker script and memory map

LOAD /Applications/ArmGNUToolchain/12.2.mpacbti-rel1/arm-none-eabi/bin/../lib/gcc/arm-none-eabi/12.2.1/thumb/v7e-m+fp/hard/crti.o
LOAD /Applications/ArmGNUToolchain/12.2.mpacbti-rel1/arm-none-eabi/bin/../lib/gcc/arm-none-eabi/12.2.1/thumb/v7e-m+fp/hard/crtbegin.o
LOAD /Applications/ArmGNUToolchain/12.2.mpacbti-rel1/arm-none-eabi/bin/../lib/gcc/arm-none-eabi/12.2.1/../../../../arm-none-eabi/lib/thumb/v7e-m+fp/hard/crt0.o
LOAD build/main.o
LOAD build/gpio.o
LOAD build/usart.o
LOAD build/stm32g4xx_it.o
LOAD build/stm32g4xx_hal_msp.o
LOAD build/stm32g4xx_hal.o
LOAD build/stm32g4xx_hal_rcc.o
LOAD build/stm32g4xx_hal_rcc_ex.o
LOAD build/stm32g4xx_hal_flash.o
LOAD build/stm32g4xx_hal_flash_ex.o
LOAD build/stm32g4xx_hal_flash_ramfunc.o
LOAD build/stm32g4xx_hal_gpio.o
LOAD build/stm32g4xx_hal_exti.o
LOAD build/stm32g4xx_hal_dma.o
LOAD build/stm32g4xx_hal_dma_ex.o
LOAD build/stm32g4xx_hal_pwr.o
LOAD build/stm32g4xx_hal_pwr_ex.o
LOAD build/stm32g4xx_hal_cortex.o
LOAD build/stm32g4xx_hal_tim.o
LOAD build/stm32g4xx_hal_tim_ex.o
LOAD build/stm32g4xx_hal_uart.o
LOAD build/stm32g4xx_hal_uart_ex.o
LOAD build/system_stm32g4xx.o
LOAD build/tim.o
LOAD build/i2c.o
LOAD build/stm32g4xx_hal_i2c.o
LOAD build/stm32g4xx_hal_i2c_ex.o
LOAD build/Cmd_Serial.o
LOAD build/mpu.o
LOAD build/mpu9250.o
LOAD build/ws2812.o
LOAD build/inv_mpu.o
LOAD build/inv_mpu_dmp_motion_driver.o
LOAD build/log_stm32.o
LOAD build/eMPL_outputs.o
LOAD build/data_builder.o
LOAD build/hal_outputs.o
LOAD build/message_layer.o
LOAD build/ml_math_func.o
LOAD build/mlmath.o
LOAD build/mpl.o
LOAD build/results_holder.o
LOAD build/start_manager.o
LOAD build/storage_manager.o
LOAD build/dma.o
LOAD build/startup_stm32g474xx.o
LOAD /Applications/ArmGNUToolchain/12.2.mpacbti-rel1/arm-none-eabi/bin/../lib/gcc/arm-none-eabi/12.2.1/../../../../arm-none-eabi/lib/thumb/v7e-m+fp/hard/libc_nano.a
LOAD /Applications/ArmGNUToolchain/12.2.mpacbti-rel1/arm-none-eabi/bin/../lib/gcc/arm-none-eabi/12.2.1/../../../../arm-none-eabi/lib/thumb/v7e-m+fp/hard/libm.a
LOAD /Applications/ArmGNUToolchain/12.2.mpacbti-rel1/arm-none-eabi/bin/../lib/gcc/arm-none-eabi/12.2.1/../../../../arm-none-eabi/lib/thumb/v7e-m+fp/hard/libnosys.a
LOAD /Users/joknem/Desktop/workspace/zhaoyibei/g474_test/DMP/mpl/libmpllib.a
START GROUP
LOAD /Applications/ArmGNUToolchain/12.2.mpacbti-rel1/arm-none-eabi/bin/../lib/gcc/arm-none-eabi/12.2.1/thumb/v7e-m+fp/hard/libgcc.a
LOAD /Applications/ArmGNUToolchain/12.2.mpacbti-rel1/arm-none-eabi/bin/../lib/gcc/arm-none-eabi/12.2.1/../../../../arm-none-eabi/lib/thumb/v7e-m+fp/hard/libc_nano.a
END GROUP
START GROUP
LOAD /Applications/ArmGNUToolchain/12.2.mpacbti-rel1/arm-none-eabi/bin/../lib/gcc/arm-none-eabi/12.2.1/thumb/v7e-m+fp/hard/libgcc.a
LOAD /Applications/ArmGNUToolchain/12.2.mpacbti-rel1/arm-none-eabi/bin/../lib/gcc/arm-none-eabi/12.2.1/../../../../arm-none-eabi/lib/thumb/v7e-m+fp/hard/libc_nano.a
END GROUP
LOAD /Applications/ArmGNUToolchain/12.2.mpacbti-rel1/arm-none-eabi/bin/../lib/gcc/arm-none-eabi/12.2.1/thumb/v7e-m+fp/hard/crtend.o
LOAD /Applications/ArmGNUToolchain/12.2.mpacbti-rel1/arm-none-eabi/bin/../lib/gcc/arm-none-eabi/12.2.1/thumb/v7e-m+fp/hard/crtn.o
                0x20020000                        _estack = (ORIGIN (RAM) + LENGTH (RAM))
                0x00000200                        _Min_Heap_Size = 0x200
                0x00000400                        _Min_Stack_Size = 0x400

.isr_vector     0x08000000      0x1d8
                0x08000000                        . = ALIGN (0x4)
 *(.isr_vector)
 .isr_vector    0x08000000      0x1d8 build/startup_stm32g474xx.o
                0x08000000                g_pfnVectors
                0x080001d8                        . = ALIGN (0x4)

.text           0x080001e0     0x7a70
                0x080001e0                        . = ALIGN (0x4)
 *(.text)
 .text          0x080001e0       0xa0 /Applications/ArmGNUToolchain/12.2.mpacbti-rel1/arm-none-eabi/bin/../lib/gcc/arm-none-eabi/12.2.1/../../../../arm-none-eabi/lib/thumb/v7e-m+fp/hard/libc_nano.a(libc_a-memchr.o)
                0x080001e0                memchr
 .text          0x08000280       0x10 /Applications/ArmGNUToolchain/12.2.mpacbti-rel1/arm-none-eabi/bin/../lib/gcc/arm-none-eabi/12.2.1/../../../../arm-none-eabi/lib/thumb/v7e-m+fp/hard/libc_nano.a(libc_a-strlen.o)
                0x08000280                strlen
 .text          0x08000290      0x378 /Applications/ArmGNUToolchain/12.2.mpacbti-rel1/arm-none-eabi/bin/../lib/gcc/arm-none-eabi/12.2.1/thumb/v7e-m+fp/hard/libgcc.a(_arm_addsubdf3.o)
                0x08000290                __aeabi_drsub
                0x08000298                __subdf3
                0x08000298                __aeabi_dsub
                0x0800029c                __aeabi_dadd
                0x0800029c                __adddf3
                0x08000514                __aeabi_ui2d
                0x08000514                __floatunsidf
                0x08000534                __floatsidf
                0x08000534                __aeabi_i2d
                0x08000558                __extendsfdf2
                0x08000558                __aeabi_f2d
                0x0800059c                __aeabi_ul2d
                0x0800059c                __floatundidf
                0x080005ac                __aeabi_l2d
                0x080005ac                __floatdidf
 .text          0x08000608      0x424 /Applications/ArmGNUToolchain/12.2.mpacbti-rel1/arm-none-eabi/bin/../lib/gcc/arm-none-eabi/12.2.1/thumb/v7e-m+fp/hard/libgcc.a(_arm_muldivdf3.o)
                0x08000608                __aeabi_dmul
                0x08000608                __muldf3
                0x0800085c                __aeabi_ddiv
                0x0800085c                __divdf3
 .text          0x08000a2c      0x110 /Applications/ArmGNUToolchain/12.2.mpacbti-rel1/arm-none-eabi/bin/../lib/gcc/arm-none-eabi/12.2.1/thumb/v7e-m+fp/hard/libgcc.a(_arm_cmpdf2.o)
                0x08000a2c                __gedf2
                0x08000a2c                __gtdf2
                0x08000a34                __ledf2
                0x08000a34                __ltdf2
                0x08000a3c                __cmpdf2
                0x08000a3c                __eqdf2
                0x08000a3c                __nedf2
                0x08000ab8                __aeabi_cdrcmple
                0x08000ac8                __aeabi_cdcmple
                0x08000ac8                __aeabi_cdcmpeq
                0x08000ad8                __aeabi_dcmpeq
                0x08000aec                __aeabi_dcmplt
                0x08000b00                __aeabi_dcmple
                0x08000b14                __aeabi_dcmpge
                0x08000b28                __aeabi_dcmpgt
 .text          0x08000b3c       0x2c /Applications/ArmGNUToolchain/12.2.mpacbti-rel1/arm-none-eabi/bin/../lib/gcc/arm-none-eabi/12.2.1/thumb/v7e-m+fp/hard/libgcc.a(_arm_unorddf2.o)
                0x08000b3c                __aeabi_dcmpun
                0x08000b3c                __unorddf2
 .text          0x08000b68       0x50 /Applications/ArmGNUToolchain/12.2.mpacbti-rel1/arm-none-eabi/bin/../lib/gcc/arm-none-eabi/12.2.1/thumb/v7e-m+fp/hard/libgcc.a(_arm_fixdfsi.o)
                0x08000b68                __fixdfsi
                0x08000b68                __aeabi_d2iz
 .text          0x08000bb8       0x30 /Applications/ArmGNUToolchain/12.2.mpacbti-rel1/arm-none-eabi/bin/../lib/gcc/arm-none-eabi/12.2.1/thumb/v7e-m+fp/hard/libgcc.a(_aeabi_uldivmod.o)
                0x08000bb8                __aeabi_uldivmod
 .text          0x08000be8        0x4 /Applications/ArmGNUToolchain/12.2.mpacbti-rel1/arm-none-eabi/bin/../lib/gcc/arm-none-eabi/12.2.1/thumb/v7e-m+fp/hard/libgcc.a(_dvmd_tls.o)
                0x08000be8                __aeabi_ldiv0
                0x08000be8                __aeabi_idiv0
 *(.text*)
 .text.deregister_tm_clones
                0x08000bec       0x1c /Applications/ArmGNUToolchain/12.2.mpacbti-rel1/arm-none-eabi/bin/../lib/gcc/arm-none-eabi/12.2.1/thumb/v7e-m+fp/hard/crtbegin.o
 .text.register_tm_clones
                0x08000c08       0x24 /Applications/ArmGNUToolchain/12.2.mpacbti-rel1/arm-none-eabi/bin/../lib/gcc/arm-none-eabi/12.2.1/thumb/v7e-m+fp/hard/crtbegin.o
 .text.__do_global_dtors_aux
                0x08000c2c       0x28 /Applications/ArmGNUToolchain/12.2.mpacbti-rel1/arm-none-eabi/bin/../lib/gcc/arm-none-eabi/12.2.1/thumb/v7e-m+fp/hard/crtbegin.o
 .text.frame_dummy
                0x08000c54       0x24 /Applications/ArmGNUToolchain/12.2.mpacbti-rel1/arm-none-eabi/bin/../lib/gcc/arm-none-eabi/12.2.1/thumb/v7e-m+fp/hard/crtbegin.o
 .text.Error_Handler
                0x08000c78        0x4 build/main.o
                0x08000c78                Error_Handler
 .text.SystemClock_Config
                0x08000c7c       0x74 build/main.o
                0x08000c7c                SystemClock_Config
 .text.main     0x08000cf0       0x48 build/main.o
                0x08000cf0                main
 .text.MX_GPIO_Init
                0x08000d38       0xac build/gpio.o
                0x08000d38                MX_GPIO_Init
 .text.MX_USART1_UART_Init
                0x08000de4       0x6c build/usart.o
                0x08000de4                MX_USART1_UART_Init
 .text.HAL_UART_MspInit
                0x08000e50       0x98 build/usart.o
                0x08000e50                HAL_UART_MspInit
 .text.NMI_Handler
                0x08000ee8        0x2 build/stm32g4xx_it.o
                0x08000ee8                NMI_Handler
 .text.HardFault_Handler
                0x08000eea        0x2 build/stm32g4xx_it.o
                0x08000eea                HardFault_Handler
 .text.MemManage_Handler
                0x08000eec        0x2 build/stm32g4xx_it.o
                0x08000eec                MemManage_Handler
 .text.BusFault_Handler
                0x08000eee        0x2 build/stm32g4xx_it.o
                0x08000eee                BusFault_Handler
 .text.UsageFault_Handler
                0x08000ef0        0x2 build/stm32g4xx_it.o
                0x08000ef0                UsageFault_Handler
 .text.SVC_Handler
                0x08000ef2        0x2 build/stm32g4xx_it.o
                0x08000ef2                SVC_Handler
 .text.DebugMon_Handler
                0x08000ef4        0x2 build/stm32g4xx_it.o
                0x08000ef4                DebugMon_Handler
 .text.PendSV_Handler
                0x08000ef6        0x2 build/stm32g4xx_it.o
                0x08000ef6                PendSV_Handler
 .text.SysTick_Handler
                0x08000ef8        0x8 build/stm32g4xx_it.o
                0x08000ef8                SysTick_Handler
 .text.DMA1_Channel1_IRQHandler
                0x08000f00       0x10 build/stm32g4xx_it.o
                0x08000f00                DMA1_Channel1_IRQHandler
 .text.TIM1_TRG_COM_TIM17_IRQHandler
                0x08000f10       0x10 build/stm32g4xx_it.o
                0x08000f10                TIM1_TRG_COM_TIM17_IRQHandler
 .text.USART1_IRQHandler
                0x08000f20       0x10 build/stm32g4xx_it.o
                0x08000f20                USART1_IRQHandler
 .text.HAL_MspInit
                0x08000f30       0x38 build/stm32g4xx_hal_msp.o
                0x08000f30                HAL_MspInit
 .text.HAL_InitTick
                0x08000f68       0x50 build/stm32g4xx_hal.o
                0x08000f68                HAL_InitTick
 .text.HAL_Init
                0x08000fb8       0x1e build/stm32g4xx_hal.o
                0x08000fb8                HAL_Init
 *fill*         0x08000fd6        0x2 
 .text.HAL_IncTick
                0x08000fd8       0x18 build/stm32g4xx_hal.o
                0x08000fd8                HAL_IncTick
 .text.HAL_GetTick
                0x08000ff0        0xc build/stm32g4xx_hal.o
                0x08000ff0                HAL_GetTick
 .text.HAL_Delay
                0x08000ffc       0x28 build/stm32g4xx_hal.o
                0x08000ffc                HAL_Delay
 .text.RCC_GetSysClockFreqFromPLLSource
                0x08001024       0x58 build/stm32g4xx_hal_rcc.o
 .text.HAL_RCC_OscConfig
                0x0800107c      0x4e4 build/stm32g4xx_hal_rcc.o
                0x0800107c                HAL_RCC_OscConfig
 .text.HAL_RCC_GetSysClockFreq
                0x08001560       0x88 build/stm32g4xx_hal_rcc.o
                0x08001560                HAL_RCC_GetSysClockFreq
 .text.HAL_RCC_ClockConfig
                0x080015e8      0x1f8 build/stm32g4xx_hal_rcc.o
                0x080015e8                HAL_RCC_ClockConfig
 .text.HAL_RCC_GetHCLKFreq
                0x080017e0        0xc build/stm32g4xx_hal_rcc.o
                0x080017e0                HAL_RCC_GetHCLKFreq
 .text.HAL_RCC_GetPCLK1Freq
                0x080017ec       0x24 build/stm32g4xx_hal_rcc.o
                0x080017ec                HAL_RCC_GetPCLK1Freq
 .text.HAL_RCC_GetPCLK2Freq
                0x08001810       0x24 build/stm32g4xx_hal_rcc.o
                0x08001810                HAL_RCC_GetPCLK2Freq
 .text.HAL_RCCEx_PeriphCLKConfig
                0x08001834      0x378 build/stm32g4xx_hal_rcc_ex.o
                0x08001834                HAL_RCCEx_PeriphCLKConfig
 .text.HAL_GPIO_Init
                0x08001bac      0x1d4 build/stm32g4xx_hal_gpio.o
                0x08001bac                HAL_GPIO_Init
 .text.HAL_GPIO_WritePin
                0x08001d80        0xa build/stm32g4xx_hal_gpio.o
                0x08001d80                HAL_GPIO_WritePin
 .text.HAL_GPIO_TogglePin
                0x08001d8a       0x12 build/stm32g4xx_hal_gpio.o
                0x08001d8a                HAL_GPIO_TogglePin
 .text.DMA_SetConfig
                0x08001d9c       0x42 build/stm32g4xx_hal_dma.o
 *fill*         0x08001dde        0x2 
 .text.DMA_CalcDMAMUXChannelBaseAndMask
                0x08001de0       0x48 build/stm32g4xx_hal_dma.o
 .text.DMA_CalcDMAMUXRequestGenBaseAndMask
                0x08001e28       0x28 build/stm32g4xx_hal_dma.o
 .text.HAL_DMA_Init
                0x08001e50       0xd8 build/stm32g4xx_hal_dma.o
                0x08001e50                HAL_DMA_Init
 .text.HAL_DMA_Start_IT
                0x08001f28       0x94 build/stm32g4xx_hal_dma.o
                0x08001f28                HAL_DMA_Start_IT
 .text.HAL_DMA_Abort
                0x08001fbc       0x6c build/stm32g4xx_hal_dma.o
                0x08001fbc                HAL_DMA_Abort
 .text.HAL_DMA_Abort_IT
                0x08002028       0x7e build/stm32g4xx_hal_dma.o
                0x08002028                HAL_DMA_Abort_IT
 .text.HAL_DMA_IRQHandler
                0x080020a6       0xc4 build/stm32g4xx_hal_dma.o
                0x080020a6                HAL_DMA_IRQHandler
 *fill*         0x0800216a        0x2 
 .text.HAL_PWREx_ControlVoltageScaling
                0x0800216c      0x10c build/stm32g4xx_hal_pwr_ex.o
                0x0800216c                HAL_PWREx_ControlVoltageScaling
 .text.HAL_PWREx_DisableUCPDDeadBattery
                0x08002278       0x10 build/stm32g4xx_hal_pwr_ex.o
                0x08002278                HAL_PWREx_DisableUCPDDeadBattery
 .text.__NVIC_EnableIRQ
                0x08002288       0x1c build/stm32g4xx_hal_cortex.o
 .text.__NVIC_SetPriority
                0x080022a4       0x28 build/stm32g4xx_hal_cortex.o
 .text.NVIC_EncodePriority
                0x080022cc       0x3e build/stm32g4xx_hal_cortex.o
 *fill*         0x0800230a        0x2 
 .text.HAL_NVIC_SetPriorityGrouping
                0x0800230c       0x24 build/stm32g4xx_hal_cortex.o
                0x0800230c                HAL_NVIC_SetPriorityGrouping
 .text.HAL_NVIC_SetPriority
                0x08002330       0x20 build/stm32g4xx_hal_cortex.o
                0x08002330                HAL_NVIC_SetPriority
 .text.HAL_NVIC_EnableIRQ
                0x08002350        0x8 build/stm32g4xx_hal_cortex.o
                0x08002350                HAL_NVIC_EnableIRQ
 .text.HAL_SYSTICK_Config
                0x08002358       0x28 build/stm32g4xx_hal_cortex.o
                0x08002358                HAL_SYSTICK_Config
 .text.TIM_OC1_SetConfig
                0x08002380       0xac build/stm32g4xx_hal_tim.o
 .text.TIM_OC3_SetConfig
                0x0800242c       0x9c build/stm32g4xx_hal_tim.o
 .text.TIM_OC4_SetConfig
                0x080024c8       0x9c build/stm32g4xx_hal_tim.o
 .text.TIM_OC5_SetConfig
                0x08002564       0x70 build/stm32g4xx_hal_tim.o
 .text.TIM_OC6_SetConfig
                0x080025d4       0x74 build/stm32g4xx_hal_tim.o
 .text.TIM_TI1_ConfigInputStage
                0x08002648       0x26 build/stm32g4xx_hal_tim.o
 .text.TIM_TI2_ConfigInputStage
                0x0800266e       0x28 build/stm32g4xx_hal_tim.o
 .text.TIM_ITRx_SetConfig
                0x08002696       0x14 build/stm32g4xx_hal_tim.o
 .text.HAL_TIM_PWM_MspInit
                0x080026aa        0x2 build/stm32g4xx_hal_tim.o
                0x080026aa                HAL_TIM_PWM_MspInit
 .text.HAL_TIM_PeriodElapsedCallback
                0x080026ac        0x2 build/stm32g4xx_hal_tim.o
                0x080026ac                HAL_TIM_PeriodElapsedCallback
 .text.HAL_TIM_OC_DelayElapsedCallback
                0x080026ae        0x2 build/stm32g4xx_hal_tim.o
                0x080026ae                HAL_TIM_OC_DelayElapsedCallback
 .text.HAL_TIM_IC_CaptureCallback
                0x080026b0        0x2 build/stm32g4xx_hal_tim.o
                0x080026b0                HAL_TIM_IC_CaptureCallback
 .text.TIM_DMADelayPulseCplt
                0x080026b2       0x70 build/stm32g4xx_hal_tim.o
 .text.HAL_TIM_PWM_PulseFinishedHalfCpltCallback
                0x08002722        0x2 build/stm32g4xx_hal_tim.o
                0x08002722                HAL_TIM_PWM_PulseFinishedHalfCpltCallback
 .text.TIM_DMADelayPulseHalfCplt
                0x08002724       0x3e build/stm32g4xx_hal_tim.o
                0x08002724                TIM_DMADelayPulseHalfCplt
 .text.HAL_TIM_TriggerCallback
                0x08002762        0x2 build/stm32g4xx_hal_tim.o
                0x08002762                HAL_TIM_TriggerCallback
 .text.HAL_TIM_IRQHandler
                0x08002764      0x1ea build/stm32g4xx_hal_tim.o
                0x08002764                HAL_TIM_IRQHandler
 .text.HAL_TIM_ErrorCallback
                0x0800294e        0x2 build/stm32g4xx_hal_tim.o
                0x0800294e                HAL_TIM_ErrorCallback
 .text.TIM_DMAError
                0x08002950       0x5c build/stm32g4xx_hal_tim.o
                0x08002950                TIM_DMAError
 .text.TIM_Base_SetConfig
                0x080029ac       0xf0 build/stm32g4xx_hal_tim.o
                0x080029ac                TIM_Base_SetConfig
 .text.HAL_TIM_Base_Init
                0x08002a9c       0x60 build/stm32g4xx_hal_tim.o
                0x08002a9c                HAL_TIM_Base_Init
 .text.HAL_TIM_PWM_Init
                0x08002afc       0x60 build/stm32g4xx_hal_tim.o
                0x08002afc                HAL_TIM_PWM_Init
 .text.TIM_OC2_SetConfig
                0x08002b5c       0x9c build/stm32g4xx_hal_tim.o
                0x08002b5c                TIM_OC2_SetConfig
 .text.HAL_TIM_PWM_ConfigChannel
                0x08002bf8      0x13a build/stm32g4xx_hal_tim.o
                0x08002bf8                HAL_TIM_PWM_ConfigChannel
 .text.TIM_ETR_SetConfig
                0x08002d32       0x1a build/stm32g4xx_hal_tim.o
                0x08002d32                TIM_ETR_SetConfig
 .text.HAL_TIM_ConfigClockSource
                0x08002d4c      0x154 build/stm32g4xx_hal_tim.o
                0x08002d4c                HAL_TIM_ConfigClockSource
 .text.TIM_CCxChannelCmd
                0x08002ea0       0x1e build/stm32g4xx_hal_tim.o
                0x08002ea0                TIM_CCxChannelCmd
 *fill*         0x08002ebe        0x2 
 .text.HAL_TIM_PWM_Start_DMA
                0x08002ec0      0x344 build/stm32g4xx_hal_tim.o
                0x08002ec0                HAL_TIM_PWM_Start_DMA
 .text.HAL_TIM_PWM_Stop_DMA
                0x08003204      0x138 build/stm32g4xx_hal_tim.o
                0x08003204                HAL_TIM_PWM_Stop_DMA
 .text.HAL_TIMEx_MasterConfigSynchronization
                0x0800333c       0xac build/stm32g4xx_hal_tim_ex.o
                0x0800333c                HAL_TIMEx_MasterConfigSynchronization
 .text.HAL_TIMEx_ConfigBreakDeadTime
                0x080033e8       0xa8 build/stm32g4xx_hal_tim_ex.o
                0x080033e8                HAL_TIMEx_ConfigBreakDeadTime
 .text.HAL_TIMEx_CommutCallback
                0x08003490        0x2 build/stm32g4xx_hal_tim_ex.o
                0x08003490                HAL_TIMEx_CommutCallback
 .text.HAL_TIMEx_BreakCallback
                0x08003492        0x2 build/stm32g4xx_hal_tim_ex.o
                0x08003492                HAL_TIMEx_BreakCallback
 .text.HAL_TIMEx_Break2Callback
                0x08003494        0x2 build/stm32g4xx_hal_tim_ex.o
                0x08003494                HAL_TIMEx_Break2Callback
 .text.HAL_TIMEx_EncoderIndexCallback
                0x08003496        0x2 build/stm32g4xx_hal_tim_ex.o
                0x08003496                HAL_TIMEx_EncoderIndexCallback
 .text.HAL_TIMEx_DirectionChangeCallback
                0x08003498        0x2 build/stm32g4xx_hal_tim_ex.o
                0x08003498                HAL_TIMEx_DirectionChangeCallback
 .text.HAL_TIMEx_IndexErrorCallback
                0x0800349a        0x2 build/stm32g4xx_hal_tim_ex.o
                0x0800349a                HAL_TIMEx_IndexErrorCallback
 .text.HAL_TIMEx_TransitionErrorCallback
                0x0800349c        0x2 build/stm32g4xx_hal_tim_ex.o
                0x0800349c                HAL_TIMEx_TransitionErrorCallback
 .text.HAL_UART_TxCpltCallback
                0x0800349e        0x2 build/stm32g4xx_hal_uart.o
                0x0800349e                HAL_UART_TxCpltCallback
 .text.HAL_UART_TxHalfCpltCallback
                0x080034a0        0x2 build/stm32g4xx_hal_uart.o
                0x080034a0                HAL_UART_TxHalfCpltCallback
 .text.HAL_UART_RxCpltCallback
                0x080034a2        0x2 build/stm32g4xx_hal_uart.o
                0x080034a2                HAL_UART_RxCpltCallback
 .text.HAL_UART_RxHalfCpltCallback
                0x080034a4        0x2 build/stm32g4xx_hal_uart.o
                0x080034a4                HAL_UART_RxHalfCpltCallback
 .text.HAL_UART_ErrorCallback
                0x080034a6        0x2 build/stm32g4xx_hal_uart.o
                0x080034a6                HAL_UART_ErrorCallback
 .text.HAL_UART_AbortCpltCallback
                0x080034a8        0x2 build/stm32g4xx_hal_uart.o
                0x080034a8                HAL_UART_AbortCpltCallback
 .text.HAL_UART_AbortTransmitCpltCallback
                0x080034aa        0x2 build/stm32g4xx_hal_uart.o
                0x080034aa                HAL_UART_AbortTransmitCpltCallback
 .text.HAL_UART_AbortReceiveCpltCallback
                0x080034ac        0x2 build/stm32g4xx_hal_uart.o
                0x080034ac                HAL_UART_AbortReceiveCpltCallback
 .text.HAL_UARTEx_RxEventCallback
                0x080034ae        0x2 build/stm32g4xx_hal_uart.o
                0x080034ae                HAL_UARTEx_RxEventCallback
 .text.UART_EndRxTransfer
                0x080034b0       0x56 build/stm32g4xx_hal_uart.o
 .text.UART_DMAAbortOnError
                0x08003506       0x16 build/stm32g4xx_hal_uart.o
 .text.UART_EndTransmit_IT
                0x0800351c       0x26 build/stm32g4xx_hal_uart.o
 *fill*         0x08003542        0x2 
 .text.UART_RxISR_8BIT
                0x08003544       0xe0 build/stm32g4xx_hal_uart.o
 .text.UART_RxISR_16BIT
                0x08003624       0xdc build/stm32g4xx_hal_uart.o
 .text.UART_RxISR_8BIT_FIFOEN
                0x08003700      0x1cc build/stm32g4xx_hal_uart.o
 .text.UART_RxISR_16BIT_FIFOEN
                0x080038cc      0x1cc build/stm32g4xx_hal_uart.o
 .text.HAL_UART_RegisterCallback
                0x08003a98       0xee build/stm32g4xx_hal_uart.o
                0x08003a98                HAL_UART_RegisterCallback
 *fill*         0x08003b86        0x2 
 .text.HAL_UART_IRQHandler
                0x08003b88      0x354 build/stm32g4xx_hal_uart.o
                0x08003b88                HAL_UART_IRQHandler
 .text.UART_InitCallbacksToDefault
                0x08003edc       0x7c build/stm32g4xx_hal_uart.o
                0x08003edc                UART_InitCallbacksToDefault
 .text.UART_SetConfig
                0x08003f58      0x388 build/stm32g4xx_hal_uart.o
                0x08003f58                UART_SetConfig
 .text.UART_AdvFeatureConfig
                0x080042e0       0xca build/stm32g4xx_hal_uart.o
                0x080042e0                UART_AdvFeatureConfig
 .text.UART_WaitOnFlagUntilTimeout
                0x080043aa       0x9e build/stm32g4xx_hal_uart.o
                0x080043aa                UART_WaitOnFlagUntilTimeout
 .text.UART_CheckIdleState
                0x08004448       0xca build/stm32g4xx_hal_uart.o
                0x08004448                UART_CheckIdleState
 *fill*         0x08004512        0x2 
 .text.HAL_UART_Init
                0x08004514       0x84 build/stm32g4xx_hal_uart.o
                0x08004514                HAL_UART_Init
 .text.UART_Start_Receive_IT
                0x08004598      0x13c build/stm32g4xx_hal_uart.o
                0x08004598                UART_Start_Receive_IT
 .text.HAL_UART_Receive_IT
                0x080046d4       0x4c build/stm32g4xx_hal_uart.o
                0x080046d4                HAL_UART_Receive_IT
 .text.UARTEx_SetNbDataToProcess
                0x08004720       0x4c build/stm32g4xx_hal_uart_ex.o
 .text.HAL_UARTEx_WakeupCallback
                0x0800476c        0x2 build/stm32g4xx_hal_uart_ex.o
                0x0800476c                HAL_UARTEx_WakeupCallback
 .text.HAL_UARTEx_RxFifoFullCallback
                0x0800476e        0x2 build/stm32g4xx_hal_uart_ex.o
                0x0800476e                HAL_UARTEx_RxFifoFullCallback
 .text.HAL_UARTEx_TxFifoEmptyCallback
                0x08004770        0x2 build/stm32g4xx_hal_uart_ex.o
                0x08004770                HAL_UARTEx_TxFifoEmptyCallback
 .text.HAL_UARTEx_DisableFifoMode
                0x08004772       0x3e build/stm32g4xx_hal_uart_ex.o
                0x08004772                HAL_UARTEx_DisableFifoMode
 .text.HAL_UARTEx_SetTxFifoThreshold
                0x080047b0       0x4a build/stm32g4xx_hal_uart_ex.o
                0x080047b0                HAL_UARTEx_SetTxFifoThreshold
 .text.HAL_UARTEx_SetRxFifoThreshold
                0x080047fa       0x4a build/stm32g4xx_hal_uart_ex.o
                0x080047fa                HAL_UARTEx_SetRxFifoThreshold
 .text.SystemInit
                0x08004844       0x14 build/system_stm32g4xx.o
                0x08004844                SystemInit
 .text.HAL_TIM_Base_MspInit
                0x08004858       0x80 build/tim.o
                0x08004858                HAL_TIM_Base_MspInit
 .text.HAL_TIM_MspPostInit
                0x080048d8       0x50 build/tim.o
                0x080048d8                HAL_TIM_MspPostInit
 .text.MX_TIM1_Init
                0x08004928       0xf8 build/tim.o
                0x08004928                MX_TIM1_Init
 .text.MX_I2C1_Init
                0x08004a20       0x58 build/i2c.o
                0x08004a20                MX_I2C1_Init
 .text.HAL_I2C_MspInit
                0x08004a78       0xb4 build/i2c.o
                0x08004a78                HAL_I2C_MspInit
 .text.HAL_I2C_Init
                0x08004b2c       0xc8 build/stm32g4xx_hal_i2c.o
                0x08004b2c                HAL_I2C_Init
 .text.HAL_I2CEx_ConfigAnalogFilter
                0x08004bf4       0x5c build/stm32g4xx_hal_i2c_ex.o
                0x08004bf4                HAL_I2CEx_ConfigAnalogFilter
 .text.HAL_I2CEx_ConfigDigitalFilter
                0x08004c50       0x58 build/stm32g4xx_hal_i2c_ex.o
                0x08004c50                HAL_I2CEx_ConfigDigitalFilter
 .text.CmdProcessing
                0x08004ca8       0x5c build/Cmd_Serial.o
                0x08004ca8                CmdProcessing
 .text.WS_Load  0x08004d04       0x1c build/ws2812.o
                0x08004d04                WS_Load
 .text.WS_WriteAll_RGB
                0x08004d20       0xe0 build/ws2812.o
                0x08004d20                WS_WriteAll_RGB
 .text.breathing
                0x08004e00       0x36 build/ws2812.o
                0x08004e00                breathing
 *fill*         0x08004e36        0x2 
 .text.HAL_TIM_PWM_PulseFinishedCallback
                0x08004e38       0x10 build/ws2812.o
                0x08004e38                HAL_TIM_PWM_PulseFinishedCallback
 .text.MX_DMA_Init
                0x08004e48       0x44 build/dma.o
                0x08004e48                MX_DMA_Init
 .text.Reset_Handler
                0x08004e8c       0x50 build/startup_stm32g474xx.o
                0x08004e8c                Reset_Handler
 .text.Default_Handler
                0x08004edc        0x2 build/startup_stm32g474xx.o
                0x08004edc                TIM1_BRK_TIM15_IRQHandler
                0x08004edc                EXTI2_IRQHandler
                0x08004edc                TIM8_TRG_COM_IRQHandler
                0x08004edc                TIM8_CC_IRQHandler
                0x08004edc                HRTIM1_Master_IRQHandler
                0x08004edc                SPI4_IRQHandler
                0x08004edc                FDCAN3_IT0_IRQHandler
                0x08004edc                TIM1_CC_IRQHandler
                0x08004edc                HRTIM1_FLT_IRQHandler
                0x08004edc                HRTIM1_TIMF_IRQHandler
                0x08004edc                USB_HP_IRQHandler
                0x08004edc                CORDIC_IRQHandler
                0x08004edc                HRTIM1_TIMD_IRQHandler
                0x08004edc                DMA2_Channel8_IRQHandler
                0x08004edc                EXTI3_IRQHandler
                0x08004edc                I2C3_ER_IRQHandler
                0x08004edc                EXTI0_IRQHandler
                0x08004edc                I2C2_EV_IRQHandler
                0x08004edc                FPU_IRQHandler
                0x08004edc                FDCAN1_IT1_IRQHandler
                0x08004edc                TIM1_UP_TIM16_IRQHandler
                0x08004edc                ADC1_2_IRQHandler
                0x08004edc                HRTIM1_TIME_IRQHandler
                0x08004edc                SPI1_IRQHandler
                0x08004edc                TIM6_DAC_IRQHandler
                0x08004edc                HRTIM1_TIMC_IRQHandler
                0x08004edc                TIM8_UP_IRQHandler
                0x08004edc                DMA2_Channel2_IRQHandler
                0x08004edc                DMA1_Channel4_IRQHandler
                0x08004edc                TIM20_TRG_COM_IRQHandler
                0x08004edc                USART3_IRQHandler
                0x08004edc                DMA1_Channel7_IRQHandler
                0x08004edc                UART5_IRQHandler
                0x08004edc                ADC3_IRQHandler
                0x08004edc                TIM4_IRQHandler
                0x08004edc                DMA2_Channel1_IRQHandler
                0x08004edc                QUADSPI_IRQHandler
                0x08004edc                I2C1_EV_IRQHandler
                0x08004edc                DMA1_Channel6_IRQHandler
                0x08004edc                UART4_IRQHandler
                0x08004edc                DMA2_Channel4_IRQHandler
                0x08004edc                TIM3_IRQHandler
                0x08004edc                RCC_IRQHandler
                0x08004edc                TIM20_UP_IRQHandler
                0x08004edc                Default_Handler
                0x08004edc                DMA2_Channel7_IRQHandler
                0x08004edc                RTC_TAMP_LSECSS_IRQHandler
                0x08004edc                FMAC_IRQHandler
                0x08004edc                EXTI15_10_IRQHandler
                0x08004edc                DMA1_Channel8_IRQHandler
                0x08004edc                HRTIM1_TIMA_IRQHandler
                0x08004edc                TIM7_DAC_IRQHandler
                0x08004edc                FDCAN3_IT1_IRQHandler
                0x08004edc                TIM5_IRQHandler
                0x08004edc                UCPD1_IRQHandler
                0x08004edc                I2C3_EV_IRQHandler
                0x08004edc                EXTI9_5_IRQHandler
                0x08004edc                RTC_WKUP_IRQHandler
                0x08004edc                PVD_PVM_IRQHandler
                0x08004edc                SPI2_IRQHandler
                0x08004edc                ADC5_IRQHandler
                0x08004edc                DMA2_Channel5_IRQHandler
                0x08004edc                CRS_IRQHandler
                0x08004edc                DMA1_Channel5_IRQHandler
                0x08004edc                USB_LP_IRQHandler
                0x08004edc                EXTI4_IRQHandler
                0x08004edc                RNG_IRQHandler
                0x08004edc                HRTIM1_TIMB_IRQHandler
                0x08004edc                FDCAN2_IT1_IRQHandler
                0x08004edc                DMA1_Channel3_IRQHandler
                0x08004edc                ADC4_IRQHandler
                0x08004edc                WWDG_IRQHandler
                0x08004edc                I2C4_EV_IRQHandler
                0x08004edc                FDCAN2_IT0_IRQHandler
                0x08004edc                LPUART1_IRQHandler
                0x08004edc                DMA2_Channel6_IRQHandler
                0x08004edc                FDCAN1_IT0_IRQHandler
                0x08004edc                TIM2_IRQHandler
                0x08004edc                COMP7_IRQHandler
                0x08004edc                COMP1_2_3_IRQHandler
                0x08004edc                EXTI1_IRQHandler
                0x08004edc                USART2_IRQHandler
                0x08004edc                COMP4_5_6_IRQHandler
                0x08004edc                TIM20_BRK_IRQHandler
                0x08004edc                I2C2_ER_IRQHandler
                0x08004edc                DMA1_Channel2_IRQHandler
                0x08004edc                TIM8_BRK_IRQHandler
                0x08004edc                FLASH_IRQHandler
                0x08004edc                TIM20_CC_IRQHandler
                0x08004edc                SPI3_IRQHandler
                0x08004edc                I2C1_ER_IRQHandler
                0x08004edc                FMC_IRQHandler
                0x08004edc                LPTIM1_IRQHandler
                0x08004edc                DMAMUX_OVR_IRQHandler
                0x08004edc                I2C4_ER_IRQHandler
                0x08004edc                USBWakeUp_IRQHandler
                0x08004edc                SAI1_IRQHandler
                0x08004edc                DMA2_Channel3_IRQHandler
                0x08004edc                RTC_Alarm_IRQHandler
 .text.__cvt    0x08004ede       0xd2 /Applications/ArmGNUToolchain/12.2.mpacbti-rel1/arm-none-eabi/bin/../lib/gcc/arm-none-eabi/12.2.1/../../../../arm-none-eabi/lib/thumb/v7e-m+fp/hard/libc_nano.a(libc_a-nano-vfprintf_float.o)
                0x08004ede                __cvt
 .text.__exponent
                0x08004fb0       0x74 /Applications/ArmGNUToolchain/12.2.mpacbti-rel1/arm-none-eabi/bin/../lib/gcc/arm-none-eabi/12.2.1/../../../../arm-none-eabi/lib/thumb/v7e-m+fp/hard/libc_nano.a(libc_a-nano-vfprintf_float.o)
                0x08004fb0                __exponent
 .text._printf_float
                0x08005024      0x464 /Applications/ArmGNUToolchain/12.2.mpacbti-rel1/arm-none-eabi/bin/../lib/gcc/arm-none-eabi/12.2.1/../../../../arm-none-eabi/lib/thumb/v7e-m+fp/hard/libc_nano.a(libc_a-nano-vfprintf_float.o)
                0x08005024                _printf_float
 .text._printf_common
                0x08005488       0xda /Applications/ArmGNUToolchain/12.2.mpacbti-rel1/arm-none-eabi/bin/../lib/gcc/arm-none-eabi/12.2.1/../../../../arm-none-eabi/lib/thumb/v7e-m+fp/hard/libc_nano.a(libc_a-nano-vfprintf_i.o)
                0x08005488                _printf_common
 *fill*         0x08005562        0x2 
 .text._printf_i
                0x08005564      0x258 /Applications/ArmGNUToolchain/12.2.mpacbti-rel1/arm-none-eabi/bin/../lib/gcc/arm-none-eabi/12.2.1/../../../../arm-none-eabi/lib/thumb/v7e-m+fp/hard/libc_nano.a(libc_a-nano-vfprintf_i.o)
                0x08005564                _printf_i
 .text.std      0x080057bc       0x6c /Applications/ArmGNUToolchain/12.2.mpacbti-rel1/arm-none-eabi/bin/../lib/gcc/arm-none-eabi/12.2.1/../../../../arm-none-eabi/lib/thumb/v7e-m+fp/hard/libc_nano.a(libc_a-findfp.o)
 .text.stdio_exit_handler
                0x08005828       0x18 /Applications/ArmGNUToolchain/12.2.mpacbti-rel1/arm-none-eabi/bin/../lib/gcc/arm-none-eabi/12.2.1/../../../../arm-none-eabi/lib/thumb/v7e-m+fp/hard/libc_nano.a(libc_a-findfp.o)
 .text.cleanup_stdio
                0x08005840       0x40 /Applications/ArmGNUToolchain/12.2.mpacbti-rel1/arm-none-eabi/bin/../lib/gcc/arm-none-eabi/12.2.1/../../../../arm-none-eabi/lib/thumb/v7e-m+fp/hard/libc_nano.a(libc_a-findfp.o)
 .text.global_stdio_init.part.0
                0x08005880       0x3c /Applications/ArmGNUToolchain/12.2.mpacbti-rel1/arm-none-eabi/bin/../lib/gcc/arm-none-eabi/12.2.1/../../../../arm-none-eabi/lib/thumb/v7e-m+fp/hard/libc_nano.a(libc_a-findfp.o)
 .text.__sfp_lock_acquire
                0x080058bc        0xc /Applications/ArmGNUToolchain/12.2.mpacbti-rel1/arm-none-eabi/bin/../lib/gcc/arm-none-eabi/12.2.1/../../../../arm-none-eabi/lib/thumb/v7e-m+fp/hard/libc_nano.a(libc_a-findfp.o)
                0x080058bc                __sfp_lock_acquire
 .text.__sfp_lock_release
                0x080058c8        0xc /Applications/ArmGNUToolchain/12.2.mpacbti-rel1/arm-none-eabi/bin/../lib/gcc/arm-none-eabi/12.2.1/../../../../arm-none-eabi/lib/thumb/v7e-m+fp/hard/libc_nano.a(libc_a-findfp.o)
                0x080058c8                __sfp_lock_release
 .text.__sinit  0x080058d4       0x30 /Applications/ArmGNUToolchain/12.2.mpacbti-rel1/arm-none-eabi/bin/../lib/gcc/arm-none-eabi/12.2.1/../../../../arm-none-eabi/lib/thumb/v7e-m+fp/hard/libc_nano.a(libc_a-findfp.o)
                0x080058d4                __sinit
 .text._fwalk_sglue
                0x08005904       0x3c /Applications/ArmGNUToolchain/12.2.mpacbti-rel1/arm-none-eabi/bin/../lib/gcc/arm-none-eabi/12.2.1/../../../../arm-none-eabi/lib/thumb/v7e-m+fp/hard/libc_nano.a(libc_a-fwalk.o)
                0x08005904                _fwalk_sglue
 .text.memset   0x08005940       0x10 /Applications/ArmGNUToolchain/12.2.mpacbti-rel1/arm-none-eabi/bin/../lib/gcc/arm-none-eabi/12.2.1/../../../../arm-none-eabi/lib/thumb/v7e-m+fp/hard/libc_nano.a(libc_a-memset.o)
                0x08005940                memset
 .text._localeconv_r
                0x08005950        0x8 /Applications/ArmGNUToolchain/12.2.mpacbti-rel1/arm-none-eabi/bin/../lib/gcc/arm-none-eabi/12.2.1/../../../../arm-none-eabi/lib/thumb/v7e-m+fp/hard/libc_nano.a(libc_a-localeconv.o)
                0x08005950                _localeconv_r
 .text.__libc_init_array
                0x08005958       0x48 /Applications/ArmGNUToolchain/12.2.mpacbti-rel1/arm-none-eabi/bin/../lib/gcc/arm-none-eabi/12.2.1/../../../../arm-none-eabi/lib/thumb/v7e-m+fp/hard/libc_nano.a(libc_a-init.o)
                0x08005958                __libc_init_array
 .text.__retarget_lock_init_recursive
                0x080059a0        0x2 /Applications/ArmGNUToolchain/12.2.mpacbti-rel1/arm-none-eabi/bin/../lib/gcc/arm-none-eabi/12.2.1/../../../../arm-none-eabi/lib/thumb/v7e-m+fp/hard/libc_nano.a(libc_a-lock.o)
                0x080059a0                __retarget_lock_init_recursive
 .text.__retarget_lock_acquire_recursive
                0x080059a2        0x2 /Applications/ArmGNUToolchain/12.2.mpacbti-rel1/arm-none-eabi/bin/../lib/gcc/arm-none-eabi/12.2.1/../../../../arm-none-eabi/lib/thumb/v7e-m+fp/hard/libc_nano.a(libc_a-lock.o)
                0x080059a2                __retarget_lock_acquire_recursive
 .text.__retarget_lock_release_recursive
                0x080059a4        0x2 /Applications/ArmGNUToolchain/12.2.mpacbti-rel1/arm-none-eabi/bin/../lib/gcc/arm-none-eabi/12.2.1/../../../../arm-none-eabi/lib/thumb/v7e-m+fp/hard/libc_nano.a(libc_a-lock.o)
                0x080059a4                __retarget_lock_release_recursive
 .text.memcpy   0x080059a6       0x1c /Applications/ArmGNUToolchain/12.2.mpacbti-rel1/arm-none-eabi/bin/../lib/gcc/arm-none-eabi/12.2.1/../../../../arm-none-eabi/lib/thumb/v7e-m+fp/hard/libc_nano.a(libc_a-memcpy-stub.o)
                0x080059a6                memcpy
 .text.quorem   0x080059c2      0x110 /Applications/ArmGNUToolchain/12.2.mpacbti-rel1/arm-none-eabi/bin/../lib/gcc/arm-none-eabi/12.2.1/../../../../arm-none-eabi/lib/thumb/v7e-m+fp/hard/libc_nano.a(libc_a-dtoa.o)
 *fill*         0x08005ad2        0x6 
 .text._dtoa_r  0x08005ad8      0xc58 /Applications/ArmGNUToolchain/12.2.mpacbti-rel1/arm-none-eabi/bin/../lib/gcc/arm-none-eabi/12.2.1/../../../../arm-none-eabi/lib/thumb/v7e-m+fp/hard/libc_nano.a(libc_a-dtoa.o)
                0x08005ad8                _dtoa_r
 .text.__sfputc_r
                0x08006730       0x2e /Applications/ArmGNUToolchain/12.2.mpacbti-rel1/arm-none-eabi/bin/../lib/gcc/arm-none-eabi/12.2.1/../../../../arm-none-eabi/lib/thumb/v7e-m+fp/hard/libc_nano.a(libc_a-nano-vfprintf.o)
 .text.__sfputs_r
                0x0800675e       0x24 /Applications/ArmGNUToolchain/12.2.mpacbti-rel1/arm-none-eabi/bin/../lib/gcc/arm-none-eabi/12.2.1/../../../../arm-none-eabi/lib/thumb/v7e-m+fp/hard/libc_nano.a(libc_a-nano-vfprintf.o)
                0x0800675e                __sfputs_r
 *fill*         0x08006782        0x2 
 .text._vfprintf_r
                0x08006784      0x230 /Applications/ArmGNUToolchain/12.2.mpacbti-rel1/arm-none-eabi/bin/../lib/gcc/arm-none-eabi/12.2.1/../../../../arm-none-eabi/lib/thumb/v7e-m+fp/hard/libc_nano.a(libc_a-nano-vfprintf.o)
                0x08006784                _vfiprintf_r
                0x08006784                _vfprintf_r
 .text.malloc   0x080069b4       0x10 /Applications/ArmGNUToolchain/12.2.mpacbti-rel1/arm-none-eabi/bin/../lib/gcc/arm-none-eabi/12.2.1/../../../../arm-none-eabi/lib/thumb/v7e-m+fp/hard/libc_nano.a(libc_a-malloc.o)
                0x080069b4                malloc
 .text.sbrk_aligned
                0x080069c4       0x44 /Applications/ArmGNUToolchain/12.2.mpacbti-rel1/arm-none-eabi/bin/../lib/gcc/arm-none-eabi/12.2.1/../../../../arm-none-eabi/lib/thumb/v7e-m+fp/hard/libc_nano.a(libc_a-mallocr.o)
 .text._malloc_r
                0x08006a08      0x100 /Applications/ArmGNUToolchain/12.2.mpacbti-rel1/arm-none-eabi/bin/../lib/gcc/arm-none-eabi/12.2.1/../../../../arm-none-eabi/lib/thumb/v7e-m+fp/hard/libc_nano.a(libc_a-mallocr.o)
                0x08006a08                _malloc_r
 .text.__sflush_r
                0x08006b08      0x108 /Applications/ArmGNUToolchain/12.2.mpacbti-rel1/arm-none-eabi/bin/../lib/gcc/arm-none-eabi/12.2.1/../../../../arm-none-eabi/lib/thumb/v7e-m+fp/hard/libc_nano.a(libc_a-fflush.o)
                0x08006b08                __sflush_r
 .text._fflush_r
                0x08006c10       0x50 /Applications/ArmGNUToolchain/12.2.mpacbti-rel1/arm-none-eabi/bin/../lib/gcc/arm-none-eabi/12.2.1/../../../../arm-none-eabi/lib/thumb/v7e-m+fp/hard/libc_nano.a(libc_a-fflush.o)
                0x08006c10                _fflush_r
 .text.__malloc_lock
                0x08006c60        0xc /Applications/ArmGNUToolchain/12.2.mpacbti-rel1/arm-none-eabi/bin/../lib/gcc/arm-none-eabi/12.2.1/../../../../arm-none-eabi/lib/thumb/v7e-m+fp/hard/libc_nano.a(libc_a-mlock.o)
                0x08006c60                __malloc_lock
 .text.__malloc_unlock
                0x08006c6c        0xc /Applications/ArmGNUToolchain/12.2.mpacbti-rel1/arm-none-eabi/bin/../lib/gcc/arm-none-eabi/12.2.1/../../../../arm-none-eabi/lib/thumb/v7e-m+fp/hard/libc_nano.a(libc_a-mlock.o)
                0x08006c6c                __malloc_unlock
 .text._Balloc  0x08006c78       0x80 /Applications/ArmGNUToolchain/12.2.mpacbti-rel1/arm-none-eabi/bin/../lib/gcc/arm-none-eabi/12.2.1/../../../../arm-none-eabi/lib/thumb/v7e-m+fp/hard/libc_nano.a(libc_a-mprec.o)
                0x08006c78                _Balloc
 .text._Bfree   0x08006cf8       0x44 /Applications/ArmGNUToolchain/12.2.mpacbti-rel1/arm-none-eabi/bin/../lib/gcc/arm-none-eabi/12.2.1/../../../../arm-none-eabi/lib/thumb/v7e-m+fp/hard/libc_nano.a(libc_a-mprec.o)
                0x08006cf8                _Bfree
 .text.__multadd
                0x08006d3c       0x8c /Applications/ArmGNUToolchain/12.2.mpacbti-rel1/arm-none-eabi/bin/../lib/gcc/arm-none-eabi/12.2.1/../../../../arm-none-eabi/lib/thumb/v7e-m+fp/hard/libc_nano.a(libc_a-mprec.o)
                0x08006d3c                __multadd
 .text.__hi0bits
                0x08006dc8       0x44 /Applications/ArmGNUToolchain/12.2.mpacbti-rel1/arm-none-eabi/bin/../lib/gcc/arm-none-eabi/12.2.1/../../../../arm-none-eabi/lib/thumb/v7e-m+fp/hard/libc_nano.a(libc_a-mprec.o)
                0x08006dc8                __hi0bits
 .text.__lo0bits
                0x08006e0c       0x5a /Applications/ArmGNUToolchain/12.2.mpacbti-rel1/arm-none-eabi/bin/../lib/gcc/arm-none-eabi/12.2.1/../../../../arm-none-eabi/lib/thumb/v7e-m+fp/hard/libc_nano.a(libc_a-mprec.o)
                0x08006e0c                __lo0bits
 *fill*         0x08006e66        0x2 
 .text.__i2b    0x08006e68       0x2c /Applications/ArmGNUToolchain/12.2.mpacbti-rel1/arm-none-eabi/bin/../lib/gcc/arm-none-eabi/12.2.1/../../../../arm-none-eabi/lib/thumb/v7e-m+fp/hard/libc_nano.a(libc_a-mprec.o)
                0x08006e68                __i2b
 .text.__multiply
                0x08006e94      0x154 /Applications/ArmGNUToolchain/12.2.mpacbti-rel1/arm-none-eabi/bin/../lib/gcc/arm-none-eabi/12.2.1/../../../../arm-none-eabi/lib/thumb/v7e-m+fp/hard/libc_nano.a(libc_a-mprec.o)
                0x08006e94                __multiply
 .text.__pow5mult
                0x08006fe8       0xb4 /Applications/ArmGNUToolchain/12.2.mpacbti-rel1/arm-none-eabi/bin/../lib/gcc/arm-none-eabi/12.2.1/../../../../arm-none-eabi/lib/thumb/v7e-m+fp/hard/libc_nano.a(libc_a-mprec.o)
                0x08006fe8                __pow5mult
 .text.__lshift
                0x0800709c       0xd8 /Applications/ArmGNUToolchain/12.2.mpacbti-rel1/arm-none-eabi/bin/../lib/gcc/arm-none-eabi/12.2.1/../../../../arm-none-eabi/lib/thumb/v7e-m+fp/hard/libc_nano.a(libc_a-mprec.o)
                0x0800709c                __lshift
 .text.__mcmp   0x08007174       0x36 /Applications/ArmGNUToolchain/12.2.mpacbti-rel1/arm-none-eabi/bin/../lib/gcc/arm-none-eabi/12.2.1/../../../../arm-none-eabi/lib/thumb/v7e-m+fp/hard/libc_nano.a(libc_a-mprec.o)
                0x08007174                __mcmp
 *fill*         0x080071aa        0x2 
 .text.__mdiff  0x080071ac      0x128 /Applications/ArmGNUToolchain/12.2.mpacbti-rel1/arm-none-eabi/bin/../lib/gcc/arm-none-eabi/12.2.1/../../../../arm-none-eabi/lib/thumb/v7e-m+fp/hard/libc_nano.a(libc_a-mprec.o)
                0x080071ac                __mdiff
 .text.__d2b    0x080072d4       0xb0 /Applications/ArmGNUToolchain/12.2.mpacbti-rel1/arm-none-eabi/bin/../lib/gcc/arm-none-eabi/12.2.1/../../../../arm-none-eabi/lib/thumb/v7e-m+fp/hard/libc_nano.a(libc_a-mprec.o)
                0x080072d4                __d2b
 .text.__sread  0x08007384       0x22 /Applications/ArmGNUToolchain/12.2.mpacbti-rel1/arm-none-eabi/bin/../lib/gcc/arm-none-eabi/12.2.1/../../../../arm-none-eabi/lib/thumb/v7e-m+fp/hard/libc_nano.a(libc_a-stdio.o)
                0x08007384                __sread
 .text.__swrite
                0x080073a6       0x38 /Applications/ArmGNUToolchain/12.2.mpacbti-rel1/arm-none-eabi/bin/../lib/gcc/arm-none-eabi/12.2.1/../../../../arm-none-eabi/lib/thumb/v7e-m+fp/hard/libc_nano.a(libc_a-stdio.o)
                0x080073a6                __swrite
 .text.__sseek  0x080073de       0x24 /Applications/ArmGNUToolchain/12.2.mpacbti-rel1/arm-none-eabi/bin/../lib/gcc/arm-none-eabi/12.2.1/../../../../arm-none-eabi/lib/thumb/v7e-m+fp/hard/libc_nano.a(libc_a-stdio.o)
                0x080073de                __sseek
 .text.__sclose
                0x08007402        0x8 /Applications/ArmGNUToolchain/12.2.mpacbti-rel1/arm-none-eabi/bin/../lib/gcc/arm-none-eabi/12.2.1/../../../../arm-none-eabi/lib/thumb/v7e-m+fp/hard/libc_nano.a(libc_a-stdio.o)
                0x08007402                __sclose
 .text.__swbuf_r
                0x0800740a       0x7c /Applications/ArmGNUToolchain/12.2.mpacbti-rel1/arm-none-eabi/bin/../lib/gcc/arm-none-eabi/12.2.1/../../../../arm-none-eabi/lib/thumb/v7e-m+fp/hard/libc_nano.a(libc_a-wbuf.o)
                0x0800740a                __swbuf_r
 *fill*         0x08007486        0x2 
 .text.__swsetup_r
                0x08007488       0xac /Applications/ArmGNUToolchain/12.2.mpacbti-rel1/arm-none-eabi/bin/../lib/gcc/arm-none-eabi/12.2.1/../../../../arm-none-eabi/lib/thumb/v7e-m+fp/hard/libc_nano.a(libc_a-wsetup.o)
                0x08007488                __swsetup_r
 .text.__swhatbuf_r
                0x08007534       0x4c /Applications/ArmGNUToolchain/12.2.mpacbti-rel1/arm-none-eabi/bin/../lib/gcc/arm-none-eabi/12.2.1/../../../../arm-none-eabi/lib/thumb/v7e-m+fp/hard/libc_nano.a(libc_a-makebuf.o)
                0x08007534                __swhatbuf_r
 .text.__smakebuf_r
                0x08007580       0x78 /Applications/ArmGNUToolchain/12.2.mpacbti-rel1/arm-none-eabi/bin/../lib/gcc/arm-none-eabi/12.2.1/../../../../arm-none-eabi/lib/thumb/v7e-m+fp/hard/libc_nano.a(libc_a-makebuf.o)
                0x08007580                __smakebuf_r
 .text._close_r
                0x080075f8       0x20 /Applications/ArmGNUToolchain/12.2.mpacbti-rel1/arm-none-eabi/bin/../lib/gcc/arm-none-eabi/12.2.1/../../../../arm-none-eabi/lib/thumb/v7e-m+fp/hard/libc_nano.a(libc_a-closer.o)
                0x080075f8                _close_r
 .text._fstat_r
                0x08007618       0x24 /Applications/ArmGNUToolchain/12.2.mpacbti-rel1/arm-none-eabi/bin/../lib/gcc/arm-none-eabi/12.2.1/../../../../arm-none-eabi/lib/thumb/v7e-m+fp/hard/libc_nano.a(libc_a-fstatr.o)
                0x08007618                _fstat_r
 .text._isatty_r
                0x0800763c       0x20 /Applications/ArmGNUToolchain/12.2.mpacbti-rel1/arm-none-eabi/bin/../lib/gcc/arm-none-eabi/12.2.1/../../../../arm-none-eabi/lib/thumb/v7e-m+fp/hard/libc_nano.a(libc_a-isattyr.o)
                0x0800763c                _isatty_r
 .text._lseek_r
                0x0800765c       0x24 /Applications/ArmGNUToolchain/12.2.mpacbti-rel1/arm-none-eabi/bin/../lib/gcc/arm-none-eabi/12.2.1/../../../../arm-none-eabi/lib/thumb/v7e-m+fp/hard/libc_nano.a(libc_a-lseekr.o)
                0x0800765c                _lseek_r
 .text._read_r  0x08007680       0x24 /Applications/ArmGNUToolchain/12.2.mpacbti-rel1/arm-none-eabi/bin/../lib/gcc/arm-none-eabi/12.2.1/../../../../arm-none-eabi/lib/thumb/v7e-m+fp/hard/libc_nano.a(libc_a-readr.o)
                0x08007680                _read_r
 .text._sbrk_r  0x080076a4       0x20 /Applications/ArmGNUToolchain/12.2.mpacbti-rel1/arm-none-eabi/bin/../lib/gcc/arm-none-eabi/12.2.1/../../../../arm-none-eabi/lib/thumb/v7e-m+fp/hard/libc_nano.a(libc_a-sbrkr.o)
                0x080076a4                _sbrk_r
 .text._write_r
                0x080076c4       0x24 /Applications/ArmGNUToolchain/12.2.mpacbti-rel1/arm-none-eabi/bin/../lib/gcc/arm-none-eabi/12.2.1/../../../../arm-none-eabi/lib/thumb/v7e-m+fp/hard/libc_nano.a(libc_a-writer.o)
                0x080076c4                _write_r
 .text.__assert_func
                0x080076e8       0x3c /Applications/ArmGNUToolchain/12.2.mpacbti-rel1/arm-none-eabi/bin/../lib/gcc/arm-none-eabi/12.2.1/../../../../arm-none-eabi/lib/thumb/v7e-m+fp/hard/libc_nano.a(libc_a-assert.o)
                0x080076e8                __assert_func
 .text._calloc_r
                0x08007724       0x28 /Applications/ArmGNUToolchain/12.2.mpacbti-rel1/arm-none-eabi/bin/../lib/gcc/arm-none-eabi/12.2.1/../../../../arm-none-eabi/lib/thumb/v7e-m+fp/hard/libc_nano.a(libc_a-callocr.o)
                0x08007724                _calloc_r
 .text._free_r  0x0800774c       0x94 /Applications/ArmGNUToolchain/12.2.mpacbti-rel1/arm-none-eabi/bin/../lib/gcc/arm-none-eabi/12.2.1/../../../../arm-none-eabi/lib/thumb/v7e-m+fp/hard/libc_nano.a(libc_a-freer.o)
                0x0800774c                _free_r
 .text.__ascii_mbtowc
                0x080077e0       0x24 /Applications/ArmGNUToolchain/12.2.mpacbti-rel1/arm-none-eabi/bin/../lib/gcc/arm-none-eabi/12.2.1/../../../../arm-none-eabi/lib/thumb/v7e-m+fp/hard/libc_nano.a(libc_a-mbtowc_r.o)
                0x080077e0                __ascii_mbtowc
 .text.fprintf  0x08007804       0x24 /Applications/ArmGNUToolchain/12.2.mpacbti-rel1/arm-none-eabi/bin/../lib/gcc/arm-none-eabi/12.2.1/../../../../arm-none-eabi/lib/thumb/v7e-m+fp/hard/libc_nano.a(libc_a-fprintf.o)
                0x08007804                fprintf
                0x08007804                fiprintf
 .text.__ascii_wctomb
                0x08007828       0x1a /Applications/ArmGNUToolchain/12.2.mpacbti-rel1/arm-none-eabi/bin/../lib/gcc/arm-none-eabi/12.2.1/../../../../arm-none-eabi/lib/thumb/v7e-m+fp/hard/libc_nano.a(libc_a-wctomb_r.o)
                0x08007828                __ascii_wctomb
 .text._raise_r
                0x08007842       0x50 /Applications/ArmGNUToolchain/12.2.mpacbti-rel1/arm-none-eabi/bin/../lib/gcc/arm-none-eabi/12.2.1/../../../../arm-none-eabi/lib/thumb/v7e-m+fp/hard/libc_nano.a(libc_a-signal.o)
                0x08007842                _raise_r
 *fill*         0x08007892        0x2 
 .text.raise    0x08007894       0x10 /Applications/ArmGNUToolchain/12.2.mpacbti-rel1/arm-none-eabi/bin/../lib/gcc/arm-none-eabi/12.2.1/../../../../arm-none-eabi/lib/thumb/v7e-m+fp/hard/libc_nano.a(libc_a-signal.o)
                0x08007894                raise
 .text._kill_r  0x080078a4       0x24 /Applications/ArmGNUToolchain/12.2.mpacbti-rel1/arm-none-eabi/bin/../lib/gcc/arm-none-eabi/12.2.1/../../../../arm-none-eabi/lib/thumb/v7e-m+fp/hard/libc_nano.a(libc_a-signalr.o)
                0x080078a4                _kill_r
 .text._getpid_r
                0x080078c8        0x4 /Applications/ArmGNUToolchain/12.2.mpacbti-rel1/arm-none-eabi/bin/../lib/gcc/arm-none-eabi/12.2.1/../../../../arm-none-eabi/lib/thumb/v7e-m+fp/hard/libc_nano.a(libc_a-signalr.o)
                0x080078c8                _getpid_r
 .text.abort    0x080078cc        0xe /Applications/ArmGNUToolchain/12.2.mpacbti-rel1/arm-none-eabi/bin/../lib/gcc/arm-none-eabi/12.2.1/../../../../arm-none-eabi/lib/thumb/v7e-m+fp/hard/libc_nano.a(libc_a-abort.o)
                0x080078cc                abort
 *fill*         0x080078da        0x2 
 .text._close   0x080078dc       0x10 /Applications/ArmGNUToolchain/12.2.mpacbti-rel1/arm-none-eabi/bin/../lib/gcc/arm-none-eabi/12.2.1/../../../../arm-none-eabi/lib/thumb/v7e-m+fp/hard/libnosys.a(close.o)
                0x080078dc                _close
 .text._fstat   0x080078ec       0x10 /Applications/ArmGNUToolchain/12.2.mpacbti-rel1/arm-none-eabi/bin/../lib/gcc/arm-none-eabi/12.2.1/../../../../arm-none-eabi/lib/thumb/v7e-m+fp/hard/libnosys.a(fstat.o)
                0x080078ec                _fstat
 .text._getpid  0x080078fc       0x10 /Applications/ArmGNUToolchain/12.2.mpacbti-rel1/arm-none-eabi/bin/../lib/gcc/arm-none-eabi/12.2.1/../../../../arm-none-eabi/lib/thumb/v7e-m+fp/hard/libnosys.a(getpid.o)
                0x080078fc                _getpid
 .text._isatty  0x0800790c       0x10 /Applications/ArmGNUToolchain/12.2.mpacbti-rel1/arm-none-eabi/bin/../lib/gcc/arm-none-eabi/12.2.1/../../../../arm-none-eabi/lib/thumb/v7e-m+fp/hard/libnosys.a(isatty.o)
                0x0800790c                _isatty
 .text._kill    0x0800791c       0x10 /Applications/ArmGNUToolchain/12.2.mpacbti-rel1/arm-none-eabi/bin/../lib/gcc/arm-none-eabi/12.2.1/../../../../arm-none-eabi/lib/thumb/v7e-m+fp/hard/libnosys.a(kill.o)
                0x0800791c                _kill
 .text._lseek   0x0800792c       0x10 /Applications/ArmGNUToolchain/12.2.mpacbti-rel1/arm-none-eabi/bin/../lib/gcc/arm-none-eabi/12.2.1/../../../../arm-none-eabi/lib/thumb/v7e-m+fp/hard/libnosys.a(lseek.o)
                0x0800792c                _lseek
 .text._read    0x0800793c       0x10 /Applications/ArmGNUToolchain/12.2.mpacbti-rel1/arm-none-eabi/bin/../lib/gcc/arm-none-eabi/12.2.1/../../../../arm-none-eabi/lib/thumb/v7e-m+fp/hard/libnosys.a(read.o)
                0x0800793c                _read
 .text._sbrk    0x0800794c       0x1c /Applications/ArmGNUToolchain/12.2.mpacbti-rel1/arm-none-eabi/bin/../lib/gcc/arm-none-eabi/12.2.1/../../../../arm-none-eabi/lib/thumb/v7e-m+fp/hard/libnosys.a(sbrk.o)
                0x0800794c                _sbrk
 .text._write   0x08007968       0x10 /Applications/ArmGNUToolchain/12.2.mpacbti-rel1/arm-none-eabi/bin/../lib/gcc/arm-none-eabi/12.2.1/../../../../arm-none-eabi/lib/thumb/v7e-m+fp/hard/libnosys.a(write.o)
                0x08007968                _write
 .text._exit    0x08007978        0x4 /Applications/ArmGNUToolchain/12.2.mpacbti-rel1/arm-none-eabi/bin/../lib/gcc/arm-none-eabi/12.2.1/../../../../arm-none-eabi/lib/thumb/v7e-m+fp/hard/libnosys.a(_exit.o)
                0x08007978                _exit
 .text.__udivmoddi4
                0x0800797c      0x2bc /Applications/ArmGNUToolchain/12.2.mpacbti-rel1/arm-none-eabi/bin/../lib/gcc/arm-none-eabi/12.2.1/thumb/v7e-m+fp/hard/libgcc.a(_udivmoddi4.o)
                0x0800797c                __udivmoddi4
 *(.glue_7)
 .glue_7        0x08007c38        0x0 linker stubs
 *(.glue_7t)
 .glue_7t       0x08007c38        0x0 linker stubs
 *(.eh_frame)
 .eh_frame      0x08007c38        0x0 /Applications/ArmGNUToolchain/12.2.mpacbti-rel1/arm-none-eabi/bin/../lib/gcc/arm-none-eabi/12.2.1/thumb/v7e-m+fp/hard/crtbegin.o
 *(.init)
 .init          0x08007c38        0x4 /Applications/ArmGNUToolchain/12.2.mpacbti-rel1/arm-none-eabi/bin/../lib/gcc/arm-none-eabi/12.2.1/thumb/v7e-m+fp/hard/crti.o
                0x08007c38                _init
 .init          0x08007c3c        0x8 /Applications/ArmGNUToolchain/12.2.mpacbti-rel1/arm-none-eabi/bin/../lib/gcc/arm-none-eabi/12.2.1/thumb/v7e-m+fp/hard/crtn.o
 *(.fini)
 .fini          0x08007c44        0x4 /Applications/ArmGNUToolchain/12.2.mpacbti-rel1/arm-none-eabi/bin/../lib/gcc/arm-none-eabi/12.2.1/thumb/v7e-m+fp/hard/crti.o
                0x08007c44                _fini
 .fini          0x08007c48        0x8 /Applications/ArmGNUToolchain/12.2.mpacbti-rel1/arm-none-eabi/bin/../lib/gcc/arm-none-eabi/12.2.1/thumb/v7e-m+fp/hard/crtn.o
                0x08007c50                        . = ALIGN (0x4)
                0x08007c50                        _etext = .

.vfp11_veneer   0x08007c50        0x0
 .vfp11_veneer  0x08007c50        0x0 linker stubs

.v4_bx          0x08007c50        0x0
 .v4_bx         0x08007c50        0x0 linker stubs

.iplt           0x08007c50        0x0
 .iplt          0x08007c50        0x0 /Applications/ArmGNUToolchain/12.2.mpacbti-rel1/arm-none-eabi/bin/../lib/gcc/arm-none-eabi/12.2.1/thumb/v7e-m+fp/hard/crtbegin.o

.rodata         0x08007c50      0x3d8
                0x08007c50                        . = ALIGN (0x4)
 *(.rodata)
 *(.rodata*)
 .rodata.UARTPrescTable
                0x08007c50       0x18 build/stm32g4xx_hal_uart.o
                0x08007c50                UARTPrescTable
 .rodata.denominator.0
                0x08007c68        0x8 build/stm32g4xx_hal_uart_ex.o
 .rodata.numerator.1
                0x08007c70        0x8 build/stm32g4xx_hal_uart_ex.o
 .rodata.APBPrescTable
                0x08007c78        0x8 build/system_stm32g4xx.o
                0x08007c78                APBPrescTable
 .rodata.AHBPrescTable
                0x08007c80       0x10 build/system_stm32g4xx.o
                0x08007c80                AHBPrescTable
 .rodata._printf_float.str1.1
                0x08007c90       0x12 /Applications/ArmGNUToolchain/12.2.mpacbti-rel1/arm-none-eabi/bin/../lib/gcc/arm-none-eabi/12.2.1/../../../../arm-none-eabi/lib/thumb/v7e-m+fp/hard/libc_nano.a(libc_a-nano-vfprintf_float.o)
 .rodata._printf_i.str1.1
                0x08007ca2       0x22 /Applications/ArmGNUToolchain/12.2.mpacbti-rel1/arm-none-eabi/bin/../lib/gcc/arm-none-eabi/12.2.1/../../../../arm-none-eabi/lib/thumb/v7e-m+fp/hard/libc_nano.a(libc_a-nano-vfprintf_i.o)
 .rodata._dtoa_r.str1.1
                0x08007cc4       0x9e /Applications/ArmGNUToolchain/12.2.mpacbti-rel1/arm-none-eabi/bin/../lib/gcc/arm-none-eabi/12.2.1/../../../../arm-none-eabi/lib/thumb/v7e-m+fp/hard/libc_nano.a(libc_a-dtoa.o)
                                 0xa0 (size before relaxing)
 .rodata._vfprintf_r.str1.1
                0x08007d62       0x11 /Applications/ArmGNUToolchain/12.2.mpacbti-rel1/arm-none-eabi/bin/../lib/gcc/arm-none-eabi/12.2.1/../../../../arm-none-eabi/lib/thumb/v7e-m+fp/hard/libc_nano.a(libc_a-nano-vfprintf.o)
 .rodata._Balloc.str1.1
                0x08007d73       0x6a /Applications/ArmGNUToolchain/12.2.mpacbti-rel1/arm-none-eabi/bin/../lib/gcc/arm-none-eabi/12.2.1/../../../../arm-none-eabi/lib/thumb/v7e-m+fp/hard/libc_nano.a(libc_a-mprec.o)
                                 0x81 (size before relaxing)
 .rodata.__multadd.str1.1
                0x08007ddd       0x11 /Applications/ArmGNUToolchain/12.2.mpacbti-rel1/arm-none-eabi/bin/../lib/gcc/arm-none-eabi/12.2.1/../../../../arm-none-eabi/lib/thumb/v7e-m+fp/hard/libc_nano.a(libc_a-mprec.o)
 *fill*         0x08007ddd        0x3 
 .rodata.p05.0  0x08007de0        0xc /Applications/ArmGNUToolchain/12.2.mpacbti-rel1/arm-none-eabi/bin/../lib/gcc/arm-none-eabi/12.2.1/../../../../arm-none-eabi/lib/thumb/v7e-m+fp/hard/libc_nano.a(libc_a-mprec.o)
 *fill*         0x08007dec        0x4 
 .rodata.__mprec_bigtens
                0x08007df0       0x28 /Applications/ArmGNUToolchain/12.2.mpacbti-rel1/arm-none-eabi/bin/../lib/gcc/arm-none-eabi/12.2.1/../../../../arm-none-eabi/lib/thumb/v7e-m+fp/hard/libc_nano.a(libc_a-mprec.o)
                0x08007df0                __mprec_bigtens
 .rodata.__mprec_tens
                0x08007e18       0xc8 /Applications/ArmGNUToolchain/12.2.mpacbti-rel1/arm-none-eabi/bin/../lib/gcc/arm-none-eabi/12.2.1/../../../../arm-none-eabi/lib/thumb/v7e-m+fp/hard/libc_nano.a(libc_a-mprec.o)
                0x08007e18                __mprec_tens
 .rodata._setlocale_r.str1.1
                0x08007ee0        0x8 /Applications/ArmGNUToolchain/12.2.mpacbti-rel1/arm-none-eabi/bin/../lib/gcc/arm-none-eabi/12.2.1/../../../../arm-none-eabi/lib/thumb/v7e-m+fp/hard/libc_nano.a(libc_a-locale.o)
                                  0x9 (size before relaxing)
 .rodata.str1.1
                0x08007ee8        0x2 /Applications/ArmGNUToolchain/12.2.mpacbti-rel1/arm-none-eabi/bin/../lib/gcc/arm-none-eabi/12.2.1/../../../../arm-none-eabi/lib/thumb/v7e-m+fp/hard/libc_nano.a(libc_a-locale.o)
 .rodata._ctype_
                0x08007eea      0x101 /Applications/ArmGNUToolchain/12.2.mpacbti-rel1/arm-none-eabi/bin/../lib/gcc/arm-none-eabi/12.2.1/../../../../arm-none-eabi/lib/thumb/v7e-m+fp/hard/libc_nano.a(libc_a-ctype_.o)
                0x08007eea                _ctype_
 .rodata.__assert_func.str1.1
                0x08007feb       0x3c /Applications/ArmGNUToolchain/12.2.mpacbti-rel1/arm-none-eabi/bin/../lib/gcc/arm-none-eabi/12.2.1/../../../../arm-none-eabi/lib/thumb/v7e-m+fp/hard/libc_nano.a(libc_a-assert.o)
                                 0x3d (size before relaxing)
                0x08008028                        . = ALIGN (0x4)
 *fill*         0x08008027        0x1 

.ARM.extab
 *(.ARM.extab* .gnu.linkonce.armextab.*)

.ARM            0x08008028        0x8
                0x08008028                        __exidx_start = .
 *(.ARM.exidx*)
 .ARM.exidx     0x08008028        0x8 /Applications/ArmGNUToolchain/12.2.mpacbti-rel1/arm-none-eabi/bin/../lib/gcc/arm-none-eabi/12.2.1/../../../../arm-none-eabi/lib/thumb/v7e-m+fp/hard/libc_nano.a(libc_a-memchr.o)
 .ARM.exidx     0x08008030        0x0 /Applications/ArmGNUToolchain/12.2.mpacbti-rel1/arm-none-eabi/bin/../lib/gcc/arm-none-eabi/12.2.1/../../../../arm-none-eabi/lib/thumb/v7e-m+fp/hard/libc_nano.a(libc_a-strlen.o)
                                  0x8 (size before relaxing)
 .ARM.exidx.text.__udivmoddi4
                0x08008030        0x0 /Applications/ArmGNUToolchain/12.2.mpacbti-rel1/arm-none-eabi/bin/../lib/gcc/arm-none-eabi/12.2.1/thumb/v7e-m+fp/hard/libgcc.a(_udivmoddi4.o)
                                  0x8 (size before relaxing)
                0x08008030                        __exidx_end = .

.rel.dyn        0x08008030        0x0
 .rel.iplt      0x08008030        0x0 /Applications/ArmGNUToolchain/12.2.mpacbti-rel1/arm-none-eabi/bin/../lib/gcc/arm-none-eabi/12.2.1/thumb/v7e-m+fp/hard/crtbegin.o

.preinit_array  0x08008030        0x0
                0x08008030                        PROVIDE (__preinit_array_start = .)
 *(.preinit_array*)
                0x08008030                        PROVIDE (__preinit_array_end = .)

.init_array     0x08008030        0x4
                0x08008030                        PROVIDE (__init_array_start = .)
 *(SORT_BY_NAME(.init_array.*))
 *(.init_array*)
 .init_array    0x08008030        0x4 /Applications/ArmGNUToolchain/12.2.mpacbti-rel1/arm-none-eabi/bin/../lib/gcc/arm-none-eabi/12.2.1/thumb/v7e-m+fp/hard/crtbegin.o
                0x08008034                        PROVIDE (__init_array_end = .)

.fini_array     0x08008034        0x4
                [!provide]                        PROVIDE (__fini_array_start = .)
 *(SORT_BY_NAME(.fini_array.*))
 *(.fini_array*)
 .fini_array    0x08008034        0x4 /Applications/ArmGNUToolchain/12.2.mpacbti-rel1/arm-none-eabi/bin/../lib/gcc/arm-none-eabi/12.2.1/thumb/v7e-m+fp/hard/crtbegin.o
                [!provide]                        PROVIDE (__fini_array_end = .)
                0x08008038                        _sidata = LOADADDR (.data)

.data           0x20000000      0x1d4 load address 0x08008038
                0x20000000                        . = ALIGN (0x4)
                0x20000000                        _sdata = .
 *(.data)
 *(.data*)
 .data.uwTickFreq
                0x20000000        0x4 build/stm32g4xx_hal.o
                0x20000000                uwTickFreq
 .data.uwTickPrio
                0x20000004        0x4 build/stm32g4xx_hal.o
                0x20000004                uwTickPrio
 .data.SystemCoreClock
                0x20000008        0x4 build/system_stm32g4xx.o
                0x20000008                SystemCoreClock
 .data.__sglue  0x2000000c        0xc /Applications/ArmGNUToolchain/12.2.mpacbti-rel1/arm-none-eabi/bin/../lib/gcc/arm-none-eabi/12.2.1/../../../../arm-none-eabi/lib/thumb/v7e-m+fp/hard/libc_nano.a(libc_a-findfp.o)
                0x2000000c                __sglue
 .data._impure_ptr
                0x20000018        0x4 /Applications/ArmGNUToolchain/12.2.mpacbti-rel1/arm-none-eabi/bin/../lib/gcc/arm-none-eabi/12.2.1/../../../../arm-none-eabi/lib/thumb/v7e-m+fp/hard/libc_nano.a(libc_a-impure.o)
                0x20000018                _impure_ptr
 .data._impure_data
                0x2000001c       0x4c /Applications/ArmGNUToolchain/12.2.mpacbti-rel1/arm-none-eabi/bin/../lib/gcc/arm-none-eabi/12.2.1/../../../../arm-none-eabi/lib/thumb/v7e-m+fp/hard/libc_nano.a(libc_a-impure.o)
                0x2000001c                _impure_data
 .data.__global_locale
                0x20000068      0x16c /Applications/ArmGNUToolchain/12.2.mpacbti-rel1/arm-none-eabi/bin/../lib/gcc/arm-none-eabi/12.2.1/../../../../arm-none-eabi/lib/thumb/v7e-m+fp/hard/libc_nano.a(libc_a-locale.o)
                0x20000068                __global_locale
                0x200001d4                        . = ALIGN (0x4)
                0x200001d4                        _edata = .

.tm_clone_table
                0x200001d4        0x0 load address 0x0800820c
 .tm_clone_table
                0x200001d4        0x0 /Applications/ArmGNUToolchain/12.2.mpacbti-rel1/arm-none-eabi/bin/../lib/gcc/arm-none-eabi/12.2.1/thumb/v7e-m+fp/hard/crtbegin.o
 .tm_clone_table
                0x200001d4        0x0 /Applications/ArmGNUToolchain/12.2.mpacbti-rel1/arm-none-eabi/bin/../lib/gcc/arm-none-eabi/12.2.1/thumb/v7e-m+fp/hard/crtend.o

.igot.plt       0x200001d4        0x0 load address 0x0800820c
 .igot.plt      0x200001d4        0x0 /Applications/ArmGNUToolchain/12.2.mpacbti-rel1/arm-none-eabi/bin/../lib/gcc/arm-none-eabi/12.2.1/thumb/v7e-m+fp/hard/crtbegin.o
                0x200001d4                        . = ALIGN (0x4)

.bss            0x200001d4      0x5cc load address 0x0800820c
                0x200001d4                        _sbss = .
                0x200001d4                        __bss_start__ = _sbss
 *(.bss)
 *(.bss*)
 .bss.completed.1
                0x200001d4        0x1 /Applications/ArmGNUToolchain/12.2.mpacbti-rel1/arm-none-eabi/bin/../lib/gcc/arm-none-eabi/12.2.1/thumb/v7e-m+fp/hard/crtbegin.o
 *fill*         0x200001d5        0x3 
 .bss.object.0  0x200001d8       0x18 /Applications/ArmGNUToolchain/12.2.mpacbti-rel1/arm-none-eabi/bin/../lib/gcc/arm-none-eabi/12.2.1/thumb/v7e-m+fp/hard/crtbegin.o
 .bss.angle     0x200001f0        0x4 build/main.o
                0x200001f0                angle
 .bss.huart1    0x200001f4       0xcc build/usart.o
                0x200001f4                huart1
 .bss.uwTick    0x200002c0        0x4 build/stm32g4xx_hal.o
                0x200002c0                uwTick
 .bss.hdma_tim1_ch1
                0x200002c4       0x60 build/tim.o
                0x200002c4                hdma_tim1_ch1
 .bss.htim1     0x20000324       0x4c build/tim.o
                0x20000324                htim1
 .bss.hi2c1     0x20000370       0x54 build/i2c.o
                0x20000370                hi2c1
 .bss.cmd_i     0x200003c4        0x2 build/Cmd_Serial.o
                0x200003c4                cmd_i
 *fill*         0x200003c6        0x2 
 .bss.chcmd     0x200003c8       0x40 build/Cmd_Serial.o
                0x200003c8                chcmd
 .bss.send_Buf  0x20000408      0x248 build/ws2812.o
                0x20000408                send_Buf
 .bss.__sf      0x20000650      0x138 /Applications/ArmGNUToolchain/12.2.mpacbti-rel1/arm-none-eabi/bin/../lib/gcc/arm-none-eabi/12.2.1/../../../../arm-none-eabi/lib/thumb/v7e-m+fp/hard/libc_nano.a(libc_a-findfp.o)
                0x20000650                __sf
 .bss.__stdio_exit_handler
                0x20000788        0x4 /Applications/ArmGNUToolchain/12.2.mpacbti-rel1/arm-none-eabi/bin/../lib/gcc/arm-none-eabi/12.2.1/../../../../arm-none-eabi/lib/thumb/v7e-m+fp/hard/libc_nano.a(libc_a-findfp.o)
                0x20000788                __stdio_exit_handler
 .bss.__lock___malloc_recursive_mutex
                0x2000078c        0x1 /Applications/ArmGNUToolchain/12.2.mpacbti-rel1/arm-none-eabi/bin/../lib/gcc/arm-none-eabi/12.2.1/../../../../arm-none-eabi/lib/thumb/v7e-m+fp/hard/libc_nano.a(libc_a-lock.o)
                0x2000078c                __lock___malloc_recursive_mutex
 .bss.__lock___sfp_recursive_mutex
                0x2000078d        0x1 /Applications/ArmGNUToolchain/12.2.mpacbti-rel1/arm-none-eabi/bin/../lib/gcc/arm-none-eabi/12.2.1/../../../../arm-none-eabi/lib/thumb/v7e-m+fp/hard/libc_nano.a(libc_a-lock.o)
                0x2000078d                __lock___sfp_recursive_mutex
 *fill*         0x2000078e        0x2 
 .bss.__malloc_sbrk_start
                0x20000790        0x4 /Applications/ArmGNUToolchain/12.2.mpacbti-rel1/arm-none-eabi/bin/../lib/gcc/arm-none-eabi/12.2.1/../../../../arm-none-eabi/lib/thumb/v7e-m+fp/hard/libc_nano.a(libc_a-mallocr.o)
                0x20000790                __malloc_sbrk_start
 .bss.__malloc_free_list
                0x20000794        0x4 /Applications/ArmGNUToolchain/12.2.mpacbti-rel1/arm-none-eabi/bin/../lib/gcc/arm-none-eabi/12.2.1/../../../../arm-none-eabi/lib/thumb/v7e-m+fp/hard/libc_nano.a(libc_a-mallocr.o)
                0x20000794                __malloc_free_list
 .bss.errno     0x20000798        0x4 /Applications/ArmGNUToolchain/12.2.mpacbti-rel1/arm-none-eabi/bin/../lib/gcc/arm-none-eabi/12.2.1/../../../../arm-none-eabi/lib/thumb/v7e-m+fp/hard/libc_nano.a(libc_a-reent.o)
                0x20000798                errno
 .bss.heap_end.0
                0x2000079c        0x4 /Applications/ArmGNUToolchain/12.2.mpacbti-rel1/arm-none-eabi/bin/../lib/gcc/arm-none-eabi/12.2.1/../../../../arm-none-eabi/lib/thumb/v7e-m+fp/hard/libnosys.a(sbrk.o)
 *(COMMON)
                0x200007a0                        . = ALIGN (0x4)
                0x200007a0                        _ebss = .
                0x200007a0                        __bss_end__ = _ebss

._user_heap_stack
                0x200007a0      0x600 load address 0x0800820c
                0x200007a0                        . = ALIGN (0x8)
                0x200007a0                        PROVIDE (end = .)
                [!provide]                        PROVIDE (_end = .)
                0x200009a0                        . = (. + _Min_Heap_Size)
 *fill*         0x200007a0      0x200 
                0x20000da0                        . = (. + _Min_Stack_Size)
 *fill*         0x200009a0      0x400 
                0x20000da0                        . = ALIGN (0x8)

/DISCARD/
 libc.a(*)
 libm.a(*)
 libgcc.a(*)

.ARM.attributes
                0x00000000       0x34
 *(.ARM.attributes)
 .ARM.attributes
                0x00000000       0x22 /Applications/ArmGNUToolchain/12.2.mpacbti-rel1/arm-none-eabi/bin/../lib/gcc/arm-none-eabi/12.2.1/thumb/v7e-m+fp/hard/crti.o
 .ARM.attributes
                0x00000022       0x34 /Applications/ArmGNUToolchain/12.2.mpacbti-rel1/arm-none-eabi/bin/../lib/gcc/arm-none-eabi/12.2.1/thumb/v7e-m+fp/hard/crtbegin.o
 .ARM.attributes
                0x00000056       0x34 build/main.o
 .ARM.attributes
                0x0000008a       0x34 build/gpio.o
 .ARM.attributes
                0x000000be       0x34 build/usart.o
 .ARM.attributes
                0x000000f2       0x34 build/stm32g4xx_it.o
 .ARM.attributes
                0x00000126       0x34 build/stm32g4xx_hal_msp.o
 .ARM.attributes
                0x0000015a       0x34 build/stm32g4xx_hal.o
 .ARM.attributes
                0x0000018e       0x34 build/stm32g4xx_hal_rcc.o
 .ARM.attributes
                0x000001c2       0x34 build/stm32g4xx_hal_rcc_ex.o
 .ARM.attributes
                0x000001f6       0x34 build/stm32g4xx_hal_gpio.o
 .ARM.attributes
                0x0000022a       0x34 build/stm32g4xx_hal_dma.o
 .ARM.attributes
                0x0000025e       0x34 build/stm32g4xx_hal_pwr_ex.o
 .ARM.attributes
                0x00000292       0x34 build/stm32g4xx_hal_cortex.o
 .ARM.attributes
                0x000002c6       0x34 build/stm32g4xx_hal_tim.o
 .ARM.attributes
                0x000002fa       0x34 build/stm32g4xx_hal_tim_ex.o
 .ARM.attributes
                0x0000032e       0x34 build/stm32g4xx_hal_uart.o
 .ARM.attributes
                0x00000362       0x34 build/stm32g4xx_hal_uart_ex.o
 .ARM.attributes
                0x00000396       0x34 build/system_stm32g4xx.o
 .ARM.attributes
                0x000003ca       0x34 build/tim.o
 .ARM.attributes
                0x000003fe       0x34 build/i2c.o
 .ARM.attributes
                0x00000432       0x34 build/stm32g4xx_hal_i2c.o
 .ARM.attributes
                0x00000466       0x34 build/stm32g4xx_hal_i2c_ex.o
 .ARM.attributes
                0x0000049a       0x34 build/Cmd_Serial.o
 .ARM.attributes
                0x000004ce       0x34 build/ws2812.o
 .ARM.attributes
                0x00000502       0x34 build/dma.o
 .ARM.attributes
                0x00000536       0x21 build/startup_stm32g474xx.o
 .ARM.attributes
                0x00000557       0x34 /Applications/ArmGNUToolchain/12.2.mpacbti-rel1/arm-none-eabi/bin/../lib/gcc/arm-none-eabi/12.2.1/../../../../arm-none-eabi/lib/thumb/v7e-m+fp/hard/libc_nano.a(libc_a-nano-vfprintf_float.o)
 .ARM.attributes
                0x0000058b       0x34 /Applications/ArmGNUToolchain/12.2.mpacbti-rel1/arm-none-eabi/bin/../lib/gcc/arm-none-eabi/12.2.1/../../../../arm-none-eabi/lib/thumb/v7e-m+fp/hard/libc_nano.a(libc_a-nano-vfprintf_i.o)
 .ARM.attributes
                0x000005bf       0x34 /Applications/ArmGNUToolchain/12.2.mpacbti-rel1/arm-none-eabi/bin/../lib/gcc/arm-none-eabi/12.2.1/../../../../arm-none-eabi/lib/thumb/v7e-m+fp/hard/libc_nano.a(libc_a-findfp.o)
 .ARM.attributes
                0x000005f3       0x34 /Applications/ArmGNUToolchain/12.2.mpacbti-rel1/arm-none-eabi/bin/../lib/gcc/arm-none-eabi/12.2.1/../../../../arm-none-eabi/lib/thumb/v7e-m+fp/hard/libc_nano.a(libc_a-fwalk.o)
 .ARM.attributes
                0x00000627       0x34 /Applications/ArmGNUToolchain/12.2.mpacbti-rel1/arm-none-eabi/bin/../lib/gcc/arm-none-eabi/12.2.1/../../../../arm-none-eabi/lib/thumb/v7e-m+fp/hard/libc_nano.a(libc_a-memset.o)
 .ARM.attributes
                0x0000065b       0x34 /Applications/ArmGNUToolchain/12.2.mpacbti-rel1/arm-none-eabi/bin/../lib/gcc/arm-none-eabi/12.2.1/../../../../arm-none-eabi/lib/thumb/v7e-m+fp/hard/libc_nano.a(libc_a-localeconv.o)
 .ARM.attributes
                0x0000068f       0x34 /Applications/ArmGNUToolchain/12.2.mpacbti-rel1/arm-none-eabi/bin/../lib/gcc/arm-none-eabi/12.2.1/../../../../arm-none-eabi/lib/thumb/v7e-m+fp/hard/libc_nano.a(libc_a-impure.o)
 .ARM.attributes
                0x000006c3       0x34 /Applications/ArmGNUToolchain/12.2.mpacbti-rel1/arm-none-eabi/bin/../lib/gcc/arm-none-eabi/12.2.1/../../../../arm-none-eabi/lib/thumb/v7e-m+fp/hard/libc_nano.a(libc_a-init.o)
 .ARM.attributes
                0x000006f7       0x34 /Applications/ArmGNUToolchain/12.2.mpacbti-rel1/arm-none-eabi/bin/../lib/gcc/arm-none-eabi/12.2.1/../../../../arm-none-eabi/lib/thumb/v7e-m+fp/hard/libc_nano.a(libc_a-lock.o)
 .ARM.attributes
                0x0000072b       0x1c /Applications/ArmGNUToolchain/12.2.mpacbti-rel1/arm-none-eabi/bin/../lib/gcc/arm-none-eabi/12.2.1/../../../../arm-none-eabi/lib/thumb/v7e-m+fp/hard/libc_nano.a(libc_a-memchr.o)
 .ARM.attributes
                0x00000747       0x34 /Applications/ArmGNUToolchain/12.2.mpacbti-rel1/arm-none-eabi/bin/../lib/gcc/arm-none-eabi/12.2.1/../../../../arm-none-eabi/lib/thumb/v7e-m+fp/hard/libc_nano.a(libc_a-memcpy-stub.o)
 .ARM.attributes
                0x0000077b       0x17 /Applications/ArmGNUToolchain/12.2.mpacbti-rel1/arm-none-eabi/bin/../lib/gcc/arm-none-eabi/12.2.1/../../../../arm-none-eabi/lib/thumb/v7e-m+fp/hard/libc_nano.a(libc_a-strlen.o)
 .ARM.attributes
                0x00000792       0x34 /Applications/ArmGNUToolchain/12.2.mpacbti-rel1/arm-none-eabi/bin/../lib/gcc/arm-none-eabi/12.2.1/../../../../arm-none-eabi/lib/thumb/v7e-m+fp/hard/libc_nano.a(libc_a-dtoa.o)
 .ARM.attributes
                0x000007c6       0x34 /Applications/ArmGNUToolchain/12.2.mpacbti-rel1/arm-none-eabi/bin/../lib/gcc/arm-none-eabi/12.2.1/../../../../arm-none-eabi/lib/thumb/v7e-m+fp/hard/libc_nano.a(libc_a-nano-vfprintf.o)
 .ARM.attributes
                0x000007fa       0x34 /Applications/ArmGNUToolchain/12.2.mpacbti-rel1/arm-none-eabi/bin/../lib/gcc/arm-none-eabi/12.2.1/../../../../arm-none-eabi/lib/thumb/v7e-m+fp/hard/libc_nano.a(libc_a-malloc.o)
 .ARM.attributes
                0x0000082e       0x34 /Applications/ArmGNUToolchain/12.2.mpacbti-rel1/arm-none-eabi/bin/../lib/gcc/arm-none-eabi/12.2.1/../../../../arm-none-eabi/lib/thumb/v7e-m+fp/hard/libc_nano.a(libc_a-mallocr.o)
 .ARM.attributes
                0x00000862       0x34 /Applications/ArmGNUToolchain/12.2.mpacbti-rel1/arm-none-eabi/bin/../lib/gcc/arm-none-eabi/12.2.1/../../../../arm-none-eabi/lib/thumb/v7e-m+fp/hard/libc_nano.a(libc_a-fflush.o)
 .ARM.attributes
                0x00000896       0x34 /Applications/ArmGNUToolchain/12.2.mpacbti-rel1/arm-none-eabi/bin/../lib/gcc/arm-none-eabi/12.2.1/../../../../arm-none-eabi/lib/thumb/v7e-m+fp/hard/libc_nano.a(libc_a-mlock.o)
 .ARM.attributes
                0x000008ca       0x34 /Applications/ArmGNUToolchain/12.2.mpacbti-rel1/arm-none-eabi/bin/../lib/gcc/arm-none-eabi/12.2.1/../../../../arm-none-eabi/lib/thumb/v7e-m+fp/hard/libc_nano.a(libc_a-mprec.o)
 .ARM.attributes
                0x000008fe       0x34 /Applications/ArmGNUToolchain/12.2.mpacbti-rel1/arm-none-eabi/bin/../lib/gcc/arm-none-eabi/12.2.1/../../../../arm-none-eabi/lib/thumb/v7e-m+fp/hard/libc_nano.a(libc_a-stdio.o)
 .ARM.attributes
                0x00000932       0x34 /Applications/ArmGNUToolchain/12.2.mpacbti-rel1/arm-none-eabi/bin/../lib/gcc/arm-none-eabi/12.2.1/../../../../arm-none-eabi/lib/thumb/v7e-m+fp/hard/libc_nano.a(libc_a-wbuf.o)
 .ARM.attributes
                0x00000966       0x34 /Applications/ArmGNUToolchain/12.2.mpacbti-rel1/arm-none-eabi/bin/../lib/gcc/arm-none-eabi/12.2.1/../../../../arm-none-eabi/lib/thumb/v7e-m+fp/hard/libc_nano.a(libc_a-wsetup.o)
 .ARM.attributes
                0x0000099a       0x34 /Applications/ArmGNUToolchain/12.2.mpacbti-rel1/arm-none-eabi/bin/../lib/gcc/arm-none-eabi/12.2.1/../../../../arm-none-eabi/lib/thumb/v7e-m+fp/hard/libc_nano.a(libc_a-makebuf.o)
 .ARM.attributes
                0x000009ce       0x34 /Applications/ArmGNUToolchain/12.2.mpacbti-rel1/arm-none-eabi/bin/../lib/gcc/arm-none-eabi/12.2.1/../../../../arm-none-eabi/lib/thumb/v7e-m+fp/hard/libc_nano.a(libc_a-locale.o)
 .ARM.attributes
                0x00000a02       0x34 /Applications/ArmGNUToolchain/12.2.mpacbti-rel1/arm-none-eabi/bin/../lib/gcc/arm-none-eabi/12.2.1/../../../../arm-none-eabi/lib/thumb/v7e-m+fp/hard/libc_nano.a(libc_a-closer.o)
 .ARM.attributes
                0x00000a36       0x34 /Applications/ArmGNUToolchain/12.2.mpacbti-rel1/arm-none-eabi/bin/../lib/gcc/arm-none-eabi/12.2.1/../../../../arm-none-eabi/lib/thumb/v7e-m+fp/hard/libc_nano.a(libc_a-reent.o)
 .ARM.attributes
                0x00000a6a       0x34 /Applications/ArmGNUToolchain/12.2.mpacbti-rel1/arm-none-eabi/bin/../lib/gcc/arm-none-eabi/12.2.1/../../../../arm-none-eabi/lib/thumb/v7e-m+fp/hard/libc_nano.a(libc_a-fstatr.o)
 .ARM.attributes
                0x00000a9e       0x34 /Applications/ArmGNUToolchain/12.2.mpacbti-rel1/arm-none-eabi/bin/../lib/gcc/arm-none-eabi/12.2.1/../../../../arm-none-eabi/lib/thumb/v7e-m+fp/hard/libc_nano.a(libc_a-isattyr.o)
 .ARM.attributes
                0x00000ad2       0x34 /Applications/ArmGNUToolchain/12.2.mpacbti-rel1/arm-none-eabi/bin/../lib/gcc/arm-none-eabi/12.2.1/../../../../arm-none-eabi/lib/thumb/v7e-m+fp/hard/libc_nano.a(libc_a-lseekr.o)
 .ARM.attributes
                0x00000b06       0x34 /Applications/ArmGNUToolchain/12.2.mpacbti-rel1/arm-none-eabi/bin/../lib/gcc/arm-none-eabi/12.2.1/../../../../arm-none-eabi/lib/thumb/v7e-m+fp/hard/libc_nano.a(libc_a-readr.o)
 .ARM.attributes
                0x00000b3a       0x34 /Applications/ArmGNUToolchain/12.2.mpacbti-rel1/arm-none-eabi/bin/../lib/gcc/arm-none-eabi/12.2.1/../../../../arm-none-eabi/lib/thumb/v7e-m+fp/hard/libc_nano.a(libc_a-sbrkr.o)
 .ARM.attributes
                0x00000b6e       0x34 /Applications/ArmGNUToolchain/12.2.mpacbti-rel1/arm-none-eabi/bin/../lib/gcc/arm-none-eabi/12.2.1/../../../../arm-none-eabi/lib/thumb/v7e-m+fp/hard/libc_nano.a(libc_a-writer.o)
 .ARM.attributes
                0x00000ba2       0x34 /Applications/ArmGNUToolchain/12.2.mpacbti-rel1/arm-none-eabi/bin/../lib/gcc/arm-none-eabi/12.2.1/../../../../arm-none-eabi/lib/thumb/v7e-m+fp/hard/libc_nano.a(libc_a-ctype_.o)
 .ARM.attributes
                0x00000bd6       0x34 /Applications/ArmGNUToolchain/12.2.mpacbti-rel1/arm-none-eabi/bin/../lib/gcc/arm-none-eabi/12.2.1/../../../../arm-none-eabi/lib/thumb/v7e-m+fp/hard/libc_nano.a(libc_a-assert.o)
 .ARM.attributes
                0x00000c0a       0x34 /Applications/ArmGNUToolchain/12.2.mpacbti-rel1/arm-none-eabi/bin/../lib/gcc/arm-none-eabi/12.2.1/../../../../arm-none-eabi/lib/thumb/v7e-m+fp/hard/libc_nano.a(libc_a-callocr.o)
 .ARM.attributes
                0x00000c3e       0x34 /Applications/ArmGNUToolchain/12.2.mpacbti-rel1/arm-none-eabi/bin/../lib/gcc/arm-none-eabi/12.2.1/../../../../arm-none-eabi/lib/thumb/v7e-m+fp/hard/libc_nano.a(libc_a-freer.o)
 .ARM.attributes
                0x00000c72       0x34 /Applications/ArmGNUToolchain/12.2.mpacbti-rel1/arm-none-eabi/bin/../lib/gcc/arm-none-eabi/12.2.1/../../../../arm-none-eabi/lib/thumb/v7e-m+fp/hard/libc_nano.a(libc_a-mbtowc_r.o)
 .ARM.attributes
                0x00000ca6       0x34 /Applications/ArmGNUToolchain/12.2.mpacbti-rel1/arm-none-eabi/bin/../lib/gcc/arm-none-eabi/12.2.1/../../../../arm-none-eabi/lib/thumb/v7e-m+fp/hard/libc_nano.a(libc_a-fprintf.o)
 .ARM.attributes
                0x00000cda       0x34 /Applications/ArmGNUToolchain/12.2.mpacbti-rel1/arm-none-eabi/bin/../lib/gcc/arm-none-eabi/12.2.1/../../../../arm-none-eabi/lib/thumb/v7e-m+fp/hard/libc_nano.a(libc_a-wctomb_r.o)
 .ARM.attributes
                0x00000d0e       0x34 /Applications/ArmGNUToolchain/12.2.mpacbti-rel1/arm-none-eabi/bin/../lib/gcc/arm-none-eabi/12.2.1/../../../../arm-none-eabi/lib/thumb/v7e-m+fp/hard/libc_nano.a(libc_a-signal.o)
 .ARM.attributes
                0x00000d42       0x34 /Applications/ArmGNUToolchain/12.2.mpacbti-rel1/arm-none-eabi/bin/../lib/gcc/arm-none-eabi/12.2.1/../../../../arm-none-eabi/lib/thumb/v7e-m+fp/hard/libc_nano.a(libc_a-signalr.o)
 .ARM.attributes
                0x00000d76       0x34 /Applications/ArmGNUToolchain/12.2.mpacbti-rel1/arm-none-eabi/bin/../lib/gcc/arm-none-eabi/12.2.1/../../../../arm-none-eabi/lib/thumb/v7e-m+fp/hard/libc_nano.a(libc_a-abort.o)
 .ARM.attributes
                0x00000daa       0x34 /Applications/ArmGNUToolchain/12.2.mpacbti-rel1/arm-none-eabi/bin/../lib/gcc/arm-none-eabi/12.2.1/../../../../arm-none-eabi/lib/thumb/v7e-m+fp/hard/libnosys.a(close.o)
 .ARM.attributes
                0x00000dde       0x34 /Applications/ArmGNUToolchain/12.2.mpacbti-rel1/arm-none-eabi/bin/../lib/gcc/arm-none-eabi/12.2.1/../../../../arm-none-eabi/lib/thumb/v7e-m+fp/hard/libnosys.a(fstat.o)
 .ARM.attributes
                0x00000e12       0x34 /Applications/ArmGNUToolchain/12.2.mpacbti-rel1/arm-none-eabi/bin/../lib/gcc/arm-none-eabi/12.2.1/../../../../arm-none-eabi/lib/thumb/v7e-m+fp/hard/libnosys.a(getpid.o)
 .ARM.attributes
                0x00000e46       0x34 /Applications/ArmGNUToolchain/12.2.mpacbti-rel1/arm-none-eabi/bin/../lib/gcc/arm-none-eabi/12.2.1/../../../../arm-none-eabi/lib/thumb/v7e-m+fp/hard/libnosys.a(isatty.o)
 .ARM.attributes
                0x00000e7a       0x34 /Applications/ArmGNUToolchain/12.2.mpacbti-rel1/arm-none-eabi/bin/../lib/gcc/arm-none-eabi/12.2.1/../../../../arm-none-eabi/lib/thumb/v7e-m+fp/hard/libnosys.a(kill.o)
 .ARM.attributes
                0x00000eae       0x34 /Applications/ArmGNUToolchain/12.2.mpacbti-rel1/arm-none-eabi/bin/../lib/gcc/arm-none-eabi/12.2.1/../../../../arm-none-eabi/lib/thumb/v7e-m+fp/hard/libnosys.a(lseek.o)
 .ARM.attributes
                0x00000ee2       0x34 /Applications/ArmGNUToolchain/12.2.mpacbti-rel1/arm-none-eabi/bin/../lib/gcc/arm-none-eabi/12.2.1/../../../../arm-none-eabi/lib/thumb/v7e-m+fp/hard/libnosys.a(read.o)
 .ARM.attributes
                0x00000f16       0x34 /Applications/ArmGNUToolchain/12.2.mpacbti-rel1/arm-none-eabi/bin/../lib/gcc/arm-none-eabi/12.2.1/../../../../arm-none-eabi/lib/thumb/v7e-m+fp/hard/libnosys.a(sbrk.o)
 .ARM.attributes
                0x00000f4a       0x34 /Applications/ArmGNUToolchain/12.2.mpacbti-rel1/arm-none-eabi/bin/../lib/gcc/arm-none-eabi/12.2.1/../../../../arm-none-eabi/lib/thumb/v7e-m+fp/hard/libnosys.a(write.o)
 .ARM.attributes
                0x00000f7e       0x34 /Applications/ArmGNUToolchain/12.2.mpacbti-rel1/arm-none-eabi/bin/../lib/gcc/arm-none-eabi/12.2.1/../../../../arm-none-eabi/lib/thumb/v7e-m+fp/hard/libnosys.a(_exit.o)
 .ARM.attributes
                0x00000fb2       0x22 /Applications/ArmGNUToolchain/12.2.mpacbti-rel1/arm-none-eabi/bin/../lib/gcc/arm-none-eabi/12.2.1/thumb/v7e-m+fp/hard/libgcc.a(_arm_addsubdf3.o)
 .ARM.attributes
                0x00000fd4       0x22 /Applications/ArmGNUToolchain/12.2.mpacbti-rel1/arm-none-eabi/bin/../lib/gcc/arm-none-eabi/12.2.1/thumb/v7e-m+fp/hard/libgcc.a(_arm_muldivdf3.o)
 .ARM.attributes
                0x00000ff6       0x22 /Applications/ArmGNUToolchain/12.2.mpacbti-rel1/arm-none-eabi/bin/../lib/gcc/arm-none-eabi/12.2.1/thumb/v7e-m+fp/hard/libgcc.a(_arm_cmpdf2.o)
 .ARM.attributes
                0x00001018       0x22 /Applications/ArmGNUToolchain/12.2.mpacbti-rel1/arm-none-eabi/bin/../lib/gcc/arm-none-eabi/12.2.1/thumb/v7e-m+fp/hard/libgcc.a(_arm_unorddf2.o)
 .ARM.attributes
                0x0000103a       0x22 /Applications/ArmGNUToolchain/12.2.mpacbti-rel1/arm-none-eabi/bin/../lib/gcc/arm-none-eabi/12.2.1/thumb/v7e-m+fp/hard/libgcc.a(_arm_fixdfsi.o)
 .ARM.attributes
                0x0000105c       0x22 /Applications/ArmGNUToolchain/12.2.mpacbti-rel1/arm-none-eabi/bin/../lib/gcc/arm-none-eabi/12.2.1/thumb/v7e-m+fp/hard/libgcc.a(_aeabi_uldivmod.o)
 .ARM.attributes
                0x0000107e       0x34 /Applications/ArmGNUToolchain/12.2.mpacbti-rel1/arm-none-eabi/bin/../lib/gcc/arm-none-eabi/12.2.1/thumb/v7e-m+fp/hard/libgcc.a(_udivmoddi4.o)
 .ARM.attributes
                0x000010b2       0x22 /Applications/ArmGNUToolchain/12.2.mpacbti-rel1/arm-none-eabi/bin/../lib/gcc/arm-none-eabi/12.2.1/thumb/v7e-m+fp/hard/libgcc.a(_dvmd_tls.o)
 .ARM.attributes
                0x000010d4       0x34 /Applications/ArmGNUToolchain/12.2.mpacbti-rel1/arm-none-eabi/bin/../lib/gcc/arm-none-eabi/12.2.1/thumb/v7e-m+fp/hard/crtend.o
 .ARM.attributes
                0x00001108       0x22 /Applications/ArmGNUToolchain/12.2.mpacbti-rel1/arm-none-eabi/bin/../lib/gcc/arm-none-eabi/12.2.1/thumb/v7e-m+fp/hard/crtn.o
OUTPUT(build/g474_test.elf elf32-littlearm)
LOAD linker stubs
LOAD /Applications/ArmGNUToolchain/12.2.mpacbti-rel1/arm-none-eabi/bin/../lib/gcc/arm-none-eabi/12.2.1/../../../../arm-none-eabi/lib/thumb/v7e-m+fp/hard/libc.a
LOAD /Applications/ArmGNUToolchain/12.2.mpacbti-rel1/arm-none-eabi/bin/../lib/gcc/arm-none-eabi/12.2.1/../../../../arm-none-eabi/lib/thumb/v7e-m+fp/hard/libm.a
LOAD /Applications/ArmGNUToolchain/12.2.mpacbti-rel1/arm-none-eabi/bin/../lib/gcc/arm-none-eabi/12.2.1/thumb/v7e-m+fp/hard/libgcc.a

.debug_info     0x00000000    0x22523
 .debug_info    0x00000000      0xfda build/main.o
 .debug_info    0x00000fda      0x5e4 build/gpio.o
 .debug_info    0x000015be     0x14d0 build/usart.o
 .debug_info    0x00002a8e      0xf74 build/stm32g4xx_it.o
 .debug_info    0x00003a02      0x395 build/stm32g4xx_hal_msp.o
 .debug_info    0x00003d97      0xdc4 build/stm32g4xx_hal.o
 .debug_info    0x00004b5b     0x1054 build/stm32g4xx_hal_rcc.o
 .debug_info    0x00005baf     0x10a8 build/stm32g4xx_hal_rcc_ex.o
 .debug_info    0x00006c57      0x91c build/stm32g4xx_hal_gpio.o
 .debug_info    0x00007573      0xae3 build/stm32g4xx_hal_dma.o
 .debug_info    0x00008056      0xb0c build/stm32g4xx_hal_pwr_ex.o
 .debug_info    0x00008b62     0x119a build/stm32g4xx_hal_cortex.o
 .debug_info    0x00009cfc     0x443e build/stm32g4xx_hal_tim.o
 .debug_info    0x0000e13a     0x2868 build/stm32g4xx_hal_tim_ex.o
 .debug_info    0x000109a2     0x693b build/stm32g4xx_hal_uart.o
 .debug_info    0x000172dd     0x1531 build/stm32g4xx_hal_uart_ex.o
 .debug_info    0x0001880e      0x638 build/system_stm32g4xx.o
 .debug_info    0x00018e46     0x15eb build/tim.o
 .debug_info    0x0001a431      0xfd1 build/i2c.o
 .debug_info    0x0001b402     0x4754 build/stm32g4xx_hal_i2c.o
 .debug_info    0x0001fb56      0xc89 build/stm32g4xx_hal_i2c_ex.o
 .debug_info    0x000207df      0xb5b build/Cmd_Serial.o
 .debug_info    0x0002133a      0xb28 build/ws2812.o
 .debug_info    0x00021e62      0x691 build/dma.o
 .debug_info    0x000224f3       0x30 build/startup_stm32g474xx.o

.debug_abbrev   0x00000000     0x3799
 .debug_abbrev  0x00000000      0x2fd build/main.o
 .debug_abbrev  0x000002fd      0x160 build/gpio.o
 .debug_abbrev  0x0000045d      0x227 build/usart.o
 .debug_abbrev  0x00000684      0x1a6 build/stm32g4xx_it.o
 .debug_abbrev  0x0000082a       0xd6 build/stm32g4xx_hal_msp.o
 .debug_abbrev  0x00000900      0x298 build/stm32g4xx_hal.o
 .debug_abbrev  0x00000b98      0x2de build/stm32g4xx_hal_rcc.o
 .debug_abbrev  0x00000e76      0x290 build/stm32g4xx_hal_rcc_ex.o
 .debug_abbrev  0x00001106      0x222 build/stm32g4xx_hal_gpio.o
 .debug_abbrev  0x00001328      0x250 build/stm32g4xx_hal_dma.o
 .debug_abbrev  0x00001578      0x263 build/stm32g4xx_hal_pwr_ex.o
 .debug_abbrev  0x000017db      0x3ca build/stm32g4xx_hal_cortex.o
 .debug_abbrev  0x00001ba5      0x2cc build/stm32g4xx_hal_tim.o
 .debug_abbrev  0x00001e71      0x2db build/stm32g4xx_hal_tim_ex.o
 .debug_abbrev  0x0000214c      0x392 build/stm32g4xx_hal_uart.o
 .debug_abbrev  0x000024de      0x35c build/stm32g4xx_hal_uart_ex.o
 .debug_abbrev  0x0000283a      0x11b build/system_stm32g4xx.o
 .debug_abbrev  0x00002955      0x245 build/tim.o
 .debug_abbrev  0x00002b9a      0x222 build/i2c.o
 .debug_abbrev  0x00002dbc      0x2e4 build/stm32g4xx_hal_i2c.o
 .debug_abbrev  0x000030a0      0x1b5 build/stm32g4xx_hal_i2c_ex.o
 .debug_abbrev  0x00003255      0x1bd build/Cmd_Serial.o
 .debug_abbrev  0x00003412      0x24d build/ws2812.o
 .debug_abbrev  0x0000365f      0x11d build/dma.o
 .debug_abbrev  0x0000377c       0x1d build/startup_stm32g474xx.o

.debug_loc      0x00000000    0x1b97d
 .debug_loc     0x00000000       0xf0 build/main.o
 .debug_loc     0x000000f0       0x38 build/gpio.o
 .debug_loc     0x00000128      0x124 build/usart.o
 .debug_loc     0x0000024c       0x80 build/stm32g4xx_it.o
 .debug_loc     0x000002cc       0x38 build/stm32g4xx_hal_msp.o
 .debug_loc     0x00000304      0x2af build/stm32g4xx_hal.o
 .debug_loc     0x000005b3      0x999 build/stm32g4xx_hal_rcc.o
 .debug_loc     0x00000f4c     0x175f build/stm32g4xx_hal_rcc_ex.o
 .debug_loc     0x000026ab      0x46f build/stm32g4xx_hal_gpio.o
 .debug_loc     0x00002b1a      0x9d0 build/stm32g4xx_hal_dma.o
 .debug_loc     0x000034ea      0x8ad build/stm32g4xx_hal_pwr_ex.o
 .debug_loc     0x00003d97      0x7b9 build/stm32g4xx_hal_cortex.o
 .debug_loc     0x00004550     0x63ce build/stm32g4xx_hal_tim.o
 .debug_loc     0x0000a91e     0x33bb build/stm32g4xx_hal_tim_ex.o
 .debug_loc     0x0000dcd9     0x6815 build/stm32g4xx_hal_uart.o
 .debug_loc     0x000144ee      0xe2e build/stm32g4xx_hal_uart_ex.o
 .debug_loc     0x0001531c       0x9d build/system_stm32g4xx.o
 .debug_loc     0x000153b9      0x194 build/tim.o
 .debug_loc     0x0001554d      0x124 build/i2c.o