Archive member included to satisfy reference by file (symbol)

/Applications/ArmGNUToolchain/12.2.mpacbti-rel1/arm-none-eabi/bin/../lib/gcc/arm-none-eabi/12.2.1/../../../../arm-none-eabi/lib/thumb/v7e-m+fp/hard/libc_nano.a(libc_a-exit.o)
                              /Applications/ArmGNUToolchain/12.2.mpacbti-rel1/arm-none-eabi/bin/../lib/gcc/arm-none-eabi/12.2.1/../../../../arm-none-eabi/lib/thumb/v7e-m+fp/hard/crt0.o (exit)
/Applications/ArmGNUToolchain/12.2.mpacbti-rel1/arm-none-eabi/bin/../lib/gcc/arm-none-eabi/12.2.1/../../../../arm-none-eabi/lib/thumb/v7e-m+fp/hard/libc_nano.a(libc_a-nano-vfprintf_float.o)
                              (_printf_float)
/Applications/ArmGNUToolchain/12.2.mpacbti-rel1/arm-none-eabi/bin/../lib/gcc/arm-none-eabi/12.2.1/../../../../arm-none-eabi/lib/thumb/v7e-m+fp/hard/libc_nano.a(libc_a-nano-vfprintf_i.o)
                              /Applications/ArmGNUToolchain/12.2.mpacbti-rel1/arm-none-eabi/bin/../lib/gcc/arm-none-eabi/12.2.1/../../../../arm-none-eabi/lib/thumb/v7e-m+fp/hard/libc_nano.a(libc_a-nano-vfprintf_float.o) (_printf_common)
/Applications/ArmGNUToolchain/12.2.mpacbti-rel1/arm-none-eabi/bin/../lib/gcc/arm-none-eabi/12.2.1/../../../../arm-none-eabi/lib/thumb/v7e-m+fp/hard/libc_nano.a(libc_a-findfp.o)
                              /Applications/ArmGNUToolchain/12.2.mpacbti-rel1/arm-none-eabi/bin/../lib/gcc/arm-none-eabi/12.2.1/../../../../arm-none-eabi/lib/thumb/v7e-m+fp/hard/libc_nano.a(libc_a-exit.o) (__stdio_exit_handler)
/Applications/ArmGNUToolchain/12.2.mpacbti-rel1/arm-none-eabi/bin/../lib/gcc/arm-none-eabi/12.2.1/../../../../arm-none-eabi/lib/thumb/v7e-m+fp/hard/libc_nano.a(libc_a-fwalk.o)
                              /Applications/ArmGNUToolchain/12.2.mpacbti-rel1/arm-none-eabi/bin/../lib/gcc/arm-none-eabi/12.2.1/../../../../arm-none-eabi/lib/thumb/v7e-m+fp/hard/libc_nano.a(libc_a-findfp.o) (_fwalk_sglue)
/Applications/ArmGNUToolchain/12.2.mpacbti-rel1/arm-none-eabi/bin/../lib/gcc/arm-none-eabi/12.2.1/../../../../arm-none-eabi/lib/thumb/v7e-m+fp/hard/libc_nano.a(libc_a-memcmp.o)
                              build/inv_mpu.o (memcmp)
/Applications/ArmGNUToolchain/12.2.mpacbti-rel1/arm-none-eabi/bin/../lib/gcc/arm-none-eabi/12.2.1/../../../../arm-none-eabi/lib/thumb/v7e-m+fp/hard/libc_nano.a(libc_a-memmove.o)
                              build/start_manager.o (memmove)
/Applications/ArmGNUToolchain/12.2.mpacbti-rel1/arm-none-eabi/bin/../lib/gcc/arm-none-eabi/12.2.1/../../../../arm-none-eabi/lib/thumb/v7e-m+fp/hard/libc_nano.a(libc_a-memset.o)
                              /Applications/ArmGNUToolchain/12.2.mpacbti-rel1/arm-none-eabi/bin/../lib/gcc/arm-none-eabi/12.2.1/../../../../arm-none-eabi/lib/thumb/v7e-m+fp/hard/crt0.o (memset)
/Applications/ArmGNUToolchain/12.2.mpacbti-rel1/arm-none-eabi/bin/../lib/gcc/arm-none-eabi/12.2.1/../../../../arm-none-eabi/lib/thumb/v7e-m+fp/hard/libc_nano.a(libc_a-localeconv.o)
                              /Applications/ArmGNUToolchain/12.2.mpacbti-rel1/arm-none-eabi/bin/../lib/gcc/arm-none-eabi/12.2.1/../../../../arm-none-eabi/lib/thumb/v7e-m+fp/hard/libc_nano.a(libc_a-nano-vfprintf_float.o) (_localeconv_r)
/Applications/ArmGNUToolchain/12.2.mpacbti-rel1/arm-none-eabi/bin/../lib/gcc/arm-none-eabi/12.2.1/../../../../arm-none-eabi/lib/thumb/v7e-m+fp/hard/libc_nano.a(libc_a-impure.o)
                              /Applications/ArmGNUToolchain/12.2.mpacbti-rel1/arm-none-eabi/bin/../lib/gcc/arm-none-eabi/12.2.1/../../../../arm-none-eabi/lib/thumb/v7e-m+fp/hard/libc_nano.a(libc_a-findfp.o) (_impure_data)
/Applications/ArmGNUToolchain/12.2.mpacbti-rel1/arm-none-eabi/bin/../lib/gcc/arm-none-eabi/12.2.1/../../../../arm-none-eabi/lib/thumb/v7e-m+fp/hard/libc_nano.a(libc_a-init.o)
                              /Applications/ArmGNUToolchain/12.2.mpacbti-rel1/arm-none-eabi/bin/../lib/gcc/arm-none-eabi/12.2.1/../../../../arm-none-eabi/lib/thumb/v7e-m+fp/hard/crt0.o (__libc_init_array)
/Applications/ArmGNUToolchain/12.2.mpacbti-rel1/arm-none-eabi/bin/../lib/gcc/arm-none-eabi/12.2.1/../../../../arm-none-eabi/lib/thumb/v7e-m+fp/hard/libc_nano.a(libc_a-lock.o)
                              /Applications/ArmGNUToolchain/12.2.mpacbti-rel1/arm-none-eabi/bin/../lib/gcc/arm-none-eabi/12.2.1/../../../../arm-none-eabi/lib/thumb/v7e-m+fp/hard/libc_nano.a(libc_a-findfp.o) (__retarget_lock_init_recursive)
/Applications/ArmGNUToolchain/12.2.mpacbti-rel1/arm-none-eabi/bin/../lib/gcc/arm-none-eabi/12.2.1/../../../../arm-none-eabi/lib/thumb/v7e-m+fp/hard/libc_nano.a(libc_a-memchr.o)
                              /Applications/ArmGNUToolchain/12.2.mpacbti-rel1/arm-none-eabi/bin/../lib/gcc/arm-none-eabi/12.2.1/../../../../arm-none-eabi/lib/thumb/v7e-m+fp/hard/libc_nano.a(libc_a-nano-vfprintf_i.o) (memchr)
/Applications/ArmGNUToolchain/12.2.mpacbti-rel1/arm-none-eabi/bin/../lib/gcc/arm-none-eabi/12.2.1/../../../../arm-none-eabi/lib/thumb/v7e-m+fp/hard/libc_nano.a(libc_a-memcpy-stub.o)
                              build/data_builder.o (memcpy)
[...]
Memory Configuration

Name             Origin             Length             Attributes
RAM              0x20000000         0x00020000         xrw
FLASH            0x08000000         0x00080000         xr
*default*        0x00000000         0xffffffff

Linker script and memory map

LOAD /Applications/ArmGNUToolchain/12.2.mpacbti-rel1/arm-none-eabi/bin/../lib/gcc/arm-none-eabi/12.2.1/thumb/v7e-m+fp/hard/crti.o
LOAD /Applications/ArmGNUToolchain/12.2.mpacbti-rel1/arm-none-eabi/bin/../lib/gcc/arm-none-eabi/12.2.1/thumb/v7e-m+fp/hard/crtbegin.o
LOAD /Applications/ArmGNUToolchain/12.2.mpacbti-rel1/arm-none-eabi/bin/../lib/gcc/arm-none-eabi/12.2.1/../../../../arm-none-eabi/lib/thumb/v7e-m+fp/hard/crt0.o
LOAD build/main.o
LOAD build/gpio.o
LOAD build/usart.o
LOAD build/stm32g4xx_it.o
LOAD build/stm32g4xx_hal_msp.o
LOAD build/stm32g4xx_hal.o
LOAD build/stm32g4xx_hal_rcc.o
LOAD build/stm32g4xx_hal_rcc_ex.o
LOAD build/stm32g4xx_hal_flash.o
LOAD build/stm32g4xx_hal_flash_ex.o
LOAD build/stm32g4xx_hal_flash_ramfunc.o
LOAD build/stm32g4xx_hal_gpio.o
LOAD build/stm32g4xx_hal_exti.o
LOAD build/stm32g4xx_hal_dma.o
LOAD build/stm32g4xx_hal_dma_ex.o
LOAD build/stm32g4xx_hal_pwr.o
LOAD build/stm32g4xx_hal_pwr_ex.o
LOAD build/stm32g4xx_hal_cortex.o
LOAD build/stm32g4xx_hal_tim.o
LOAD build/stm32g4xx_hal_tim_ex.o
LOAD build/stm32g4xx_hal_uart.o
LOAD build/stm32g4xx_hal_uart_ex.o
LOAD build/system_stm32g4xx.o
LOAD build/tim.o
LOAD build/i2c.o
LOAD build/stm32g4xx_hal_i2c.o
LOAD build/stm32g4xx_hal_i2c_ex.o
LOAD build/Cmd_Serial.o
LOAD build/mpu.o
LOAD build/mpu9250.o
LOAD build/inv_mpu.o
LOAD build/inv_mpu_dmp_motion_driver.o
LOAD build/log_stm32.o
LOAD build/eMPL_outputs.o
LOAD build/data_builder.o
LOAD build/hal_outputs.o
LOAD build/message_layer.o
LOAD build/ml_math_func.o
LOAD build/mlmath.o
LOAD build/mpl.o
LOAD build/results_holder.o
LOAD build/start_manager.o
LOAD build/storage_manager.o
LOAD build/startup_stm32g474xx.o
LOAD /Applications/ArmGNUToolchain/12.2.mpacbti-rel1/arm-none-eabi/bin/../lib/gcc/arm-none-eabi/12.2.1/../../../../arm-none-eabi/lib/thumb/v7e-m+fp/hard/libc_nano.a
LOAD /Applications/ArmGNUToolchain/12.2.mpacbti-rel1/arm-none-eabi/bin/../lib/gcc/arm-none-eabi/12.2.1/../../../../arm-none-eabi/lib/thumb/v7e-m+fp/hard/libm.a
LOAD /Applications/ArmGNUToolchain/12.2.mpacbti-rel1/arm-none-eabi/bin/../lib/gcc/arm-none-eabi/12.2.1/../../../../arm-none-eabi/lib/thumb/v7e-m+fp/hard/libnosys.a
LOAD /Users/joknem/Desktop/workspace/zhaoyibei/g474_test/DMP/mpl/libmpllib.a
START GROUP
LOAD /Applications/ArmGNUToolchain/12.2.mpacbti-rel1/arm-none-eabi/bin/../lib/gcc/arm-none-eabi/12.2.1/thumb/v7e-m+fp/hard/libgcc.a
LOAD /Applications/ArmGNUToolchain/12.2.mpacbti-rel1/arm-none-eabi/bin/../lib/gcc/arm-none-eabi/12.2.1/../../../../arm-none-eabi/lib/thumb/v7e-m+fp/hard/libc_nano.a
END GROUP
START GROUP
LOAD /Applications/ArmGNUToolchain/12.2.mpacbti-rel1/arm-none-eabi/bin/../lib/gcc/arm-none-eabi/12.2.1/thumb/v7e-m+fp/hard/libgcc.a
LOAD /Applications/ArmGNUToolchain/12.2.mpacbti-rel1/arm-none-eabi/bin/../lib/gcc/arm-none-eabi/12.2.1/../../../../arm-none-eabi/lib/thumb/v7e-m+fp/hard/libc_nano.a
END GROUP
LOAD /Applications/ArmGNUToolchain/12.2.mpacbti-rel1/arm-none-eabi/bin/../lib/gcc/arm-none-eabi/12.2.1/thumb/v7e-m+fp/hard/crtend.o
LOAD /Applications/ArmGNUToolchain/12.2.mpacbti-rel1/arm-none-eabi/bin/../lib/gcc/arm-none-eabi/12.2.1/thumb/v7e-m+fp/hard/crtn.o
                0x20020000                        _estack = (ORIGIN (RAM) + LENGTH (RAM))
                0x00000200                        _Min_Heap_Size = 0x200
                0x00000400                        _Min_Stack_Size = 0x400

.isr_vector     0x08000000      0x1d8
                0x08000000                        . = ALIGN (0x4)
 *(.isr_vector)
 .isr_vector    0x08000000      0x1d8 build/startup_stm32g474xx.o
                0x08000000                g_pfnVectors
                0x080001d8                        . = ALIGN (0x4)

.text           0x080001e0     0xa560
                0x080001e0                        . = ALIGN (0x4)
 *(.text)
 .text          0x080001e0       0xa0 /Applications/ArmGNUToolchain/12.2.mpacbti-rel1/arm-none-eabi/bin/../lib/gcc/arm-none-eabi/12.2.1/../../../../arm-none-eabi/lib/thumb/v7e-m+fp/hard/libc_nano.a(libc_a-memchr.o)
                0x080001e0                memchr
 .text          0x08000280       0x10 /Applications/ArmGNUToolchain/12.2.mpacbti-rel1/arm-none-eabi/bin/../lib/gcc/arm-none-eabi/12.2.1/../../../../arm-none-eabi/lib/thumb/v7e-m+fp/hard/libc_nano.a(libc_a-strlen.o)
                0x08000280                strlen
 .text          0x08000290      0x378 /Applications/ArmGNUToolchain/12.2.mpacbti-rel1/arm-none-eabi/bin/../lib/gcc/arm-none-eabi/12.2.1/thumb/v7e-m+fp/hard/libgcc.a(_arm_addsubdf3.o)
                0x08000290                __aeabi_drsub
                0x08000298                __subdf3
                0x08000298                __aeabi_dsub
                0x0800029c                __aeabi_dadd
                0x0800029c                __adddf3
                0x08000514                __aeabi_ui2d
                0x08000514                __floatunsidf
                0x08000534                __floatsidf
                0x08000534                __aeabi_i2d
                0x08000558                __extendsfdf2
                0x08000558                __aeabi_f2d
                0x0800059c                __aeabi_ul2d
                0x0800059c                __floatundidf
                0x080005ac                __aeabi_l2d
                0x080005ac                __floatdidf
 .text          0x08000608      0x424 /Applications/ArmGNUToolchain/12.2.mpacbti-rel1/arm-none-eabi/bin/../lib/gcc/arm-none-eabi/12.2.1/thumb/v7e-m+fp/hard/libgcc.a(_arm_muldivdf3.o)
                0x08000608                __aeabi_dmul
                0x08000608                __muldf3
                0x0800085c                __aeabi_ddiv
                0x0800085c                __divdf3
 .text          0x08000a2c      0x110 /Applications/ArmGNUToolchain/12.2.mpacbti-rel1/arm-none-eabi/bin/../lib/gcc/arm-none-eabi/12.2.1/thumb/v7e-m+fp/hard/libgcc.a(_arm_cmpdf2.o)
                0x08000a2c                __gedf2
                0x08000a2c                __gtdf2
                0x08000a34                __ledf2
                0x08000a34                __ltdf2
                0x08000a3c                __cmpdf2
                0x08000a3c                __eqdf2
                0x08000a3c                __nedf2
                0x08000ab8                __aeabi_cdrcmple
                0x08000ac8                __aeabi_cdcmple
                0x08000ac8                __aeabi_cdcmpeq
                0x08000ad8                __aeabi_dcmpeq
                0x08000aec                __aeabi_dcmplt
                0x08000b00                __aeabi_dcmple
                0x08000b14                __aeabi_dcmpge
                0x08000b28                __aeabi_dcmpgt
 .text          0x08000b3c       0x2c /Applications/ArmGNUToolchain/12.2.mpacbti-rel1/arm-none-eabi/bin/../lib/gcc/arm-none-eabi/12.2.1/thumb/v7e-m+fp/hard/libgcc.a(_arm_unorddf2.o)
                0x08000b3c                __aeabi_dcmpun
                0x08000b3c                __unorddf2
 .text          0x08000b68       0x50 /Applications/ArmGNUToolchain/12.2.mpacbti-rel1/arm-none-eabi/bin/../lib/gcc/arm-none-eabi/12.2.1/thumb/v7e-m+fp/hard/libgcc.a(_arm_fixdfsi.o)
                0x08000b68                __fixdfsi
                0x08000b68                __aeabi_d2iz
 .text          0x08000bb8       0xa0 /Applications/ArmGNUToolchain/12.2.mpacbti-rel1/arm-none-eabi/bin/../lib/gcc/arm-none-eabi/12.2.1/thumb/v7e-m+fp/hard/libgcc.a(_arm_truncdfsf2.o)
                0x08000bb8                __aeabi_d2f
                0x08000bb8                __truncdfsf2
 .text          0x08000c58       0x30 /Applications/ArmGNUToolchain/12.2.mpacbti-rel1/arm-none-eabi/bin/../lib/gcc/arm-none-eabi/12.2.1/thumb/v7e-m+fp/hard/libgcc.a(_aeabi_uldivmod.o)
                0x08000c58                __aeabi_uldivmod
 .text          0x08000c88        0x4 /Applications/ArmGNUToolchain/12.2.mpacbti-rel1/arm-none-eabi/bin/../lib/gcc/arm-none-eabi/12.2.1/thumb/v7e-m+fp/hard/libgcc.a(_dvmd_tls.o)
                0x08000c88                __aeabi_ldiv0
                0x08000c88                __aeabi_idiv0
 *(.text*)
 .text.deregister_tm_clones
                0x08000c8c       0x1c /Applications/ArmGNUToolchain/12.2.mpacbti-rel1/arm-none-eabi/bin/../lib/gcc/arm-none-eabi/12.2.1/thumb/v7e-m+fp/hard/crtbegin.o
 .text.register_tm_clones
                0x08000ca8       0x24 /Applications/ArmGNUToolchain/12.2.mpacbti-rel1/arm-none-eabi/bin/../lib/gcc/arm-none-eabi/12.2.1/thumb/v7e-m+fp/hard/crtbegin.o
 .text.__do_global_dtors_aux
                0x08000ccc       0x28 /Applications/ArmGNUToolchain/12.2.mpacbti-rel1/arm-none-eabi/bin/../lib/gcc/arm-none-eabi/12.2.1/thumb/v7e-m+fp/hard/crtbegin.o
 .text.frame_dummy
                0x08000cf4       0x24 /Applications/ArmGNUToolchain/12.2.mpacbti-rel1/arm-none-eabi/bin/../lib/gcc/arm-none-eabi/12.2.1/thumb/v7e-m+fp/hard/crtbegin.o
 .text.uart_printf
                0x08000d18       0x44 build/main.o
                0x08000d18                uart_printf
 .text.Error_Handler
                0x08000d5c        0x4 build/main.o
                0x08000d5c                Error_Handler
 .text.SystemClock_Config
                0x08000d60       0x74 build/main.o
                0x08000d60                SystemClock_Config
 .text.main     0x08000dd4       0xa4 build/main.o
                0x08000dd4                main
 .text.MX_GPIO_Init
                0x08000e78       0xac build/gpio.o
                0x08000e78                MX_GPIO_Init
 .text.MX_USART1_UART_Init
                0x08000f24       0x6c build/usart.o
                0x08000f24                MX_USART1_UART_Init
 .text.HAL_UART_MspInit
                0x08000f90       0x98 build/usart.o
                0x08000f90                HAL_UART_MspInit
 .text.NMI_Handler
                0x08001028        0x2 build/stm32g4xx_it.o
                0x08001028                NMI_Handler
 .text.HardFault_Handler
                0x0800102a        0x2 build/stm32g4xx_it.o
                0x0800102a                HardFault_Handler
 .text.MemManage_Handler
                0x0800102c        0x2 build/stm32g4xx_it.o
                0x0800102c                MemManage_Handler
 .text.BusFault_Handler
                0x0800102e        0x2 build/stm32g4xx_it.o
                0x0800102e                BusFault_Handler
 .text.UsageFault_Handler
                0x08001030        0x2 build/stm32g4xx_it.o
                0x08001030                UsageFault_Handler
 .text.SVC_Handler
                0x08001032        0x2 build/stm32g4xx_it.o
                0x08001032                SVC_Handler
 .text.DebugMon_Handler
                0x08001034        0x2 build/stm32g4xx_it.o
                0x08001034                DebugMon_Handler
 .text.PendSV_Handler
                0x08001036        0x2 build/stm32g4xx_it.o
                0x08001036                PendSV_Handler
 .text.SysTick_Handler
                0x08001038        0x8 build/stm32g4xx_it.o
                0x08001038                SysTick_Handler
 .text.USART1_IRQHandler
                0x08001040       0x10 build/stm32g4xx_it.o
                0x08001040                USART1_IRQHandler
 .text.TIM6_DAC_IRQHandler
                0x08001050       0x10 build/stm32g4xx_it.o
                0x08001050                TIM6_DAC_IRQHandler
 .text.HAL_MspInit
                0x08001060       0x38 build/stm32g4xx_hal_msp.o
                0x08001060                HAL_MspInit
 .text.HAL_InitTick
                0x08001098       0x50 build/stm32g4xx_hal.o
                0x08001098                HAL_InitTick
 .text.HAL_Init
                0x080010e8       0x1e build/stm32g4xx_hal.o
                0x080010e8                HAL_Init
 *fill*         0x08001106        0x2 
 .text.HAL_IncTick
                0x08001108       0x18 build/stm32g4xx_hal.o
                0x08001108                HAL_IncTick
 .text.HAL_GetTick
                0x08001120        0xc build/stm32g4xx_hal.o
                0x08001120                HAL_GetTick
 .text.HAL_Delay
                0x0800112c       0x28 build/stm32g4xx_hal.o
                0x0800112c                HAL_Delay
 .text.RCC_GetSysClockFreqFromPLLSource
                0x08001154       0x58 build/stm32g4xx_hal_rcc.o
 .text.HAL_RCC_OscConfig
                0x080011ac      0x4e4 build/stm32g4xx_hal_rcc.o
                0x080011ac                HAL_RCC_OscConfig
 .text.HAL_RCC_GetSysClockFreq
                0x08001690       0x88 build/stm32g4xx_hal_rcc.o
                0x08001690                HAL_RCC_GetSysClockFreq
 .text.HAL_RCC_ClockConfig
                0x08001718      0x1f8 build/stm32g4xx_hal_rcc.o
                0x08001718                HAL_RCC_ClockConfig
 .text.HAL_RCC_GetHCLKFreq
                0x08001910        0xc build/stm32g4xx_hal_rcc.o
                0x08001910                HAL_RCC_GetHCLKFreq
 .text.HAL_RCC_GetPCLK1Freq
                0x0800191c       0x24 build/stm32g4xx_hal_rcc.o
                0x0800191c                HAL_RCC_GetPCLK1Freq
 .text.HAL_RCC_GetPCLK2Freq
                0x08001940       0x24 build/stm32g4xx_hal_rcc.o
                0x08001940                HAL_RCC_GetPCLK2Freq
 .text.HAL_RCCEx_PeriphCLKConfig
                0x08001964      0x378 build/stm32g4xx_hal_rcc_ex.o
                0x08001964                HAL_RCCEx_PeriphCLKConfig
 .text.HAL_GPIO_Init
                0x08001cdc      0x1d4 build/stm32g4xx_hal_gpio.o
                0x08001cdc                HAL_GPIO_Init
 .text.HAL_GPIO_WritePin
                0x08001eb0        0xa build/stm32g4xx_hal_gpio.o
                0x08001eb0                HAL_GPIO_WritePin
 .text.HAL_GPIO_TogglePin
                0x08001eba       0x12 build/stm32g4xx_hal_gpio.o
                0x08001eba                HAL_GPIO_TogglePin
 .text.HAL_DMA_Abort
                0x08001ecc       0x6c build/stm32g4xx_hal_dma.o
                0x08001ecc                HAL_DMA_Abort
 .text.HAL_DMA_Abort_IT
                0x08001f38       0x7e build/stm32g4xx_hal_dma.o
                0x08001f38                HAL_DMA_Abort_IT
 *fill*         0x08001fb6        0x2 
 .text.HAL_PWREx_ControlVoltageScaling
                0x08001fb8      0x10c build/stm32g4xx_hal_pwr_ex.o
                0x08001fb8                HAL_PWREx_ControlVoltageScaling
 .text.HAL_PWREx_DisableUCPDDeadBattery
                0x080020c4       0x10 build/stm32g4xx_hal_pwr_ex.o
                0x080020c4                HAL_PWREx_DisableUCPDDeadBattery
 .text.__NVIC_EnableIRQ
                0x080020d4       0x1c build/stm32g4xx_hal_cortex.o
 .text.__NVIC_SetPriority
                0x080020f0       0x28 build/stm32g4xx_hal_cortex.o
 .text.NVIC_EncodePriority
                0x08002118       0x3e build/stm32g4xx_hal_cortex.o
 *fill*         0x08002156        0x2 
 .text.HAL_NVIC_SetPriorityGrouping
                0x08002158       0x24 build/stm32g4xx_hal_cortex.o
                0x08002158                HAL_NVIC_SetPriorityGrouping
 .text.HAL_NVIC_SetPriority
                0x0800217c       0x20 build/stm32g4xx_hal_cortex.o
                0x0800217c                HAL_NVIC_SetPriority
 .text.HAL_NVIC_EnableIRQ
                0x0800219c        0x8 build/stm32g4xx_hal_cortex.o
                0x0800219c                HAL_NVIC_EnableIRQ
 .text.HAL_SYSTICK_Config
                0x080021a4       0x28 build/stm32g4xx_hal_cortex.o
                0x080021a4                HAL_SYSTICK_Config
 .text.TIM_TI1_ConfigInputStage
                0x080021cc       0x26 build/stm32g4xx_hal_tim.o
 .text.TIM_TI2_ConfigInputStage
                0x080021f2       0x28 build/stm32g4xx_hal_tim.o
 .text.TIM_ITRx_SetConfig
                0x0800221a       0x14 build/stm32g4xx_hal_tim.o
 .text.HAL_TIM_PeriodElapsedCallback
                0x0800222e        0x2 build/stm32g4xx_hal_tim.o
                0x0800222e                HAL_TIM_PeriodElapsedCallback
 .text.HAL_TIM_OC_DelayElapsedCallback
                0x08002230        0x2 build/stm32g4xx_hal_tim.o
                0x08002230                HAL_TIM_OC_DelayElapsedCallback
 .text.HAL_TIM_IC_CaptureCallback
                0x08002232        0x2 build/stm32g4xx_hal_tim.o
                0x08002232                HAL_TIM_IC_CaptureCallback
 .text.HAL_TIM_PWM_PulseFinishedCallback
                0x08002234        0x2 build/stm32g4xx_hal_tim.o
                0x08002234                HAL_TIM_PWM_PulseFinishedCallback
 .text.HAL_TIM_TriggerCallback
                0x08002236        0x2 build/stm32g4xx_hal_tim.o
                0x08002236                HAL_TIM_TriggerCallback
 .text.HAL_TIM_IRQHandler
                0x08002238      0x1ea build/stm32g4xx_hal_tim.o
                0x08002238                HAL_TIM_IRQHandler
 *fill*         0x08002422        0x2 
 .text.TIM_Base_SetConfig
                0x08002424       0xf0 build/stm32g4xx_hal_tim.o
                0x08002424                TIM_Base_SetConfig
 .text.HAL_TIM_Base_Init
                0x08002514       0x60 build/stm32g4xx_hal_tim.o
                0x08002514                HAL_TIM_Base_Init
 .text.TIM_ETR_SetConfig
                0x08002574       0x1a build/stm32g4xx_hal_tim.o
                0x08002574                TIM_ETR_SetConfig
 *fill*         0x0800258e        0x2 
 .text.HAL_TIM_ConfigClockSource
                0x08002590      0x154 build/stm32g4xx_hal_tim.o
                0x08002590                HAL_TIM_ConfigClockSource
 .text.TIM_SlaveTimer_SetConfig
                0x080026e4      0x13c build/stm32g4xx_hal_tim.o
 .text.HAL_TIM_SlaveConfigSynchro
                0x08002820       0x52 build/stm32g4xx_hal_tim.o
                0x08002820                HAL_TIM_SlaveConfigSynchro
 *fill*         0x08002872        0x2 
 .text.HAL_TIMEx_MasterConfigSynchronization
                0x08002874       0xac build/stm32g4xx_hal_tim_ex.o
                0x08002874                HAL_TIMEx_MasterConfigSynchronization
 .text.HAL_TIMEx_CommutCallback
                0x08002920        0x2 build/stm32g4xx_hal_tim_ex.o
                0x08002920                HAL_TIMEx_CommutCallback
 .text.HAL_TIMEx_BreakCallback
                0x08002922        0x2 build/stm32g4xx_hal_tim_ex.o
                0x08002922                HAL_TIMEx_BreakCallback
 .text.HAL_TIMEx_Break2Callback
                0x08002924        0x2 build/stm32g4xx_hal_tim_ex.o
                0x08002924                HAL_TIMEx_Break2Callback
 .text.HAL_TIMEx_EncoderIndexCallback
                0x08002926        0x2 build/stm32g4xx_hal_tim_ex.o
                0x08002926                HAL_TIMEx_EncoderIndexCallback
 .text.HAL_TIMEx_DirectionChangeCallback
                0x08002928        0x2 build/stm32g4xx_hal_tim_ex.o
                0x08002928                HAL_TIMEx_DirectionChangeCallback
 .text.HAL_TIMEx_IndexErrorCallback
                0x0800292a        0x2 build/stm32g4xx_hal_tim_ex.o
                0x0800292a                HAL_TIMEx_IndexErrorCallback
 .text.HAL_TIMEx_TransitionErrorCallback
                0x0800292c        0x2 build/stm32g4xx_hal_tim_ex.o
                0x0800292c                HAL_TIMEx_TransitionErrorCallback
 .text.HAL_UART_TxCpltCallback
                0x0800292e        0x2 build/stm32g4xx_hal_uart.o
                0x0800292e                HAL_UART_TxCpltCallback
 .text.HAL_UART_TxHalfCpltCallback
                0x08002930        0x2 build/stm32g4xx_hal_uart.o
                0x08002930                HAL_UART_TxHalfCpltCallback
 .text.HAL_UART_RxCpltCallback
                0x08002932        0x2 build/stm32g4xx_hal_uart.o
                0x08002932                HAL_UART_RxCpltCallback
 .text.HAL_UART_RxHalfCpltCallback
                0x08002934        0x2 build/stm32g4xx_hal_uart.o
                0x08002934                HAL_UART_RxHalfCpltCallback
 .text.HAL_UART_ErrorCallback
                0x08002936        0x2 build/stm32g4xx_hal_uart.o
                0x08002936                HAL_UART_ErrorCallback
 .text.HAL_UART_AbortCpltCallback
                0x08002938        0x2 build/stm32g4xx_hal_uart.o
                0x08002938                HAL_UART_AbortCpltCallback
 .text.HAL_UART_AbortTransmitCpltCallback
                0x0800293a        0x2 build/stm32g4xx_hal_uart.o
                0x0800293a                HAL_UART_AbortTransmitCpltCallback
 .text.HAL_UART_AbortReceiveCpltCallback
                0x0800293c        0x2 build/stm32g4xx_hal_uart.o
                0x0800293c                HAL_UART_AbortReceiveCpltCallback
 .text.HAL_UARTEx_RxEventCallback
                0x0800293e        0x2 build/stm32g4xx_hal_uart.o
                0x0800293e                HAL_UARTEx_RxEventCallback
 .text.UART_EndRxTransfer
                0x08002940       0x56 build/stm32g4xx_hal_uart.o
 .text.UART_DMAAbortOnError
                0x08002996       0x16 build/stm32g4xx_hal_uart.o
 .text.UART_EndTransmit_IT
                0x080029ac       0x26 build/stm32g4xx_hal_uart.o
 *fill*         0x080029d2        0x2 
 .text.UART_RxISR_8BIT
                0x080029d4       0xe0 build/stm32g4xx_hal_uart.o
 .text.UART_RxISR_16BIT
                0x08002ab4       0xdc build/stm32g4xx_hal_uart.o
 .text.UART_RxISR_8BIT_FIFOEN
                0x08002b90      0x1cc build/stm32g4xx_hal_uart.o
 .text.UART_RxISR_16BIT_FIFOEN
                0x08002d5c      0x1cc build/stm32g4xx_hal_uart.o
 .text.HAL_UART_RegisterCallback
                0x08002f28       0xee build/stm32g4xx_hal_uart.o
                0x08002f28                HAL_UART_RegisterCallback
 *fill*         0x08003016        0x2 
 .text.HAL_UART_IRQHandler
                0x08003018      0x354 build/stm32g4xx_hal_uart.o
                0x08003018                HAL_UART_IRQHandler
 .text.UART_InitCallbacksToDefault
                0x0800336c       0x7c build/stm32g4xx_hal_uart.o
                0x0800336c                UART_InitCallbacksToDefault
 .text.UART_SetConfig
                0x080033e8      0x388 build/stm32g4xx_hal_uart.o
                0x080033e8                UART_SetConfig
 .text.UART_AdvFeatureConfig
                0x08003770       0xca build/stm32g4xx_hal_uart.o
                0x08003770                UART_AdvFeatureConfig
 .text.UART_WaitOnFlagUntilTimeout
                0x0800383a       0x9e build/stm32g4xx_hal_uart.o
                0x0800383a                UART_WaitOnFlagUntilTimeout
 .text.HAL_UART_Transmit
                0x080038d8       0xd2 build/stm32g4xx_hal_uart.o
                0x080038d8                HAL_UART_Transmit
 .text.UART_CheckIdleState
                0x080039aa       0xca build/stm32g4xx_hal_uart.o
                0x080039aa                UART_CheckIdleState
 .text.HAL_UART_Init
                0x08003a74       0x84 build/stm32g4xx_hal_uart.o
                0x08003a74                HAL_UART_Init
 .text.UART_Start_Receive_IT
                0x08003af8      0x13c build/stm32g4xx_hal_uart.o
                0x08003af8                UART_Start_Receive_IT
 .text.HAL_UART_Receive_IT
                0x08003c34       0x4c build/stm32g4xx_hal_uart.o
                0x08003c34                HAL_UART_Receive_IT
 .text.UARTEx_SetNbDataToProcess
                0x08003c80       0x4c build/stm32g4xx_hal_uart_ex.o
 .text.HAL_UARTEx_WakeupCallback
                0x08003ccc        0x2 build/stm32g4xx_hal_uart_ex.o
                0x08003ccc                HAL_UARTEx_WakeupCallback
 .text.HAL_UARTEx_RxFifoFullCallback
                0x08003cce        0x2 build/stm32g4xx_hal_uart_ex.o
                0x08003cce                HAL_UARTEx_RxFifoFullCallback
 .text.HAL_UARTEx_TxFifoEmptyCallback
                0x08003cd0        0x2 build/stm32g4xx_hal_uart_ex.o
                0x08003cd0                HAL_UARTEx_TxFifoEmptyCallback
 .text.HAL_UARTEx_DisableFifoMode
                0x08003cd2       0x3e build/stm32g4xx_hal_uart_ex.o
                0x08003cd2                HAL_UARTEx_DisableFifoMode
 .text.HAL_UARTEx_SetTxFifoThreshold
                0x08003d10       0x4a build/stm32g4xx_hal_uart_ex.o
                0x08003d10                HAL_UARTEx_SetTxFifoThreshold
 .text.HAL_UARTEx_SetRxFifoThreshold
                0x08003d5a       0x4a build/stm32g4xx_hal_uart_ex.o
                0x08003d5a                HAL_UARTEx_SetRxFifoThreshold
 .text.SystemInit
                0x08003da4       0x14 build/system_stm32g4xx.o
                0x08003da4                SystemInit
 .text.MX_TIM1_Init
                0x08003db8       0x94 build/tim.o
                0x08003db8                MX_TIM1_Init
 .text.MX_TIM6_Init
                0x08003e4c       0x50 build/tim.o
                0x08003e4c                MX_TIM6_Init
 .text.HAL_TIM_Base_MspInit
                0x08003e9c       0x60 build/tim.o
                0x08003e9c                HAL_TIM_Base_MspInit
 .text.MX_I2C1_Init
                0x08003efc       0x58 build/i2c.o
                0x08003efc                MX_I2C1_Init
 .text.HAL_I2C_MspInit
                0x08003f54       0xb4 build/i2c.o
                0x08003f54                HAL_I2C_MspInit
 .text.I2C_Flush_TXDR
                0x08004008       0x22 build/stm32g4xx_hal_i2c.o
 .text.I2C_TransferConfig
                0x0800402a       0x3c build/stm32g4xx_hal_i2c.o
 .text.I2C_IsErrorOccurred
                0x08004066      0x114 build/stm32g4xx_hal_i2c.o
 .text.I2C_WaitOnTXISFlagUntilTimeout
                0x0800417a       0x60 build/stm32g4xx_hal_i2c.o
 .text.I2C_WaitOnFlagUntilTimeout
                0x080041da       0x7c build/stm32g4xx_hal_i2c.o
 *fill*         0x08004256        0x2 
 .text.I2C_RequestMemoryWrite
                0x08004258       0x7c build/stm32g4xx_hal_i2c.o
 .text.I2C_RequestMemoryRead
                0x080042d4       0x78 build/stm32g4xx_hal_i2c.o
 .text.I2C_WaitOnSTOPFlagUntilTimeout
                0x0800434c       0x5e build/stm32g4xx_hal_i2c.o
 .text.HAL_I2C_Init
                0x080043aa       0xc8 build/stm32g4xx_hal_i2c.o
                0x080043aa                HAL_I2C_Init
 .text.HAL_I2C_Mem_Write
                0x08004472      0x1a8 build/stm32g4xx_hal_i2c.o
                0x08004472                HAL_I2C_Mem_Write
 *fill*         0x0800461a        0x2 
 .text.HAL_I2C_Mem_Read
                0x0800461c      0x1b0 build/stm32g4xx_hal_i2c.o
                0x0800461c                HAL_I2C_Mem_Read
 .text.HAL_I2C_IsDeviceReady
                0x080047cc      0x13e build/stm32g4xx_hal_i2c.o
                0x080047cc                HAL_I2C_IsDeviceReady
 .text.HAL_I2C_GetState
                0x0800490a        0x6 build/stm32g4xx_hal_i2c.o
                0x0800490a                HAL_I2C_GetState
 .text.HAL_I2CEx_ConfigAnalogFilter
                0x08004910       0x5c build/stm32g4xx_hal_i2c_ex.o
                0x08004910                HAL_I2CEx_ConfigAnalogFilter
 .text.HAL_I2CEx_ConfigDigitalFilter
                0x0800496c       0x58 build/stm32g4xx_hal_i2c_ex.o
                0x0800496c                HAL_I2CEx_ConfigDigitalFilter
 .text.CmdProcessing
                0x080049c4       0x5c build/Cmd_Serial.o
                0x080049c4                CmdProcessing
 .text.inv_row_2_scale
                0x08004a20       0x3a build/mpu9250.o
 .text.inv_orientation_matrix_to_scalar
                0x08004a5a       0x24 build/mpu9250.o
 *fill*         0x08004a7e        0x2 
 .text.MPU9250_DMP_init
                0x08004a80       0x90 build/mpu9250.o
                0x08004a80                MPU9250_DMP_init
 .text.MPU9250_DMP_Get_Data
                0x08004b10      0x18c build/mpu9250.o
                0x08004b10                MPU9250_DMP_Get_Data
 .text.Sensors_I2C_WriteRegister
                0x08004c9c       0x50 build/inv_mpu.o
                0x08004c9c                Sensors_I2C_WriteRegister
 .text.set_int_enable
                0x08004cec       0x98 build/inv_mpu.o
 .text.Sensors_I2C_ReadRegister
                0x08004d84       0x34 build/inv_mpu.o
                0x08004d84                Sensors_I2C_ReadRegister
 .text.mpu_reset_fifo
                0x08004db8      0x1f8 build/inv_mpu.o
                0x08004db8                mpu_reset_fifo
 .text.mpu_set_gyro_fsr
                0x08004fb0       0x98 build/inv_mpu.o
                0x08004fb0                mpu_set_gyro_fsr
 .text.mpu_get_accel_fsr
                0x08005048       0x44 build/inv_mpu.o
                0x08005048                mpu_get_accel_fsr
 .text.mpu_set_accel_fsr
                0x0800508c       0x94 build/inv_mpu.o
                0x0800508c                mpu_set_accel_fsr
 .text.mpu_set_lpf
                0x08005120       0x94 build/inv_mpu.o
                0x08005120                mpu_set_lpf
 .text.mpu_set_compass_sample_rate
                0x080051b4       0x68 build/inv_mpu.o
                0x080051b4                mpu_set_compass_sample_rate
 .text.mpu_configure_fifo
                0x0800521c       0x64 build/inv_mpu.o
                0x0800521c                mpu_configure_fifo
 .text.mpu_read_fifo_stream
                0x08005280       0xc0 build/inv_mpu.o
                0x08005280                mpu_read_fifo_stream
 .text.mpu_set_bypass
                0x08005340      0x168 build/inv_mpu.o
                0x08005340                mpu_set_bypass
 .text.setup_compass
                0x080054a8      0x248 build/inv_mpu.o
 .text.mpu_set_int_latched
                0x080056f0       0x74 build/inv_mpu.o
                0x080056f0                mpu_set_int_latched
 .text.mpu_lp_accel_mode
                0x08005764       0xe8 build/inv_mpu.o
                0x08005764                mpu_lp_accel_mode
 .text.mpu_set_sample_rate
                0x0800584c       0xb0 build/inv_mpu.o
                0x0800584c                mpu_set_sample_rate
 .text.mpu_set_sensors
                0x080058fc      0x198 build/inv_mpu.o
                0x080058fc                mpu_set_sensors
 .text.mpu_init
                0x08005a94      0x11c build/inv_mpu.o
                0x08005a94                mpu_init
 .text.mpu_write_mem
                0x08005bb0       0x74 build/inv_mpu.o
                0x08005bb0                mpu_write_mem
 .text.mpu_read_mem
                0x08005c24       0x74 build/inv_mpu.o
                0x08005c24                mpu_read_mem
 .text.mpu_load_firmware
                0x08005c98       0xb4 build/inv_mpu.o
                0x08005c98                mpu_load_firmware
 .text.mpu_set_dmp_state
                0x08005d4c       0x94 build/inv_mpu.o
                0x08005d4c                mpu_set_dmp_state
 .text.decode_gesture
                0x08005de0       0x3c build/inv_mpu_dmp_motion_driver.o
 .text.dmp_load_motion_driver_firmware
                0x08005e1c       0x18 build/inv_mpu_dmp_motion_driver.o
                0x08005e1c                dmp_load_motion_driver_firmware
 .text.dmp_set_orientation
                0x08005e34      0x14c build/inv_mpu_dmp_motion_driver.o
                0x08005e34                dmp_set_orientation
 .text.dmp_set_fifo_rate
                0x08005f80       0x68 build/inv_mpu_dmp_motion_driver.o
                0x08005f80                dmp_set_fifo_rate
 .text.dmp_set_tap_thresh
                0x08005fe8      0x1d4 build/inv_mpu_dmp_motion_driver.o
                0x08005fe8                dmp_set_tap_thresh
 .text.dmp_set_tap_axes
                0x080061bc       0x4e build/inv_mpu_dmp_motion_driver.o
                0x080061bc                dmp_set_tap_axes
 .text.dmp_set_tap_count
                0x0800620a       0x2c build/inv_mpu_dmp_motion_driver.o
                0x0800620a                dmp_set_tap_count
 *fill*         0x08006236        0x2 
 .text.dmp_set_tap_time
                0x08006238       0x30 build/inv_mpu_dmp_motion_driver.o
                0x08006238                dmp_set_tap_time
 .text.dmp_set_tap_time_multi
                0x08006268       0x30 build/inv_mpu_dmp_motion_driver.o
                0x08006268                dmp_set_tap_time_multi
 .text.dmp_set_shake_reject_thresh
                0x08006298       0x44 build/inv_mpu_dmp_motion_driver.o
                0x08006298                dmp_set_shake_reject_thresh
 .text.dmp_set_shake_reject_time
                0x080062dc       0x2c build/inv_mpu_dmp_motion_driver.o
                0x080062dc                dmp_set_shake_reject_time
 .text.dmp_set_shake_reject_timeout
                0x08006308       0x2c build/inv_mpu_dmp_motion_driver.o
                0x08006308                dmp_set_shake_reject_timeout
 .text.dmp_enable_gyro_cal
                0x08006334       0x44 build/inv_mpu_dmp_motion_driver.o
                0x08006334                dmp_enable_gyro_cal
 .text.dmp_enable_lp_quat
                0x08006378       0x3c build/inv_mpu_dmp_motion_driver.o
                0x08006378                dmp_enable_lp_quat
 .text.dmp_enable_6x_lp_quat
                0x080063b4       0x3c build/inv_mpu_dmp_motion_driver.o
                0x080063b4                dmp_enable_6x_lp_quat
 .text.dmp_enable_feature
                0x080063f0      0x218 build/inv_mpu_dmp_motion_driver.o
                0x080063f0                dmp_enable_feature
 .text.dmp_read_fifo
                0x08006608      0x1e8 build/inv_mpu_dmp_motion_driver.o
                0x08006608                dmp_read_fifo
 .text.fputcc   0x080067f0       0x20 build/log_stm32.o
                0x080067f0                fputcc
 .text._MLPrintLog
                0x08006810       0xb4 build/log_stm32.o
                0x08006810                _MLPrintLog
 .text.Reset_Handler
                0x080068c4       0x50 build/startup_stm32g474xx.o
                0x080068c4                Reset_Handler
 .text.Default_Handler
                0x08006914        0x2 build/startup_stm32g474xx.o
                0x08006914                TIM1_BRK_TIM15_IRQHandler
                0x08006914                EXTI2_IRQHandler
                0x08006914                TIM8_TRG_COM_IRQHandler
                0x08006914                TIM8_CC_IRQHandler
                0x08006914                HRTIM1_Master_IRQHandler
                0x08006914                SPI4_IRQHandler
                0x08006914                FDCAN3_IT0_IRQHandler
                0x08006914                TIM1_CC_IRQHandler
                0x08006914                HRTIM1_FLT_IRQHandler
                0x08006914                HRTIM1_TIMF_IRQHandler
                0x08006914                USB_HP_IRQHandler
                0x08006914                CORDIC_IRQHandler
                0x08006914                HRTIM1_TIMD_IRQHandler
                0x08006914                DMA2_Channel8_IRQHandler
                0x08006914                EXTI3_IRQHandler
                0x08006914                I2C3_ER_IRQHandler
                0x08006914                EXTI0_IRQHandler
                0x08006914                I2C2_EV_IRQHandler
                0x08006914                FPU_IRQHandler
                0x08006914                FDCAN1_IT1_IRQHandler
                0x08006914                TIM1_UP_TIM16_IRQHandler
                0x08006914                ADC1_2_IRQHandler
                0x08006914                HRTIM1_TIME_IRQHandler
                0x08006914                SPI1_IRQHandler
                0x08006914                HRTIM1_TIMC_IRQHandler
                0x08006914                TIM8_UP_IRQHandler
                0x08006914                DMA2_Channel2_IRQHandler
                0x08006914                DMA1_Channel4_IRQHandler
                0x08006914                TIM20_TRG_COM_IRQHandler
                0x08006914                USART3_IRQHandler
                0x08006914                DMA1_Channel7_IRQHandler
                0x08006914                UART5_IRQHandler
                0x08006914                ADC3_IRQHandler
                0x08006914                TIM4_IRQHandler
                0x08006914                DMA2_Channel1_IRQHandler
                0x08006914                QUADSPI_IRQHandler
                0x08006914                I2C1_EV_IRQHandler
                0x08006914                DMA1_Channel6_IRQHandler
                0x08006914                UART4_IRQHandler
                0x08006914                DMA2_Channel4_IRQHandler
                0x08006914                TIM3_IRQHandler
                0x08006914                RCC_IRQHandler
                0x08006914                TIM20_UP_IRQHandler
                0x08006914                DMA1_Channel1_IRQHandler
                0x08006914                Default_Handler
                0x08006914                DMA2_Channel7_IRQHandler
                0x08006914                RTC_TAMP_LSECSS_IRQHandler
                0x08006914                FMAC_IRQHandler
                0x08006914                EXTI15_10_IRQHandler
                0x08006914                DMA1_Channel8_IRQHandler
                0x08006914                HRTIM1_TIMA_IRQHandler
                0x08006914                TIM7_DAC_IRQHandler
                0x08006914                FDCAN3_IT1_IRQHandler
                0x08006914                TIM5_IRQHandler
                0x08006914                UCPD1_IRQHandler
                0x08006914                I2C3_EV_IRQHandler
                0x08006914                EXTI9_5_IRQHandler
                0x08006914                RTC_WKUP_IRQHandler
                0x08006914                PVD_PVM_IRQHandler
                0x08006914                SPI2_IRQHandler
                0x08006914                ADC5_IRQHandler
                0x08006914                DMA2_Channel5_IRQHandler
                0x08006914                CRS_IRQHandler
                0x08006914                DMA1_Channel5_IRQHandler
                0x08006914                USB_LP_IRQHandler
                0x08006914                EXTI4_IRQHandler
                0x08006914                RNG_IRQHandler
                0x08006914                HRTIM1_TIMB_IRQHandler
                0x08006914                TIM1_TRG_COM_TIM17_IRQHandler
                0x08006914                FDCAN2_IT1_IRQHandler
                0x08006914                DMA1_Channel3_IRQHandler
                0x08006914                ADC4_IRQHandler
                0x08006914                WWDG_IRQHandler
                0x08006914                I2C4_EV_IRQHandler
                0x08006914                FDCAN2_IT0_IRQHandler
                0x08006914                LPUART1_IRQHandler
                0x08006914                DMA2_Channel6_IRQHandler
                0x08006914                FDCAN1_IT0_IRQHandler
                0x08006914                TIM2_IRQHandler
                0x08006914                COMP7_IRQHandler
                0x08006914                COMP1_2_3_IRQHandler
                0x08006914                EXTI1_IRQHandler
                0x08006914                USART2_IRQHandler
                0x08006914                COMP4_5_6_IRQHandler
                0x08006914                TIM20_BRK_IRQHandler
                0x08006914                I2C2_ER_IRQHandler
                0x08006914                DMA1_Channel2_IRQHandler
                0x08006914                TIM8_BRK_IRQHandler
                0x08006914                FLASH_IRQHandler
                0x08006914                TIM20_CC_IRQHandler
                0x08006914                SPI3_IRQHandler
                0x08006914                I2C1_ER_IRQHandler
                0x08006914                FMC_IRQHandler
                0x08006914                LPTIM1_IRQHandler
                0x08006914                DMAMUX_OVR_IRQHandler
                0x08006914                I2C4_ER_IRQHandler
                0x08006914                USBWakeUp_IRQHandler
                0x08006914                SAI1_IRQHandler
                0x08006914                DMA2_Channel3_IRQHandler
                0x08006914                RTC_Alarm_IRQHandler
 .text.__cvt    0x08006916       0xd2 /Applications/ArmGNUToolchain/12.2.mpacbti-rel1/arm-none-eabi/bin/../lib/gcc/arm-none-eabi/12.2.1/../../../../arm-none-eabi/lib/thumb/v7e-m+fp/hard/libc_nano.a(libc_a-nano-vfprintf_float.o)
                0x08006916                __cvt
 .text.__exponent
                0x080069e8       0x74 /Applications/ArmGNUToolchain/12.2.mpacbti-rel1/arm-none-eabi/bin/../lib/gcc/arm-none-eabi/12.2.1/../../../../arm-none-eabi/lib/thumb/v7e-m+fp/hard/libc_nano.a(libc_a-nano-vfprintf_float.o)
                0x080069e8                __exponent
 .text._printf_float
                0x08006a5c      0x464 /Applications/ArmGNUToolchain/12.2.mpacbti-rel1/arm-none-eabi/bin/../lib/gcc/arm-none-eabi/12.2.1/../../../../arm-none-eabi/lib/thumb/v7e-m+fp/hard/libc_nano.a(libc_a-nano-vfprintf_float.o)
                0x08006a5c                _printf_float
 .text._printf_common
                0x08006ec0       0xda /Applications/ArmGNUToolchain/12.2.mpacbti-rel1/arm-none-eabi/bin/../lib/gcc/arm-none-eabi/12.2.1/../../../../arm-none-eabi/lib/thumb/v7e-m+fp/hard/libc_nano.a(libc_a-nano-vfprintf_i.o)
                0x08006ec0                _printf_common
 *fill*         0x08006f9a        0x2 
 .text._printf_i
                0x08006f9c      0x258 /Applications/ArmGNUToolchain/12.2.mpacbti-rel1/arm-none-eabi/bin/../lib/gcc/arm-none-eabi/12.2.1/../../../../arm-none-eabi/lib/thumb/v7e-m+fp/hard/libc_nano.a(libc_a-nano-vfprintf_i.o)
                0x08006f9c                _printf_i
 .text.std      0x080071f4       0x6c /Applications/ArmGNUToolchain/12.2.mpacbti-rel1/arm-none-eabi/bin/../lib/gcc/arm-none-eabi/12.2.1/../../../../arm-none-eabi/lib/thumb/v7e-m+fp/hard/libc_nano.a(libc_a-findfp.o)
 .text.stdio_exit_handler
                0x08007260       0x18 /Applications/ArmGNUToolchain/12.2.mpacbti-rel1/arm-none-eabi/bin/../lib/gcc/arm-none-eabi/12.2.1/../../../../arm-none-eabi/lib/thumb/v7e-m+fp/hard/libc_nano.a(libc_a-findfp.o)
 .text.cleanup_stdio
                0x08007278       0x40 /Applications/ArmGNUToolchain/12.2.mpacbti-rel1/arm-none-eabi/bin/../lib/gcc/arm-none-eabi/12.2.1/../../../../arm-none-eabi/lib/thumb/v7e-m+fp/hard/libc_nano.a(libc_a-findfp.o)
 .text.global_stdio_init.part.0
                0x080072b8       0x3c /Applications/ArmGNUToolchain/12.2.mpacbti-rel1/arm-none-eabi/bin/../lib/gcc/arm-none-eabi/12.2.1/../../../../arm-none-eabi/lib/thumb/v7e-m+fp/hard/libc_nano.a(libc_a-findfp.o)
 .text.__sfp_lock_acquire
                0x080072f4        0xc /Applications/ArmGNUToolchain/12.2.mpacbti-rel1/arm-none-eabi/bin/../lib/gcc/arm-none-eabi/12.2.1/../../../../arm-none-eabi/lib/thumb/v7e-m+fp/hard/libc_nano.a(libc_a-findfp.o)
                0x080072f4                __sfp_lock_acquire
 .text.__sfp_lock_release
                0x08007300        0xc /Applications/ArmGNUToolchain/12.2.mpacbti-rel1/arm-none-eabi/bin/../lib/gcc/arm-none-eabi/12.2.1/../../../../arm-none-eabi/lib/thumb/v7e-m+fp/hard/libc_nano.a(libc_a-findfp.o)
                0x08007300                __sfp_lock_release
 .text.__sinit  0x0800730c       0x30 /Applications/ArmGNUToolchain/12.2.mpacbti-rel1/arm-none-eabi/bin/../lib/gcc/arm-none-eabi/12.2.1/../../../../arm-none-eabi/lib/thumb/v7e-m+fp/hard/libc_nano.a(libc_a-findfp.o)
                0x0800730c                __sinit
 .text._fwalk_sglue
                0x0800733c       0x3c /Applications/ArmGNUToolchain/12.2.mpacbti-rel1/arm-none-eabi/bin/../lib/gcc/arm-none-eabi/12.2.1/../../../../arm-none-eabi/lib/thumb/v7e-m+fp/hard/libc_nano.a(libc_a-fwalk.o)
                0x0800733c                _fwalk_sglue
 .text.memcmp   0x08007378       0x20 /Applications/ArmGNUToolchain/12.2.mpacbti-rel1/arm-none-eabi/bin/../lib/gcc/arm-none-eabi/12.2.1/../../../../arm-none-eabi/lib/thumb/v7e-m+fp/hard/libc_nano.a(libc_a-memcmp.o)
                0x08007378                memcmp
 .text.memmove  0x08007398       0x34 /Applications/ArmGNUToolchain/12.2.mpacbti-rel1/arm-none-eabi/bin/../lib/gcc/arm-none-eabi/12.2.1/../../../../arm-none-eabi/lib/thumb/v7e-m+fp/hard/libc_nano.a(libc_a-memmove.o)
                0x08007398                memmove
 .text.memset   0x080073cc       0x10 /Applications/ArmGNUToolchain/12.2.mpacbti-rel1/arm-none-eabi/bin/../lib/gcc/arm-none-eabi/12.2.1/../../../../arm-none-eabi/lib/thumb/v7e-m+fp/hard/libc_nano.a(libc_a-memset.o)
                0x080073cc                memset
 .text._localeconv_r
                0x080073dc        0x8 /Applications/ArmGNUToolchain/12.2.mpacbti-rel1/arm-none-eabi/bin/../lib/gcc/arm-none-eabi/12.2.1/../../../../arm-none-eabi/lib/thumb/v7e-m+fp/hard/libc_nano.a(libc_a-localeconv.o)
                0x080073dc                _localeconv_r
 .text.__libc_init_array
                0x080073e4       0x48 /Applications/ArmGNUToolchain/12.2.mpacbti-rel1/arm-none-eabi/bin/../lib/gcc/arm-none-eabi/12.2.1/../../../../arm-none-eabi/lib/thumb/v7e-m+fp/hard/libc_nano.a(libc_a-init.o)
                0x080073e4                __libc_init_array
 .text.__retarget_lock_init_recursive
                0x0800742c        0x2 /Applications/ArmGNUToolchain/12.2.mpacbti-rel1/arm-none-eabi/bin/../lib/gcc/arm-none-eabi/12.2.1/../../../../arm-none-eabi/lib/thumb/v7e-m+fp/hard/libc_nano.a(libc_a-lock.o)
                0x0800742c                __retarget_lock_init_recursive
 .text.__retarget_lock_acquire_recursive
                0x0800742e        0x2 /Applications/ArmGNUToolchain/12.2.mpacbti-rel1/arm-none-eabi/bin/../lib/gcc/arm-none-eabi/12.2.1/../../../../arm-none-eabi/lib/thumb/v7e-m+fp/hard/libc_nano.a(libc_a-lock.o)
                0x0800742e                __retarget_lock_acquire_recursive
 .text.__retarget_lock_release_recursive
                0x08007430        0x2 /Applications/ArmGNUToolchain/12.2.mpacbti-rel1/arm-none-eabi/bin/../lib/gcc/arm-none-eabi/12.2.1/../../../../arm-none-eabi/lib/thumb/v7e-m+fp/hard/libc_nano.a(libc_a-lock.o)
                0x08007430                __retarget_lock_release_recursive
 .text.memcpy   0x08007432       0x1c /Applications/ArmGNUToolchain/12.2.mpacbti-rel1/arm-none-eabi/bin/../lib/gcc/arm-none-eabi/12.2.1/../../../../arm-none-eabi/lib/thumb/v7e-m+fp/hard/libc_nano.a(libc_a-memcpy-stub.o)
                0x08007432                memcpy
 .text.__memcpy_chk
                0x0800744e       0x26 /Applications/ArmGNUToolchain/12.2.mpacbti-rel1/arm-none-eabi/bin/../lib/gcc/arm-none-eabi/12.2.1/../../../../arm-none-eabi/lib/thumb/v7e-m+fp/hard/libc_nano.a(libc_a-memcpy_chk.o)
                0x0800744e                __memcpy_chk
 .text.__vsprintf_chk
                0x08007474       0x2a /Applications/ArmGNUToolchain/12.2.mpacbti-rel1/arm-none-eabi/bin/../lib/gcc/arm-none-eabi/12.2.1/../../../../arm-none-eabi/lib/thumb/v7e-m+fp/hard/libc_nano.a(libc_a-vsprintf_chk.o)
                0x08007474                __vsprintf_chk
 .text.quorem   0x0800749e      0x110 /Applications/ArmGNUToolchain/12.2.mpacbti-rel1/arm-none-eabi/bin/../lib/gcc/arm-none-eabi/12.2.1/../../../../arm-none-eabi/lib/thumb/v7e-m+fp/hard/libc_nano.a(libc_a-dtoa.o)
 *fill*         0x080075ae        0x2 
 .text._dtoa_r  0x080075b0      0xc58 /Applications/ArmGNUToolchain/12.2.mpacbti-rel1/arm-none-eabi/bin/../lib/gcc/arm-none-eabi/12.2.1/../../../../arm-none-eabi/lib/thumb/v7e-m+fp/hard/libc_nano.a(libc_a-dtoa.o)
                0x080075b0                _dtoa_r
 .text.malloc   0x08008208       0x10 /Applications/ArmGNUToolchain/12.2.mpacbti-rel1/arm-none-eabi/bin/../lib/gcc/arm-none-eabi/12.2.1/../../../../arm-none-eabi/lib/thumb/v7e-m+fp/hard/libc_nano.a(libc_a-malloc.o)
                0x08008208                malloc
 .text.sbrk_aligned
                0x08008218       0x44 /Applications/ArmGNUToolchain/12.2.mpacbti-rel1/arm-none-eabi/bin/../lib/gcc/arm-none-eabi/12.2.1/../../../../arm-none-eabi/lib/thumb/v7e-m+fp/hard/libc_nano.a(libc_a-mallocr.o)
 .text._malloc_r
                0x0800825c      0x100 /Applications/ArmGNUToolchain/12.2.mpacbti-rel1/arm-none-eabi/bin/../lib/gcc/arm-none-eabi/12.2.1/../../../../arm-none-eabi/lib/thumb/v7e-m+fp/hard/libc_nano.a(libc_a-mallocr.o)
                0x0800825c                _malloc_r
 .text.__sflush_r
                0x0800835c      0x108 /Applications/ArmGNUToolchain/12.2.mpacbti-rel1/arm-none-eabi/bin/../lib/gcc/arm-none-eabi/12.2.1/../../../../arm-none-eabi/lib/thumb/v7e-m+fp/hard/libc_nano.a(libc_a-fflush.o)
                0x0800835c                __sflush_r
 .text._fflush_r
                0x08008464       0x50 /Applications/ArmGNUToolchain/12.2.mpacbti-rel1/arm-none-eabi/bin/../lib/gcc/arm-none-eabi/12.2.1/../../../../arm-none-eabi/lib/thumb/v7e-m+fp/hard/libc_nano.a(libc_a-fflush.o)
                0x08008464                _fflush_r
 .text.__malloc_lock
                0x080084b4        0xc /Applications/ArmGNUToolchain/12.2.mpacbti-rel1/arm-none-eabi/bin/../lib/gcc/arm-none-eabi/12.2.1/../../../../arm-none-eabi/lib/thumb/v7e-m+fp/hard/libc_nano.a(libc_a-mlock.o)
                0x080084b4                __malloc_lock
 .text.__malloc_unlock
                0x080084c0        0xc /Applications/ArmGNUToolchain/12.2.mpacbti-rel1/arm-none-eabi/bin/../lib/gcc/arm-none-eabi/12.2.1/../../../../arm-none-eabi/lib/thumb/v7e-m+fp/hard/libc_nano.a(libc_a-mlock.o)
                0x080084c0                __malloc_unlock
 .text._Balloc  0x080084cc       0x80 /Applications/ArmGNUToolchain/12.2.mpacbti-rel1/arm-none-eabi/bin/../lib/gcc/arm-none-eabi/12.2.1/../../../../arm-none-eabi/lib/thumb/v7e-m+fp/hard/libc_nano.a(libc_a-mprec.o)
                0x080084cc                _Balloc
 .text._Bfree   0x0800854c       0x44 /Applications/ArmGNUToolchain/12.2.mpacbti-rel1/arm-none-eabi/bin/../lib/gcc/arm-none-eabi/12.2.1/../../../../arm-none-eabi/lib/thumb/v7e-m+fp/hard/libc_nano.a(libc_a-mprec.o)
                0x0800854c                _Bfree
 .text.__multadd
                0x08008590       0x8c /Applications/ArmGNUToolchain/12.2.mpacbti-rel1/arm-none-eabi/bin/../lib/gcc/arm-none-eabi/12.2.1/../../../../arm-none-eabi/lib/thumb/v7e-m+fp/hard/libc_nano.a(libc_a-mprec.o)
                0x08008590                __multadd
 .text.__hi0bits
                0x0800861c       0x44 /Applications/ArmGNUToolchain/12.2.mpacbti-rel1/arm-none-eabi/bin/../lib/gcc/arm-none-eabi/12.2.1/../../../../arm-none-eabi/lib/thumb/v7e-m+fp/hard/libc_nano.a(libc_a-mprec.o)
                0x0800861c                __hi0bits
 .text.__lo0bits
                0x08008660       0x5a /Applications/ArmGNUToolchain/12.2.mpacbti-rel1/arm-none-eabi/bin/../lib/gcc/arm-none-eabi/12.2.1/../../../../arm-none-eabi/lib/thumb/v7e-m+fp/hard/libc_nano.a(libc_a-mprec.o)
                0x08008660                __lo0bits
 *fill*         0x080086ba        0x2 
 .text.__i2b    0x080086bc       0x2c /Applications/ArmGNUToolchain/12.2.mpacbti-rel1/arm-none-eabi/bin/../lib/gcc/arm-none-eabi/12.2.1/../../../../arm-none-eabi/lib/thumb/v7e-m+fp/hard/libc_nano.a(libc_a-mprec.o)
                0x080086bc                __i2b
 .text.__multiply
                0x080086e8      0x154 /Applications/ArmGNUToolchain/12.2.mpacbti-rel1/arm-none-eabi/bin/../lib/gcc/arm-none-eabi/12.2.1/../../../../arm-none-eabi/lib/thumb/v7e-m+fp/hard/libc_nano.a(libc_a-mprec.o)
                0x080086e8                __multiply
 .text.__pow5mult
                0x0800883c       0xb4 /Applications/ArmGNUToolchain/12.2.mpacbti-rel1/arm-none-eabi/bin/../lib/gcc/arm-none-eabi/12.2.1/../../../../arm-none-eabi/lib/thumb/v7e-m+fp/hard/libc_nano.a(libc_a-mprec.o)
                0x0800883c                __pow5mult
 .text.__lshift
                0x080088f0       0xd8 /Applications/ArmGNUToolchain/12.2.mpacbti-rel1/arm-none-eabi/bin/../lib/gcc/arm-none-eabi/12.2.1/../../../../arm-none-eabi/lib/thumb/v7e-m+fp/hard/libc_nano.a(libc_a-mprec.o)
                0x080088f0                __lshift
 .text.__mcmp   0x080089c8       0x36 /Applications/ArmGNUToolchain/12.2.mpacbti-rel1/arm-none-eabi/bin/../lib/gcc/arm-none-eabi/12.2.1/../../../../arm-none-eabi/lib/thumb/v7e-m+fp/hard/libc_nano.a(libc_a-mprec.o)
                0x080089c8                __mcmp
 *fill*         0x080089fe        0x2 
 .text.__mdiff  0x08008a00      0x128 /Applications/ArmGNUToolchain/12.2.mpacbti-rel1/arm-none-eabi/bin/../lib/gcc/arm-none-eabi/12.2.1/../../../../arm-none-eabi/lib/thumb/v7e-m+fp/hard/libc_nano.a(libc_a-mprec.o)
                0x08008a00                __mdiff
 .text.__d2b    0x08008b28       0xb0 /Applications/ArmGNUToolchain/12.2.mpacbti-rel1/arm-none-eabi/bin/../lib/gcc/arm-none-eabi/12.2.1/../../../../arm-none-eabi/lib/thumb/v7e-m+fp/hard/libc_nano.a(libc_a-mprec.o)
                0x08008b28                __d2b
 .text.__sread  0x08008bd8       0x22 /Applications/ArmGNUToolchain/12.2.mpacbti-rel1/arm-none-eabi/bin/../lib/gcc/arm-none-eabi/12.2.1/../../../../arm-none-eabi/lib/thumb/v7e-m+fp/hard/libc_nano.a(libc_a-stdio.o)
                0x08008bd8                __sread
 .text.__swrite
                0x08008bfa       0x38 /Applications/ArmGNUToolchain/12.2.mpacbti-rel1/arm-none-eabi/bin/../lib/gcc/arm-none-eabi/12.2.1/../../../../arm-none-eabi/lib/thumb/v7e-m+fp/hard/libc_nano.a(libc_a-stdio.o)
                0x08008bfa                __swrite
 .text.__sseek  0x08008c32       0x24 /Applications/ArmGNUToolchain/12.2.mpacbti-rel1/arm-none-eabi/bin/../lib/gcc/arm-none-eabi/12.2.1/../../../../arm-none-eabi/lib/thumb/v7e-m+fp/hard/libc_nano.a(libc_a-stdio.o)
                0x08008c32                __sseek
 .text.__sclose
                0x08008c56        0x8 /Applications/ArmGNUToolchain/12.2.mpacbti-rel1/arm-none-eabi/bin/../lib/gcc/arm-none-eabi/12.2.1/../../../../arm-none-eabi/lib/thumb/v7e-m+fp/hard/libc_nano.a(libc_a-stdio.o)
                0x08008c56                __sclose
 .text._vsnprintf_r
                0x08008c5e       0x56 /Applications/ArmGNUToolchain/12.2.mpacbti-rel1/arm-none-eabi/bin/../lib/gcc/arm-none-eabi/12.2.1/../../../../arm-none-eabi/lib/thumb/v7e-m+fp/hard/libc_nano.a(libc_a-vsnprintf.o)
                0x08008c5e                _vsnprintf_r
                0x08008c5e                _vsniprintf_r
 .text.vsnprintf
                0x08008cb4       0x1c /Applications/ArmGNUToolchain/12.2.mpacbti-rel1/arm-none-eabi/bin/../lib/gcc/arm-none-eabi/12.2.1/../../../../arm-none-eabi/lib/thumb/v7e-m+fp/hard/libc_nano.a(libc_a-vsnprintf.o)
                0x08008cb4                vsnprintf
                0x08008cb4                vsniprintf
 .text._vsprintf_r
                0x08008cd0       0x2c /Applications/ArmGNUToolchain/12.2.mpacbti-rel1/arm-none-eabi/bin/../lib/gcc/arm-none-eabi/12.2.1/../../../../arm-none-eabi/lib/thumb/v7e-m+fp/hard/libc_nano.a(libc_a-vsprintf.o)
                0x08008cd0                _vsiprintf_r
                0x08008cd0                _vsprintf_r
 .text.vsprintf
                0x08008cfc       0x14 /Applications/ArmGNUToolchain/12.2.mpacbti-rel1/arm-none-eabi/bin/../lib/gcc/arm-none-eabi/12.2.1/../../../../arm-none-eabi/lib/thumb/v7e-m+fp/hard/libc_nano.a(libc_a-vsprintf.o)
                0x08008cfc                vsprintf
                0x08008cfc                vsiprintf
 .text._close_r
                0x08008d10       0x20 /Applications/ArmGNUToolchain/12.2.mpacbti-rel1/arm-none-eabi/bin/../lib/gcc/arm-none-eabi/12.2.1/../../../../arm-none-eabi/lib/thumb/v7e-m+fp/hard/libc_nano.a(libc_a-closer.o)
                0x08008d10                _close_r
 .text._lseek_r
                0x08008d30       0x24 /Applications/ArmGNUToolchain/12.2.mpacbti-rel1/arm-none-eabi/bin/../lib/gcc/arm-none-eabi/12.2.1/../../../../arm-none-eabi/lib/thumb/v7e-m+fp/hard/libc_nano.a(libc_a-lseekr.o)
                0x08008d30                _lseek_r
 .text._read_r  0x08008d54       0x24 /Applications/ArmGNUToolchain/12.2.mpacbti-rel1/arm-none-eabi/bin/../lib/gcc/arm-none-eabi/12.2.1/../../../../arm-none-eabi/lib/thumb/v7e-m+fp/hard/libc_nano.a(libc_a-readr.o)
                0x08008d54                _read_r
 .text._sbrk_r  0x08008d78       0x20 /Applications/ArmGNUToolchain/12.2.mpacbti-rel1/arm-none-eabi/bin/../lib/gcc/arm-none-eabi/12.2.1/../../../../arm-none-eabi/lib/thumb/v7e-m+fp/hard/libc_nano.a(libc_a-sbrkr.o)
                0x08008d78                _sbrk_r
 .text._write_r
                0x08008d98       0x24 /Applications/ArmGNUToolchain/12.2.mpacbti-rel1/arm-none-eabi/bin/../lib/gcc/arm-none-eabi/12.2.1/../../../../arm-none-eabi/lib/thumb/v7e-m+fp/hard/libc_nano.a(libc_a-writer.o)
                0x08008d98                _write_r
 .text.__chk_fail
                0x08008dbc       0x48 /Applications/ArmGNUToolchain/12.2.mpacbti-rel1/arm-none-eabi/bin/../lib/gcc/arm-none-eabi/12.2.1/../../../../arm-none-eabi/lib/thumb/v7e-m+fp/hard/libc_nano.a(libc_a-chk_fail.o)
                0x08008dbc                __chk_fail
 .text.__assert_func
                0x08008e04       0x3c /Applications/ArmGNUToolchain/12.2.mpacbti-rel1/arm-none-eabi/bin/../lib/gcc/arm-none-eabi/12.2.1/../../../../arm-none-eabi/lib/thumb/v7e-m+fp/hard/libc_nano.a(libc_a-assert.o)
                0x08008e04                __assert_func
 .text._calloc_r
                0x08008e40       0x28 /Applications/ArmGNUToolchain/12.2.mpacbti-rel1/arm-none-eabi/bin/../lib/gcc/arm-none-eabi/12.2.1/../../../../arm-none-eabi/lib/thumb/v7e-m+fp/hard/libc_nano.a(libc_a-callocr.o)
                0x08008e40                _calloc_r
 .text._free_r  0x08008e68       0x94 /Applications/ArmGNUToolchain/12.2.mpacbti-rel1/arm-none-eabi/bin/../lib/gcc/arm-none-eabi/12.2.1/../../../../arm-none-eabi/lib/thumb/v7e-m+fp/hard/libc_nano.a(libc_a-freer.o)
                0x08008e68                _free_r
 .text.__ssputs_r
                0x08008efc       0xb6 /Applications/ArmGNUToolchain/12.2.mpacbti-rel1/arm-none-eabi/bin/../lib/gcc/arm-none-eabi/12.2.1/../../../../arm-none-eabi/lib/thumb/v7e-m+fp/hard/libc_nano.a(libc_a-nano-svfprintf.o)
                0x08008efc                __ssputs_r
 *fill*         0x08008fb2        0x2 
 .text._svfprintf_r
                0x08008fb4      0x1f8 /Applications/ArmGNUToolchain/12.2.mpacbti-rel1/arm-none-eabi/bin/../lib/gcc/arm-none-eabi/12.2.1/../../../../arm-none-eabi/lib/thumb/v7e-m+fp/hard/libc_nano.a(libc_a-nano-svfprintf.o)
                0x08008fb4                _svfprintf_r
                0x08008fb4                _svfiprintf_r
 .text.__ascii_mbtowc
                0x080091ac       0x24 /Applications/ArmGNUToolchain/12.2.mpacbti-rel1/arm-none-eabi/bin/../lib/gcc/arm-none-eabi/12.2.1/../../../../arm-none-eabi/lib/thumb/v7e-m+fp/hard/libc_nano.a(libc_a-mbtowc_r.o)
                0x080091ac                __ascii_mbtowc
 .text.fprintf  0x080091d0       0x24 /Applications/ArmGNUToolchain/12.2.mpacbti-rel1/arm-none-eabi/bin/../lib/gcc/arm-none-eabi/12.2.1/../../../../arm-none-eabi/lib/thumb/v7e-m+fp/hard/libc_nano.a(libc_a-fprintf.o)
                0x080091d0                fprintf
                0x080091d0                fiprintf
 .text._realloc_r
                0x080091f4       0x5c /Applications/ArmGNUToolchain/12.2.mpacbti-rel1/arm-none-eabi/bin/../lib/gcc/arm-none-eabi/12.2.1/../../../../arm-none-eabi/lib/thumb/v7e-m+fp/hard/libc_nano.a(libc_a-reallocr.o)
                0x080091f4                _realloc_r
 .text.__ascii_wctomb
                0x08009250       0x1a /Applications/ArmGNUToolchain/12.2.mpacbti-rel1/arm-none-eabi/bin/../lib/gcc/arm-none-eabi/12.2.1/../../../../arm-none-eabi/lib/thumb/v7e-m+fp/hard/libc_nano.a(libc_a-wctomb_r.o)
                0x08009250                __ascii_wctomb
 .text._raise_r
                0x0800926a       0x50 /Applications/ArmGNUToolchain/12.2.mpacbti-rel1/arm-none-eabi/bin/../lib/gcc/arm-none-eabi/12.2.1/../../../../arm-none-eabi/lib/thumb/v7e-m+fp/hard/libc_nano.a(libc_a-signal.o)
                0x0800926a                _raise_r
 *fill*         0x080092ba        0x2 
 .text.raise    0x080092bc       0x10 /Applications/ArmGNUToolchain/12.2.mpacbti-rel1/arm-none-eabi/bin/../lib/gcc/arm-none-eabi/12.2.1/../../../../arm-none-eabi/lib/thumb/v7e-m+fp/hard/libc_nano.a(libc_a-signal.o)
                0x080092bc                raise
 .text._kill_r  0x080092cc       0x24 /Applications/ArmGNUToolchain/12.2.mpacbti-rel1/arm-none-eabi/bin/../lib/gcc/arm-none-eabi/12.2.1/../../../../arm-none-eabi/lib/thumb/v7e-m+fp/hard/libc_nano.a(libc_a-signalr.o)
                0x080092cc                _kill_r
 .text._getpid_r
                0x080092f0        0x4 /Applications/ArmGNUToolchain/12.2.mpacbti-rel1/arm-none-eabi/bin/../lib/gcc/arm-none-eabi/12.2.1/../../../../arm-none-eabi/lib/thumb/v7e-m+fp/hard/libc_nano.a(libc_a-signalr.o)
                0x080092f0                _getpid_r
 .text.write    0x080092f4       0x14 /Applications/ArmGNUToolchain/12.2.mpacbti-rel1/arm-none-eabi/bin/../lib/gcc/arm-none-eabi/12.2.1/../../../../arm-none-eabi/lib/thumb/v7e-m+fp/hard/libc_nano.a(libc_a-syswrite.o)
                0x080092f4                write
 .text.abort    0x08009308        0xe /Applications/ArmGNUToolchain/12.2.mpacbti-rel1/arm-none-eabi/bin/../lib/gcc/arm-none-eabi/12.2.1/../../../../arm-none-eabi/lib/thumb/v7e-m+fp/hard/libc_nano.a(libc_a-abort.o)
                0x08009308                abort
 .text.__sfputc_r
                0x08009316       0x2e /Applications/ArmGNUToolchain/12.2.mpacbti-rel1/arm-none-eabi/bin/../lib/gcc/arm-none-eabi/12.2.1/../../../../arm-none-eabi/lib/thumb/v7e-m+fp/hard/libc_nano.a(libc_a-nano-vfprintf.o)
 .text.__sfputs_r
                0x08009344       0x24 /Applications/ArmGNUToolchain/12.2.mpacbti-rel1/arm-none-eabi/bin/../lib/gcc/arm-none-eabi/12.2.1/../../../../arm-none-eabi/lib/thumb/v7e-m+fp/hard/libc_nano.a(libc_a-nano-vfprintf.o)
                0x08009344                __sfputs_r
 .text._vfprintf_r
                0x08009368      0x230 /Applications/ArmGNUToolchain/12.2.mpacbti-rel1/arm-none-eabi/bin/../lib/gcc/arm-none-eabi/12.2.1/../../../../arm-none-eabi/lib/thumb/v7e-m+fp/hard/libc_nano.a(libc_a-nano-vfprintf.o)
                0x08009368                _vfiprintf_r
                0x08009368                _vfprintf_r
 .text._malloc_usable_size_r
                0x08009598       0x10 /Applications/ArmGNUToolchain/12.2.mpacbti-rel1/arm-none-eabi/bin/../lib/gcc/arm-none-eabi/12.2.1/../../../../arm-none-eabi/lib/thumb/v7e-m+fp/hard/libc_nano.a(libc_a-msizer.o)
                0x08009598                _malloc_usable_size_r
 .text.__swbuf_r
                0x080095a8       0x7c /Applications/ArmGNUToolchain/12.2.mpacbti-rel1/arm-none-eabi/bin/../lib/gcc/arm-none-eabi/12.2.1/../../../../arm-none-eabi/lib/thumb/v7e-m+fp/hard/libc_nano.a(libc_a-wbuf.o)
                0x080095a8                __swbuf_r
 .text.__swsetup_r
                0x08009624       0xac /Applications/ArmGNUToolchain/12.2.mpacbti-rel1/arm-none-eabi/bin/../lib/gcc/arm-none-eabi/12.2.1/../../../../arm-none-eabi/lib/thumb/v7e-m+fp/hard/libc_nano.a(libc_a-wsetup.o)
                0x08009624                __swsetup_r
 .text.__swhatbuf_r
                0x080096d0       0x4c /Applications/ArmGNUToolchain/12.2.mpacbti-rel1/arm-none-eabi/bin/../lib/gcc/arm-none-eabi/12.2.1/../../../../arm-none-eabi/lib/thumb/v7e-m+fp/hard/libc_nano.a(libc_a-makebuf.o)
                0x080096d0                __swhatbuf_r
 .text.__smakebuf_r
                0x0800971c       0x78 /Applications/ArmGNUToolchain/12.2.mpacbti-rel1/arm-none-eabi/bin/../lib/gcc/arm-none-eabi/12.2.1/../../../../arm-none-eabi/lib/thumb/v7e-m+fp/hard/libc_nano.a(libc_a-makebuf.o)
                0x0800971c                __smakebuf_r
 .text._fstat_r
                0x08009794       0x24 /Applications/ArmGNUToolchain/12.2.mpacbti-rel1/arm-none-eabi/bin/../lib/gcc/arm-none-eabi/12.2.1/../../../../arm-none-eabi/lib/thumb/v7e-m+fp/hard/libc_nano.a(libc_a-fstatr.o)
                0x08009794                _fstat_r
 .text._isatty_r
                0x080097b8       0x20 /Applications/ArmGNUToolchain/12.2.mpacbti-rel1/arm-none-eabi/bin/../lib/gcc/arm-none-eabi/12.2.1/../../../../arm-none-eabi/lib/thumb/v7e-m+fp/hard/libc_nano.a(libc_a-isattyr.o)
                0x080097b8                _isatty_r
 .text.asin     0x080097d8       0x68 /Applications/ArmGNUToolchain/12.2.mpacbti-rel1/arm-none-eabi/bin/../lib/gcc/arm-none-eabi/12.2.1/../../../../arm-none-eabi/lib/thumb/v7e-m+fp/hard/libm.a(libm_a-w_asin.o)
                0x080097d8                asin
 .text.atan2    0x08009840        0x4 /Applications/ArmGNUToolchain/12.2.mpacbti-rel1/arm-none-eabi/bin/../lib/gcc/arm-none-eabi/12.2.1/../../../../arm-none-eabi/lib/thumb/v7e-m+fp/hard/libm.a(libm_a-w_atan2.o)
                0x08009840                atan2
 *fill*         0x08009844        0x4 
 .text.__ieee754_asin
                0x08009848      0x484 /Applications/ArmGNUToolchain/12.2.mpacbti-rel1/arm-none-eabi/bin/../lib/gcc/arm-none-eabi/12.2.1/../../../../arm-none-eabi/lib/thumb/v7e-m+fp/hard/libm.a(libm_a-e_asin.o)
                0x08009848                __ieee754_asin
 *fill*         0x08009ccc        0x4 
 .text.__ieee754_atan2
                0x08009cd0      0x1ac /Applications/ArmGNUToolchain/12.2.mpacbti-rel1/arm-none-eabi/bin/../lib/gcc/arm-none-eabi/12.2.1/../../../../arm-none-eabi/lib/thumb/v7e-m+fp/hard/libm.a(libm_a-e_atan2.o)
                0x08009cd0                __ieee754_atan2
 *fill*         0x08009e7c        0x4 
 .text.atan     0x08009e80      0x328 /Applications/ArmGNUToolchain/12.2.mpacbti-rel1/arm-none-eabi/bin/../lib/gcc/arm-none-eabi/12.2.1/../../../../arm-none-eabi/lib/thumb/v7e-m+fp/hard/libm.a(libm_a-s_atan.o)
                0x08009e80                atan
 .text.fabs     0x0800a1a8       0x10 /Applications/ArmGNUToolchain/12.2.mpacbti-rel1/arm-none-eabi/bin/../lib/gcc/arm-none-eabi/12.2.1/../../../../arm-none-eabi/lib/thumb/v7e-m+fp/hard/libm.a(libm_a-s_fabs.o)
                0x0800a1a8                fabs
 .text.__ieee754_sqrt
                0x0800a1b8      0x1f4 /Applications/ArmGNUToolchain/12.2.mpacbti-rel1/arm-none-eabi/bin/../lib/gcc/arm-none-eabi/12.2.1/../../../../arm-none-eabi/lib/thumb/v7e-m+fp/hard/libm.a(libm_a-e_sqrt.o)
                0x0800a1b8                __ieee754_sqrt
 *fill*         0x0800a3ac        0x4 
 .text.nan      0x0800a3b0       0x10 /Applications/ArmGNUToolchain/12.2.mpacbti-rel1/arm-none-eabi/bin/../lib/gcc/arm-none-eabi/12.2.1/../../../../arm-none-eabi/lib/thumb/v7e-m+fp/hard/libm.a(libm_a-s_nan.o)
                0x0800a3b0                nan
 .text._close   0x0800a3c0       0x10 /Applications/ArmGNUToolchain/12.2.mpacbti-rel1/arm-none-eabi/bin/../lib/gcc/arm-none-eabi/12.2.1/../../../../arm-none-eabi/lib/thumb/v7e-m+fp/hard/libnosys.a(close.o)
                0x0800a3c0                _close
 .text._fstat   0x0800a3d0       0x10 /Applications/ArmGNUToolchain/12.2.mpacbti-rel1/arm-none-eabi/bin/../lib/gcc/arm-none-eabi/12.2.1/../../../../arm-none-eabi/lib/thumb/v7e-m+fp/hard/libnosys.a(fstat.o)
                0x0800a3d0                _fstat
 .text._getpid  0x0800a3e0       0x10 /Applications/ArmGNUToolchain/12.2.mpacbti-rel1/arm-none-eabi/bin/../lib/gcc/arm-none-eabi/12.2.1/../../../../arm-none-eabi/lib/thumb/v7e-m+fp/hard/libnosys.a(getpid.o)
                0x0800a3e0                _getpid
 .text._isatty  0x0800a3f0       0x10 /Applications/ArmGNUToolchain/12.2.mpacbti-rel1/arm-none-eabi/bin/../lib/gcc/arm-none-eabi/12.2.1/../../../../arm-none-eabi/lib/thumb/v7e-m+fp/hard/libnosys.a(isatty.o)
                0x0800a3f0                _isatty
 .text._kill    0x0800a400       0x10 /Applications/ArmGNUToolchain/12.2.mpacbti-rel1/arm-none-eabi/bin/../lib/gcc/arm-none-eabi/12.2.1/../../../../arm-none-eabi/lib/thumb/v7e-m+fp/hard/libnosys.a(kill.o)
                0x0800a400                _kill
 .text._lseek   0x0800a410       0x10 /Applications/ArmGNUToolchain/12.2.mpacbti-rel1/arm-none-eabi/bin/../lib/gcc/arm-none-eabi/12.2.1/../../../../arm-none-eabi/lib/thumb/v7e-m+fp/hard/libnosys.a(lseek.o)
                0x0800a410                _lseek
 .text._read    0x0800a420       0x10 /Applications/ArmGNUToolchain/12.2.mpacbti-rel1/arm-none-eabi/bin/../lib/gcc/arm-none-eabi/12.2.1/../../../../arm-none-eabi/lib/thumb/v7e-m+fp/hard/libnosys.a(read.o)
                0x0800a420                _read
 .text._sbrk    0x0800a430       0x1c /Applications/ArmGNUToolchain/12.2.mpacbti-rel1/arm-none-eabi/bin/../lib/gcc/arm-none-eabi/12.2.1/../../../../arm-none-eabi/lib/thumb/v7e-m+fp/hard/libnosys.a(sbrk.o)
                0x0800a430                _sbrk
 .text._write   0x0800a44c       0x10 /Applications/ArmGNUToolchain/12.2.mpacbti-rel1/arm-none-eabi/bin/../lib/gcc/arm-none-eabi/12.2.1/../../../../arm-none-eabi/lib/thumb/v7e-m+fp/hard/libnosys.a(write.o)
                0x0800a44c                _write
 .text._exit    0x0800a45c        0x4 /Applications/ArmGNUToolchain/12.2.mpacbti-rel1/arm-none-eabi/bin/../lib/gcc/arm-none-eabi/12.2.1/../../../../arm-none-eabi/lib/thumb/v7e-m+fp/hard/libnosys.a(_exit.o)
                0x0800a45c                _exit
 .text.__udivmoddi4
                0x0800a460      0x2bc /Applications/ArmGNUToolchain/12.2.mpacbti-rel1/arm-none-eabi/bin/../lib/gcc/arm-none-eabi/12.2.1/thumb/v7e-m+fp/hard/libgcc.a(_udivmoddi4.o)
                0x0800a460                __udivmoddi4
 .text.__errno  0x0800a71c        0xc /Applications/ArmGNUToolchain/12.2.mpacbti-rel1/arm-none-eabi/bin/../lib/gcc/arm-none-eabi/12.2.1/../../../../arm-none-eabi/lib/thumb/v7e-m+fp/hard/libc_nano.a(libc_a-errno.o)
                0x0800a71c                __errno
 *(.glue_7)
 .glue_7        0x0800a728        0x0 linker stubs
 *(.glue_7t)
 .glue_7t       0x0800a728        0x0 linker stubs
 *(.eh_frame)
 .eh_frame      0x0800a728        0x0 /Applications/ArmGNUToolchain/12.2.mpacbti-rel1/arm-none-eabi/bin/../lib/gcc/arm-none-eabi/12.2.1/thumb/v7e-m+fp/hard/crtbegin.o
 *(.init)
 .init          0x0800a728        0x4 /Applications/ArmGNUToolchain/12.2.mpacbti-rel1/arm-none-eabi/bin/../lib/gcc/arm-none-eabi/12.2.1/thumb/v7e-m+fp/hard/crti.o
                0x0800a728                _init
 .init          0x0800a72c        0x8 /Applications/ArmGNUToolchain/12.2.mpacbti-rel1/arm-none-eabi/bin/../lib/gcc/arm-none-eabi/12.2.1/thumb/v7e-m+fp/hard/crtn.o
 *(.fini)
 .fini          0x0800a734        0x4 /Applications/ArmGNUToolchain/12.2.mpacbti-rel1/arm-none-eabi/bin/../lib/gcc/arm-none-eabi/12.2.1/thumb/v7e-m+fp/hard/crti.o
                0x0800a734                _fini
 .fini          0x0800a738        0x8 /Applications/ArmGNUToolchain/12.2.mpacbti-rel1/arm-none-eabi/bin/../lib/gcc/arm-none-eabi/12.2.1/thumb/v7e-m+fp/hard/crtn.o
                0x0800a740                        . = ALIGN (0x4)
                0x0800a740                        _etext = .

.vfp11_veneer   0x0800a740        0x0
 .vfp11_veneer  0x0800a740        0x0 linker stubs

.v4_bx          0x0800a740        0x0
 .v4_bx         0x0800a740        0x0 linker stubs

.iplt           0x0800a740        0x0
 .iplt          0x0800a740        0x0 /Applications/ArmGNUToolchain/12.2.mpacbti-rel1/arm-none-eabi/bin/../lib/gcc/arm-none-eabi/12.2.1/thumb/v7e-m+fp/hard/crtbegin.o

.rodata         0x0800a740     0x1148
                0x0800a740                        . = ALIGN (0x4)
 *(.rodata)
 *(.rodata*)
 .rodata.main.str1.4
                0x0800a740       0x22 build/main.o
 *fill*         0x0800a762        0x2 
 .rodata.UARTPrescTable
                0x0800a764       0x18 build/stm32g4xx_hal_uart.o
                0x0800a764                UARTPrescTable
 .rodata.denominator.0
                0x0800a77c        0x8 build/stm32g4xx_hal_uart_ex.o
 .rodata.numerator.1
                0x0800a784        0x8 build/stm32g4xx_hal_uart_ex.o
 .rodata.APBPrescTable
                0x0800a78c        0x8 build/system_stm32g4xx.o
                0x0800a78c                APBPrescTable
 .rodata.AHBPrescTable
                0x0800a794       0x10 build/system_stm32g4xx.o
                0x0800a794                AHBPrescTable
 .rodata.setup_compass.str1.4
                0x0800a7a4       0x14 build/inv_mpu.o
 .rodata.test   0x0800a7b8       0x30 build/inv_mpu.o
                0x0800a7b8                test
 .rodata.hw     0x0800a7e8        0xe build/inv_mpu.o
                0x0800a7e8                hw
 *fill*         0x0800a7f6        0x2 
 .rodata.reg    0x0800a7f8       0x2a build/inv_mpu.o
                0x0800a7f8                reg
 *fill*         0x0800a822        0x2 
 .rodata.dmp_set_orientation.str1.4
                0x0800a824       0x10 build/inv_mpu_dmp_motion_driver.o
 .rodata.dmp_set_fifo_rate.str1.4
                0x0800a834        0xd build/inv_mpu_dmp_motion_driver.o
 *fill*         0x0800a841        0x3 
 .rodata.dmp_enable_gyro_cal.str1.4
                0x0800a844       0x16 build/inv_mpu_dmp_motion_driver.o
 *fill*         0x0800a85a        0x2 
 .rodata.dmp_memory
                0x0800a85c      0xbf6 build/inv_mpu_dmp_motion_driver.o
 .rodata._printf_float.str1.1
                0x0800b452       0x12 /Applications/ArmGNUToolchain/12.2.mpacbti-rel1/arm-none-eabi/bin/../lib/gcc/arm-none-eabi/12.2.1/../../../../arm-none-eabi/lib/thumb/v7e-m+fp/hard/libc_nano.a(libc_a-nano-vfprintf_float.o)
 .rodata._printf_i.str1.1
                0x0800b464       0x22 /Applications/ArmGNUToolchain/12.2.mpacbti-rel1/arm-none-eabi/bin/../lib/gcc/arm-none-eabi/12.2.1/../../../../arm-none-eabi/lib/thumb/v7e-m+fp/hard/libc_nano.a(libc_a-nano-vfprintf_i.o)
 .rodata._dtoa_r.str1.1
                0x0800b486       0x9e /Applications/ArmGNUToolchain/12.2.mpacbti-rel1/arm-none-eabi/bin/../lib/gcc/arm-none-eabi/12.2.1/../../../../arm-none-eabi/lib/thumb/v7e-m+fp/hard/libc_nano.a(libc_a-dtoa.o)
                                 0xa0 (size before relaxing)
 .rodata._Balloc.str1.1
                0x0800b524       0x6a /Applications/ArmGNUToolchain/12.2.mpacbti-rel1/arm-none-eabi/bin/../lib/gcc/arm-none-eabi/12.2.1/../../../../arm-none-eabi/lib/thumb/v7e-m+fp/hard/libc_nano.a(libc_a-mprec.o)
                                 0x81 (size before relaxing)
 .rodata.__multadd.str1.1
                0x0800b58e       0x11 /Applications/ArmGNUToolchain/12.2.mpacbti-rel1/arm-none-eabi/bin/../lib/gcc/arm-none-eabi/12.2.1/../../../../arm-none-eabi/lib/thumb/v7e-m+fp/hard/libc_nano.a(libc_a-mprec.o)
 *fill*         0x0800b58e        0x2 
 .rodata.p05.0  0x0800b590        0xc /Applications/ArmGNUToolchain/12.2.mpacbti-rel1/arm-none-eabi/bin/../lib/gcc/arm-none-eabi/12.2.1/../../../../arm-none-eabi/lib/thumb/v7e-m+fp/hard/libc_nano.a(libc_a-mprec.o)
 *fill*         0x0800b59c        0x4 
 .rodata.__mprec_bigtens
                0x0800b5a0       0x28 /Applications/ArmGNUToolchain/12.2.mpacbti-rel1/arm-none-eabi/bin/../lib/gcc/arm-none-eabi/12.2.1/../../../../arm-none-eabi/lib/thumb/v7e-m+fp/hard/libc_nano.a(libc_a-mprec.o)
                0x0800b5a0                __mprec_bigtens
 .rodata.__mprec_tens
                0x0800b5c8       0xc8 /Applications/ArmGNUToolchain/12.2.mpacbti-rel1/arm-none-eabi/bin/../lib/gcc/arm-none-eabi/12.2.1/../../../../arm-none-eabi/lib/thumb/v7e-m+fp/hard/libc_nano.a(libc_a-mprec.o)
                0x0800b5c8                __mprec_tens
 .rodata._setlocale_r.str1.1
                0x0800b690        0x8 /Applications/ArmGNUToolchain/12.2.mpacbti-rel1/arm-none-eabi/bin/../lib/gcc/arm-none-eabi/12.2.1/../../../../arm-none-eabi/lib/thumb/v7e-m+fp/hard/libc_nano.a(libc_a-locale.o)
                                  0x9 (size before relaxing)
 .rodata.str1.1
                0x0800b698        0x2 /Applications/ArmGNUToolchain/12.2.mpacbti-rel1/arm-none-eabi/bin/../lib/gcc/arm-none-eabi/12.2.1/../../../../arm-none-eabi/lib/thumb/v7e-m+fp/hard/libc_nano.a(libc_a-locale.o)
 .rodata.__chk_fail.str1.1
                0x0800b69a       0x2e /Applications/ArmGNUToolchain/12.2.mpacbti-rel1/arm-none-eabi/bin/../lib/gcc/arm-none-eabi/12.2.1/../../../../arm-none-eabi/lib/thumb/v7e-m+fp/hard/libc_nano.a(libc_a-chk_fail.o)
 .rodata._ctype_
                0x0800b6c8      0x101 /Applications/ArmGNUToolchain/12.2.mpacbti-rel1/arm-none-eabi/bin/../lib/gcc/arm-none-eabi/12.2.1/../../../../arm-none-eabi/lib/thumb/v7e-m+fp/hard/libc_nano.a(libc_a-ctype_.o)
                0x0800b6c8                _ctype_
 .rodata.__assert_func.str1.1
                0x0800b7c9       0x3c /Applications/ArmGNUToolchain/12.2.mpacbti-rel1/arm-none-eabi/bin/../lib/gcc/arm-none-eabi/12.2.1/../../../../arm-none-eabi/lib/thumb/v7e-m+fp/hard/libc_nano.a(libc_a-assert.o)
                                 0x3d (size before relaxing)
 .rodata._svfprintf_r.str1.1
                0x0800b805       0x11 /Applications/ArmGNUToolchain/12.2.mpacbti-rel1/arm-none-eabi/bin/../lib/gcc/arm-none-eabi/12.2.1/../../../../arm-none-eabi/lib/thumb/v7e-m+fp/hard/libc_nano.a(libc_a-nano-svfprintf.o)
 .rodata._vfprintf_r.str1.1
                0x0800b816       0x11 /Applications/ArmGNUToolchain/12.2.mpacbti-rel1/arm-none-eabi/bin/../lib/gcc/arm-none-eabi/12.2.1/../../../../arm-none-eabi/lib/thumb/v7e-m+fp/hard/libc_nano.a(libc_a-nano-vfprintf.o)
 .rodata.asin.str1.4
                0x0800b816       0x16 /Applications/ArmGNUToolchain/12.2.mpacbti-rel1/arm-none-eabi/bin/../lib/gcc/arm-none-eabi/12.2.1/../../../../arm-none-eabi/lib/thumb/v7e-m+fp/hard/libm.a(libm_a-w_asin.o)
                                  0x1 (size before relaxing)
 *fill*         0x0800b816        0x2 
 .rodata.CSWTCH.9
                0x0800b818       0x18 /Applications/ArmGNUToolchain/12.2.mpacbti-rel1/arm-none-eabi/bin/../lib/gcc/arm-none-eabi/12.2.1/../../../../arm-none-eabi/lib/thumb/v7e-m+fp/hard/libm.a(libm_a-e_atan2.o)
 .rodata.CSWTCH.8
                0x0800b830       0x18 /Applications/ArmGNUToolchain/12.2.mpacbti-rel1/arm-none-eabi/bin/../lib/gcc/arm-none-eabi/12.2.1/../../../../arm-none-eabi/lib/thumb/v7e-m+fp/hard/libm.a(libm_a-e_atan2.o)
 .rodata.atanlo
                0x0800b848       0x20 /Applications/ArmGNUToolchain/12.2.mpacbti-rel1/arm-none-eabi/bin/../lib/gcc/arm-none-eabi/12.2.1/../../../../arm-none-eabi/lib/thumb/v7e-m+fp/hard/libm.a(libm_a-s_atan.o)
 .rodata.atanhi
                0x0800b868       0x20 /Applications/ArmGNUToolchain/12.2.mpacbti-rel1/arm-none-eabi/bin/../lib/gcc/arm-none-eabi/12.2.1/../../../../arm-none-eabi/lib/thumb/v7e-m+fp/hard/libm.a(libm_a-s_atan.o)
                0x0800b888                        . = ALIGN (0x4)

.ARM.extab
 *(.ARM.extab* .gnu.linkonce.armextab.*)

.ARM            0x0800b888        0x8
                0x0800b888                        __exidx_start = .
 *(.ARM.exidx*)
 .ARM.exidx     0x0800b888        0x8 /Applications/ArmGNUToolchain/12.2.mpacbti-rel1/arm-none-eabi/bin/../lib/gcc/arm-none-eabi/12.2.1/../../../../arm-none-eabi/lib/thumb/v7e-m+fp/hard/libc_nano.a(libc_a-memchr.o)
 .ARM.exidx     0x0800b890        0x0 /Applications/ArmGNUToolchain/12.2.mpacbti-rel1/arm-none-eabi/bin/../lib/gcc/arm-none-eabi/12.2.1/../../../../arm-none-eabi/lib/thumb/v7e-m+fp/hard/libc_nano.a(libc_a-strlen.o)
                                  0x8 (size before relaxing)
 .ARM.exidx.text.__udivmoddi4
                0x0800b890        0x0 /Applications/ArmGNUToolchain/12.2.mpacbti-rel1/arm-none-eabi/bin/../lib/gcc/arm-none-eabi/12.2.1/thumb/v7e-m+fp/hard/libgcc.a(_udivmoddi4.o)
                                  0x8 (size before relaxing)
                0x0800b890                        __exidx_end = .

.rel.dyn        0x0800b890        0x0
 .rel.iplt      0x0800b890        0x0 /Applications/ArmGNUToolchain/12.2.mpacbti-rel1/arm-none-eabi/bin/../lib/gcc/arm-none-eabi/12.2.1/thumb/v7e-m+fp/hard/crtbegin.o

.preinit_array  0x0800b890        0x0
                0x0800b890                        PROVIDE (__preinit_array_start = .)
 *(.preinit_array*)
                0x0800b890                        PROVIDE (__preinit_array_end = .)

.init_array     0x0800b890        0x4
                0x0800b890                        PROVIDE (__init_array_start = .)
 *(SORT_BY_NAME(.init_array.*))
 *(.init_array*)
 .init_array    0x0800b890        0x4 /Applications/ArmGNUToolchain/12.2.mpacbti-rel1/arm-none-eabi/bin/../lib/gcc/arm-none-eabi/12.2.1/thumb/v7e-m+fp/hard/crtbegin.o
                0x0800b894                        PROVIDE (__init_array_end = .)

.fini_array     0x0800b894        0x4
                [!provide]                        PROVIDE (__fini_array_start = .)
 *(SORT_BY_NAME(.fini_array.*))
 *(.fini_array*)
 .fini_array    0x0800b894        0x4 /Applications/ArmGNUToolchain/12.2.mpacbti-rel1/arm-none-eabi/bin/../lib/gcc/arm-none-eabi/12.2.1/thumb/v7e-m+fp/hard/crtbegin.o
                [!provide]                        PROVIDE (__fini_array_end = .)
                0x0800b898                        _sidata = LOADADDR (.data)

.data           0x20000000      0x228 load address 0x0800b898
                0x20000000                        . = ALIGN (0x4)
                0x20000000                        _sdata = .
 *(.data)
 *(.data*)
 .data.uwTickFreq
                0x20000000        0x4 build/stm32g4xx_hal.o
                0x20000000                uwTickFreq
 .data.uwTickPrio
                0x20000004        0x4 build/stm32g4xx_hal.o
                0x20000004                uwTickPrio
 .data.SystemCoreClock
                0x20000008        0x4 build/system_stm32g4xx.o
                0x20000008                SystemCoreClock
 .data.gyro_orientation
                0x2000000c        0x9 build/mpu9250.o
 *fill*         0x20000015        0x3 
 .data.st       0x20000018       0x38 build/inv_mpu.o
 .data.__sglue  0x20000050        0xc /Applications/ArmGNUToolchain/12.2.mpacbti-rel1/arm-none-eabi/bin/../lib/gcc/arm-none-eabi/12.2.1/../../../../arm-none-eabi/lib/thumb/v7e-m+fp/hard/libc_nano.a(libc_a-findfp.o)
                0x20000050                __sglue
 .data._impure_ptr
                0x2000005c        0x4 /Applications/ArmGNUToolchain/12.2.mpacbti-rel1/arm-none-eabi/bin/../lib/gcc/arm-none-eabi/12.2.1/../../../../arm-none-eabi/lib/thumb/v7e-m+fp/hard/libc_nano.a(libc_a-impure.o)
                0x2000005c                _impure_ptr
 .data._impure_data
                0x20000060       0x4c /Applications/ArmGNUToolchain/12.2.mpacbti-rel1/arm-none-eabi/bin/../lib/gcc/arm-none-eabi/12.2.1/../../../../arm-none-eabi/lib/thumb/v7e-m+fp/hard/libc_nano.a(libc_a-impure.o)
                0x20000060                _impure_data
 .data.__global_locale
                0x200000ac      0x16c /Applications/ArmGNUToolchain/12.2.mpacbti-rel1/arm-none-eabi/bin/../lib/gcc/arm-none-eabi/12.2.1/../../../../arm-none-eabi/lib/thumb/v7e-m+fp/hard/libc_nano.a(libc_a-locale.o)
                0x200000ac                __global_locale
 .data.tiny     0x20000218        0x8 /Applications/ArmGNUToolchain/12.2.mpacbti-rel1/arm-none-eabi/bin/../lib/gcc/arm-none-eabi/12.2.1/../../../../arm-none-eabi/lib/thumb/v7e-m+fp/hard/libm.a(libm_a-e_sqrt.o)
 .data.one      0x20000220        0x8 /Applications/ArmGNUToolchain/12.2.mpacbti-rel1/arm-none-eabi/bin/../lib/gcc/arm-none-eabi/12.2.1/../../../../arm-none-eabi/lib/thumb/v7e-m+fp/hard/libm.a(libm_a-e_sqrt.o)
                0x20000228                        . = ALIGN (0x4)
                0x20000228                        _edata = .

.tm_clone_table
                0x20000228        0x0 load address 0x0800bac0
 .tm_clone_table
                0x20000228        0x0 /Applications/ArmGNUToolchain/12.2.mpacbti-rel1/arm-none-eabi/bin/../lib/gcc/arm-none-eabi/12.2.1/thumb/v7e-m+fp/hard/crtbegin.o
 .tm_clone_table
                0x20000228        0x0 /Applications/ArmGNUToolchain/12.2.mpacbti-rel1/arm-none-eabi/bin/../lib/gcc/arm-none-eabi/12.2.1/thumb/v7e-m+fp/hard/crtend.o

.igot.plt       0x20000228        0x0 load address 0x0800bac0
 .igot.plt      0x20000228        0x0 /Applications/ArmGNUToolchain/12.2.mpacbti-rel1/arm-none-eabi/bin/../lib/gcc/arm-none-eabi/12.2.1/thumb/v7e-m+fp/hard/crtbegin.o
                0x20000228                        . = ALIGN (0x4)

.bss            0x20000228      0x480 load address 0x0800bac0
                0x20000228                        _sbss = .
                0x20000228                        __bss_start__ = _sbss
 *(.bss)
 *(.bss*)
 .bss.completed.1
                0x20000228        0x1 /Applications/ArmGNUToolchain/12.2.mpacbti-rel1/arm-none-eabi/bin/../lib/gcc/arm-none-eabi/12.2.1/thumb/v7e-m+fp/hard/crtbegin.o
 *fill*         0x20000229        0x3 
 .bss.object.0  0x2000022c       0x18 /Applications/ArmGNUToolchain/12.2.mpacbti-rel1/arm-none-eabi/bin/../lib/gcc/arm-none-eabi/12.2.1/thumb/v7e-m+fp/hard/crtbegin.o
 .bss.angle     0x20000244        0x4 build/main.o
                0x20000244                angle
 .bss.printf_buff
                0x20000248      0x100 build/main.o
 .bss.huart1    0x20000348       0xcc build/usart.o
                0x20000348                huart1
 .bss.uwTick    0x20000414        0x4 build/stm32g4xx_hal.o
                0x20000414                uwTick
 .bss.htim6     0x20000418       0x4c build/tim.o
                0x20000418                htim6
 .bss.htim1     0x20000464       0x4c build/tim.o
                0x20000464                htim1
 .bss.hi2c1     0x200004b0       0x54 build/i2c.o
                0x200004b0                hi2c1
 .bss.cmd_i     0x20000504        0x2 build/Cmd_Serial.o
                0x20000504                cmd_i
 *fill*         0x20000506        0x2 
 .bss.chcmd     0x20000508       0x40 build/Cmd_Serial.o
                0x20000508                chcmd
 .bss.dmp       0x20000548       0x10 build/inv_mpu_dmp_motion_driver.o
 .bss.__sf      0x20000558      0x138 /Applications/ArmGNUToolchain/12.2.mpacbti-rel1/arm-none-eabi/bin/../lib/gcc/arm-none-eabi/12.2.1/../../../../arm-none-eabi/lib/thumb/v7e-m+fp/hard/libc_nano.a(libc_a-findfp.o)
                0x20000558                __sf
 .bss.__stdio_exit_handler
                0x20000690        0x4 /Applications/ArmGNUToolchain/12.2.mpacbti-rel1/arm-none-eabi/bin/../lib/gcc/arm-none-eabi/12.2.1/../../../../arm-none-eabi/lib/thumb/v7e-m+fp/hard/libc_nano.a(libc_a-findfp.o)
                0x20000690                __stdio_exit_handler
 .bss.__lock___malloc_recursive_mutex
                0x20000694        0x1 /Applications/ArmGNUToolchain/12.2.mpacbti-rel1/arm-none-eabi/bin/../lib/gcc/arm-none-eabi/12.2.1/../../../../arm-none-eabi/lib/thumb/v7e-m+fp/hard/libc_nano.a(libc_a-lock.o)
                0x20000694                __lock___malloc_recursive_mutex
 .bss.__lock___sfp_recursive_mutex
                0x20000695        0x1 /Applications/ArmGNUToolchain/12.2.mpacbti-rel1/arm-none-eabi/bin/../lib/gcc/arm-none-eabi/12.2.1/../../../../arm-none-eabi/lib/thumb/v7e-m+fp/hard/libc_nano.a(libc_a-lock.o)
                0x20000695                __lock___sfp_recursive_mutex
 *fill*         0x20000696        0x2 
 .bss.__malloc_sbrk_start
                0x20000698        0x4 /Applications/ArmGNUToolchain/12.2.mpacbti-rel1/arm-none-eabi/bin/../lib/gcc/arm-none-eabi/12.2.1/../../../../arm-none-eabi/lib/thumb/v7e-m+fp/hard/libc_nano.a(libc_a-mallocr.o)
                0x20000698                __malloc_sbrk_start
 .bss.__malloc_free_list
                0x2000069c        0x4 /Applications/ArmGNUToolchain/12.2.mpacbti-rel1/arm-none-eabi/bin/../lib/gcc/arm-none-eabi/12.2.1/../../../../arm-none-eabi/lib/thumb/v7e-m+fp/hard/libc_nano.a(libc_a-mallocr.o)
                0x2000069c                __malloc_free_list
 .bss.errno     0x200006a0        0x4 /Applications/ArmGNUToolchain/12.2.mpacbti-rel1/arm-none-eabi/bin/../lib/gcc/arm-none-eabi/12.2.1/../../../../arm-none-eabi/lib/thumb/v7e-m+fp/hard/libc_nano.a(libc_a-reent.o)
                0x200006a0                errno
 .bss.heap_end.0
                0x200006a4        0x4 /Applications/ArmGNUToolchain/12.2.mpacbti-rel1/arm-none-eabi/bin/../lib/gcc/arm-none-eabi/12.2.1/../../../../arm-none-eabi/lib/thumb/v7e-m+fp/hard/libnosys.a(sbrk.o)
 *(COMMON)
                0x200006a8                        . = ALIGN (0x4)
                0x200006a8                        _ebss = .
                0x200006a8                        __bss_end__ = _ebss

._user_heap_stack
                0x200006a8      0x600 load address 0x0800bac0
                0x200006a8                        . = ALIGN (0x8)
                0x200006a8                        PROVIDE (end = .)
                [!provide]                        PROVIDE (_end = .)
                0x200008a8                        . = (. + _Min_Heap_Size)
 *fill*         0x200006a8      0x200 
                0x20000ca8                        . = (. + _Min_Stack_Size)
 *fill*         0x200008a8      0x400 
                0x20000ca8                        . = ALIGN (0x8)

/DISCARD/
 libc.a(*)
 libm.a(*)
 libgcc.a(*)

.ARM.attributes
                0x00000000       0x30
 *(.ARM.attributes)
 .ARM.attributes
                0x00000000       0x22 /Applications/ArmGNUToolchain/12.2.mpacbti-rel1/arm-none-eabi/bin/../lib/gcc/arm-none-eabi/12.2.1/thumb/v7e-m+fp/hard/crti.o
 .ARM.attributes
                0x00000022       0x34 /Applications/ArmGNUToolchain/12.2.mpacbti-rel1/arm-none-eabi/bin/../lib/gcc/arm-none-eabi/12.2.1/thumb/v7e-m+fp/hard/crtbegin.o
 .ARM.attributes
                0x00000056       0x34 build/main.o
 .ARM.attributes
                0x0000008a       0x34 build/gpio.o
 .ARM.attributes
                0x000000be       0x34 build/usart.o
 .ARM.attributes
                0x000000f2       0x34 build/stm32g4xx_it.o
 .ARM.attributes
                0x00000126       0x34 build/stm32g4xx_hal_msp.o
 .ARM.attributes
                0x0000015a       0x34 build/stm32g4xx_hal.o
 .ARM.attributes
                0x0000018e       0x34 build/stm32g4xx_hal_rcc.o
 .ARM.attributes
                0x000001c2       0x34 build/stm32g4xx_hal_rcc_ex.o
 .ARM.attributes
                0x000001f6       0x34 build/stm32g4xx_hal_gpio.o
 .ARM.attributes
                0x0000022a       0x34 build/stm32g4xx_hal_dma.o
 .ARM.attributes
                0x0000025e       0x34 build/stm32g4xx_hal_pwr_ex.o
 .ARM.attributes
                0x00000292       0x34 build/stm32g4xx_hal_cortex.o
 .ARM.attributes
                0x000002c6       0x34 build/stm32g4xx_hal_tim.o
 .ARM.attributes
                0x000002fa       0x34 build/stm32g4xx_hal_tim_ex.o
 .ARM.attributes
                0x0000032e       0x34 build/stm32g4xx_hal_uart.o
 .ARM.attributes
                0x00000362       0x34 build/stm32g4xx_hal_uart_ex.o
 .ARM.attributes
                0x00000396       0x34 build/system_stm32g4xx.o
 .ARM.attributes
                0x000003ca       0x34 build/tim.o
 .ARM.attributes
                0x000003fe       0x34 build/i2c.o
 .ARM.attributes
                0x00000432       0x34 build/stm32g4xx_hal_i2c.o
 .ARM.attributes
                0x00000466       0x34 build/stm32g4xx_hal_i2c_ex.o
 .ARM.attributes
                0x0000049a       0x34 build/Cmd_Serial.o
 .ARM.attributes
                0x000004ce       0x34 build/mpu9250.o
 .ARM.attributes
                0x00000502       0x34 build/inv_mpu.o
 .ARM.attributes
                0x00000536       0x34 build/inv_mpu_dmp_motion_driver.o
 .ARM.attributes
                0x0000056a       0x34 build/log_stm32.o
 .ARM.attributes
                0x0000059e       0x21 build/startup_stm32g474xx.o
 .ARM.attributes
                0x000005bf       0x34 /Applications/ArmGNUToolchain/12.2.mpacbti-rel1/arm-none-eabi/bin/../lib/gcc/arm-none-eabi/12.2.1/../../../../arm-none-eabi/lib/thumb/v7e-m+fp/hard/libc_nano.a(libc_a-nano-vfprintf_float.o)
 .ARM.attributes
                0x000005f3       0x34 /Applications/ArmGNUToolchain/12.2.mpacbti-rel1/arm-none-eabi/bin/../lib/gcc/arm-none-eabi/12.2.1/../../../../arm-none-eabi/lib/thumb/v7e-m+fp/hard/libc_nano.a(libc_a-nano-vfprintf_i.o)
 .ARM.attributes
                0x00000627       0x34 /Applications/ArmGNUToolchain/12.2.mpacbti-rel1/arm-none-eabi/bin/../lib/gcc/arm-none-eabi/12.2.1/../../../../arm-none-eabi/lib/thumb/v7e-m+fp/hard/libc_nano.a(libc_a-findfp.o)
 .ARM.attributes
                0x0000065b       0x34 /Applications/ArmGNUToolchain/12.2.mpacbti-rel1/arm-none-eabi/bin/../lib/gcc/arm-none-eabi/12.2.1/../../../../arm-none-eabi/lib/thumb/v7e-m+fp/hard/libc_nano.a(libc_a-fwalk.o)
 .ARM.attributes
                0x0000068f       0x34 /Applications/ArmGNUToolchain/12.2.mpacbti-rel1/arm-none-eabi/bin/../lib/gcc/arm-none-eabi/12.2.1/../../../../arm-none-eabi/lib/thumb/v7e-m+fp/hard/libc_nano.a(libc_a-memcmp.o)
 .ARM.attributes
                0x000006c3       0x34 /Applications/ArmGNUToolchain/12.2.mpacbti-rel1/arm-none-eabi/bin/../lib/gcc/arm-none-eabi/12.2.1/../../../../arm-none-eabi/lib/thumb/v7e-m+fp/hard/libc_nano.a(libc_a-memmove.o)
 .ARM.attributes
                0x000006f7       0x34 /Applications/ArmGNUToolchain/12.2.mpacbti-rel1/arm-none-eabi/bin/../lib/gcc/arm-none-eabi/12.2.1/../../../../arm-none-eabi/lib/thumb/v7e-m+fp/hard/libc_nano.a(libc_a-memset.o)
 .ARM.attributes
                0x0000072b       0x34 /Applications/ArmGNUToolchain/12.2.mpacbti-rel1/arm-none-eabi/bin/../lib/gcc/arm-none-eabi/12.2.1/../../../../arm-none-eabi/lib/thumb/v7e-m+fp/hard/libc_nano.a(libc_a-localeconv.o)
 .ARM.attributes
                0x0000075f       0x34 /Applications/ArmGNUToolchain/12.2.mpacbti-rel1/arm-none-eabi/bin/../lib/gcc/arm-none-eabi/12.2.1/../../../../arm-none-eabi/lib/thumb/v7e-m+fp/hard/libc_nano.a(libc_a-impure.o)
 .ARM.attributes
                0x00000793       0x34 /Applications/ArmGNUToolchain/12.2.mpacbti-rel1/arm-none-eabi/bin/../lib/gcc/arm-none-eabi/12.2.1/../../../../arm-none-eabi/lib/thumb/v7e-m+fp/hard/libc_nano.a(libc_a-init.o)
 .ARM.attributes
                0x000007c7       0x34 /Applications/ArmGNUToolchain/12.2.mpacbti-rel1/arm-none-eabi/bin/../lib/gcc/arm-none-eabi/12.2.1/../../../../arm-none-eabi/lib/thumb/v7e-m+fp/hard/libc_nano.a(libc_a-lock.o)
 .ARM.attributes
                0x000007fb       0x1c /Applications/ArmGNUToolchain/12.2.mpacbti-rel1/arm-none-eabi/bin/../lib/gcc/arm-none-eabi/12.2.1/../../../../arm-none-eabi/lib/thumb/v7e-m+fp/hard/libc_nano.a(libc_a-memchr.o)
 .ARM.attributes
                0x00000817       0x34 /Applications/ArmGNUToolchain/12.2.mpacbti-rel1/arm-none-eabi/bin/../lib/gcc/arm-none-eabi/12.2.1/../../../../arm-none-eabi/lib/thumb/v7e-m+fp/hard/libc_nano.a(libc_a-memcpy-stub.o)
 .ARM.attributes
                0x0000084b       0x17 /Applications/ArmGNUToolchain/12.2.mpacbti-rel1/arm-none-eabi/bin/../lib/gcc/arm-none-eabi/12.2.1/../../../../arm-none-eabi/lib/thumb/v7e-m+fp/hard/libc_nano.a(libc_a-strlen.o)
 .ARM.attributes
                0x00000862       0x34 /Applications/ArmGNUToolchain/12.2.mpacbti-rel1/arm-none-eabi/bin/../lib/gcc/arm-none-eabi/12.2.1/../../../../arm-none-eabi/lib/thumb/v7e-m+fp/hard/libc_nano.a(libc_a-memcpy_chk.o)
 .ARM.attributes